******************************************************************************
            TI ARM Clang Linker PC v4.0.1                      
******************************************************************************
>> Linked Sat Apr 12 18:43:45 2025

OUTPUT FILE NAME:   <i2c_controller_rw_multibyte_fifo_interrupts_LP_MSPM0C1104_nortos_ticlang.out>
ENTRY POINT SYMBOL: "_c_int00_noargs"  address: 000036cd


MEMORY CONFIGURATION

         name            origin    length      used     unused   attr    fill
----------------------  --------  ---------  --------  --------  ----  --------
  FLASH                 00000000   00004000  00003a60  000005a0  R  X
  SRAM                  20000000   00000400  00000271  0000018f  RW X
  BCR_CONFIG            41c00000   000000ff  00000000  000000ff  R   


SEGMENT ALLOCATION MAP

run origin  load origin   length   init length attrs members
----------  ----------- ---------- ----------- ----- -------
00000000    00000000    00003a60   00003a60    r-x
  00000000    00000000    000000c0   000000c0    r-- .intvecs
  000000c0    000000c0    000037f0   000037f0    r-x .text
  000038b0    000038b0    00000178   00000178    r-- .rodata
  00003a28    00003a28    00000038   00000038    r-- .cinit
20000000    20000000    00000231   00000000    rw-
  20000000    20000000    00000180   00000000    rw- .bss
  20000180    20000180    000000b1   00000000    rw- .data
200003c0    200003c0    00000040   00000000    rw-
  200003c0    200003c0    00000040   00000000    rw- .stack


SECTION ALLOCATION MAP

 output                                  attributes/
section   page    origin      length       input sections
--------  ----  ----------  ----------   ----------------
.intvecs   0    00000000    000000c0     
                  00000000    000000c0     startup_mspm0c110x_ticlang.o (.intvecs)

.text      0    000000c0    000037f0     
                  000000c0    00000644     libc.a : k_rem_pio2.c.obj (.text.__kernel_rem_pio2)
                  00000704    000003f8     common.o (.text.bma5_interface_init)
                  00000afc    00000388     main.o (.text.compute_fft)
                  00000e84    000001d4     libc.a : s_cosf.c.obj (.text.cosf)
                  00001058    000001c8            : s_sinf.c.obj (.text.sinf)
                  00001220    00000192     libclang_rt.builtins.a : adddf3.S.obj (.text.adddf3_subdf3)
                  000013b2    00000002     startup_mspm0c110x_ticlang.o (.text.Default_Handler)
                  000013b4    0000016c     main.o (.text.main)
                  00001520    00000144     libc.a : s_floor.c.obj (.text.floor)
                  00001664    0000010c     libclang_rt.builtins.a : divdf3.S.obj (.text.__divdf3)
                  00001770    000000f4     bma5.o (.text.bma5_get_regs)
                  00001864    000000f4     common.o (.text.mspm0c1103_I2C_read)
                  00001958    000000f4     opt3007_registers.o (.text.ti_opt3007_assignRegistermap)
                  00001a4c    000000e8     driverlib.a : dl_timer.o (.text.DL_Timer_initTimerMode)
                  00001b34    000000e4     libclang_rt.builtins.a : muldf3.S.obj (.text.__muldf3)
                  00001c18    000000e4     opt3007_hostControl.o (.text.ti_opt3007_I2C_read)
                  00001cfc    000000e0     accelerometer.o (.text.bma530_readAccel)
                  00001ddc    000000d8     libc.a : s_scalbn.c.obj (.text.scalbn)
                  00001eb4    000000d8     libclang_rt.builtins.a : addsf3.S.obj (.text)
                  00001f8c    000000d4     main.o (.text.I2C0_IRQHandler)
                  00002060    000000d0     accelerometer.o (.text.bma530Accel_init)
                  00002130    000000cc     bma530.o (.text.bma530_set_int_status)
                  000021fc    000000b8     bma5.o (.text.bma5_get_int_conf)
                  000022b4    000000ac     libc.a : s_cosf.c.obj (.text.__kernel_sindf)
                  00002360    000000ac            : s_sinf.c.obj (.text.__kernel_sindf)
                  0000240c    000000aa     bma5.o (.text.bma5_set_int_conf)
                  000024b6    00000002     libclang_rt.builtins.a : aeabi_div0.c.obj (.text.__aeabi_idiv0)
                  000024b8    000000a8     common.o (.text.mspm0c1103_I2C_write)
                  00002560    000000a4     bma530.o (.text.bma530_get_int_status)
                  00002604    000000a0     libc.a : e_sqrtf.c.obj (.text.sqrtf)
                  000026a4    0000009c            : s_cosf.c.obj (.text.__kernel_cosdf)
                  00002740    0000009c            : s_sinf.c.obj (.text.__kernel_cosdf)
                  000027dc    0000009c     opt3007_hostControl.o (.text.ti_opt3007_I2C_write)
                  00002878    0000009a     bma530.o (.text.bma530_set_int_map)
                  00002912    0000009a     libc.a : memcpy16.S.obj (.text:memcpy)
                  000029ac    00000094     main.o (.text.detect_fish_bite_fft)
                  00002a40    00000090     bma5.o (.text.bma5_get_acc)
                  00002ad0    0000008c     libclang_rt.builtins.a : mulsf3.S.obj (.text.__mulsf3)
                  00002b5c    00000080     bma5.o (.text.bma5_get_acc_conf)
                  00002bdc    0000007c     bma530.o (.text.bma530_get_int_map)
                  00002c58    0000007c     libc.a : copy_decompress_lzss.c.obj (.text:decompress:lzss)
                  00002cd4    00000076     bma5.o (.text.bma5_set_acc_conf)
                  00002d4a    00000002     --HOLE-- [fill = 0]
                  00002d4c    00000074     libclang_rt.builtins.a : comparedf2.c.obj (.text.__gedf2)
                  00002dc0    00000074                            : truncdfsf2.S.obj (.text.__truncdfsf2)
                  00002e34    0000006c     ti_msp_dl_config.o (.text.SYSCFG_DL_I2C_init)
                  00002ea0    0000006c     bma530_features.o (.text.bma530_init)
                  00002f0c    00000068     libclang_rt.builtins.a : comparedf2.c.obj (.text.__ledf2)
                  00002f74    00000068     bma5.o (.text.bma5_get_sensor_status)
                  00002fdc    00000062     libclang_rt.builtins.a : aeabi_dcmp.S.obj (.text.__aeabi_dcmp)
                  0000303e    00000002     --HOLE-- [fill = 0]
                  00003040    00000062                            : aeabi_fcmp.S.obj (.text.__aeabi_fcmp)
                  000030a2    0000005e     driverlib.a : dl_i2c.o (.text.DL_I2C_fillControllerTXFIFO)
                  00003100    0000005c     common.o (.text.bma5_delay_us)
                  0000315c    0000005c     bma5.o (.text.bma5_get_acc_conf_0)
                  000031b8    00000056     libclang_rt.builtins.a : aeabi_idivmod.S.obj (.text.__aeabi_idivmod)
                  0000320e    00000050     bma5.o (.text.bma5_set_sensor_status)
                  0000325e    00000002     --HOLE-- [fill = 0]
                  00003260    0000004c     opt3007_registers.o (.text.ti_opt3007_deviceRegister_write)
                  000032ac    0000004a     libclang_rt.builtins.a : fixdfsi.S.obj (.text.__fixdfsi)
                  000032f6    00000044     bma5.o (.text.bma5_set_regs)
                  0000333a    00000002     --HOLE-- [fill = 0]
                  0000333c    00000044     opt3007_functions.o (.text.ti_opt3007_readLux)
                  00003380    00000042     bma5.o (.text.bma5_set_acc_conf_0)
                  000033c2    00000002     --HOLE-- [fill = 0]
                  000033c4    00000040     libclang_rt.builtins.a : aeabi_uidivmod.S.obj (.text.__aeabi_uidivmod)
                  00003404    00000040                            : extendsfdf2.S.obj (.text.__extendsfdf2)
                  00003444    0000003c                            : floatsisf.S.obj (.text.__floatsisf)
                  00003480    0000003c                            : comparesf2.S.obj (.text.__gtsf2)
                  000034bc    0000003c     libc.a : autoinit.c.obj (.text:__TI_auto_init_nobinit_nopinit)
                  000034f8    0000003a     libclang_rt.builtins.a : comparesf2.S.obj (.text.__eqsf2)
                  00003532    00000002     --HOLE-- [fill = 0]
                  00003534    0000003a                            : muldsi3.S.obj (.text.__muldsi3)
                  0000356e    00000002     --HOLE-- [fill = 0]
                  00003570    00000038     driverlib.a : dl_sysctl_mspm0c110x.o (.text.DL_SYSCTL_switchMCLKfromLFCLKtoSYSOSC)
                  000035a8    00000038     ti_msp_dl_config.o (.text.SYSCFG_DL_GPIO_init)
                  000035e0    00000038     libclang_rt.builtins.a : fixsfsi.S.obj (.text.__fixsfsi)
                  00003618    00000034     ti_msp_dl_config.o (.text.SYSCFG_DL_initPower)
                  0000364c    0000002c     ti_msp_dl_config.o (.text.SYSCFG_DL_TIMER_0_init)
                  00003678    0000002c     libclang_rt.builtins.a : floatsidf.S.obj (.text.__floatsidf)
                  000036a4    00000028     main.o (.text.TIMG14_IRQHandler)
                  000036cc    00000028     libc.a : boot_cortex_m.c.obj (.text:_c_int00_noargs)
                  000036f4    00000026     driverlib.a : dl_i2c.o (.text.DL_I2C_setClockConfig)
                  0000371a    00000002     --HOLE-- [fill = 0]
                  0000371c    00000024     ti_msp_dl_config.o (.text.SYSCFG_DL_SYSCTL_init)
                  00003740    00000024     libclang_rt.builtins.a : floatunsidf.S.obj (.text.__floatunsidf)
                  00003764    0000001c     driverlib.a : dl_timer.o (.text.DL_Timer_setClockConfig)
                  00003780    00000018     ti_msp_dl_config.o (.text.SYSCFG_DL_init)
                  00003798    00000016     libc.a : k_rem_pio2.c.obj (.text.OUTLINED_FUNCTION_0)
                  000037ae    00000002     --HOLE-- [fill = 0]
                  000037b0    00000010     libclang_rt.builtins.a : adddf3.S.obj (.tramp.__aeabi_dadd.1)
                  000037c0    00000016     libc.a : copy_zero_init.c.obj (.text:decompress:ZI:__TI_zero_init_nomemset)
                  000037d6    00000014     common.o (.text.bma5_i2c_read)
                  000037ea    00000014     common.o (.text.bma5_i2c_write)
                  000037fe    00000012     libc.a : copy_decompress_none.c.obj (.text:decompress:none)
                  00003810    00000010            : k_rem_pio2.c.obj (.text.OUTLINED_FUNCTION_2)
                  00003820    0000000c     opt3007_functions.o (.text.ti_opt3007_setRn)
                  0000382c    0000000c     opt3007_functions.o (.text.ti_opt3007_setSensorSingleShot)
                  00003838    0000000a     driverlib.a : dl_common.o (.text.DL_Common_delayCycles)
                  00003842    0000000a     libc.a : k_rem_pio2.c.obj (.text.OUTLINED_FUNCTION_1)
                  0000384c    0000000a            : s_cosf.c.obj (.text.OUTLINED_FUNCTION_3)
                  00003856    0000000a            : s_sinf.c.obj (.text.OUTLINED_FUNCTION_3)
                  00003860    00000008            : aeabi_portable.c.obj (.text.__aeabi_errno_addr)
                  00003868    00000008     libclang_rt.builtins.a : aeabi_memcpy.S.obj (.text.__aeabi_memcpy)
                  00003870    00000006     libc.a : s_cosf.c.obj (.text.OUTLINED_FUNCTION_0)
                  00003876    00000002     --HOLE-- [fill = 0]
                  00003878    00000010     libclang_rt.builtins.a : muldf3.S.obj (.tramp.__aeabi_dmul.1)
                  00003888    00000006     libc.a : s_sinf.c.obj (.text.OUTLINED_FUNCTION_0)
                  0000388e    00000006            : s_cosf.c.obj (.text.OUTLINED_FUNCTION_1)
                  00003894    00000006            : s_sinf.c.obj (.text.OUTLINED_FUNCTION_1)
                  0000389a    00000004            : s_cosf.c.obj (.text.OUTLINED_FUNCTION_2)
                  0000389e    00000004            : s_sinf.c.obj (.text.OUTLINED_FUNCTION_2)
                  000038a2    00000004     startup_mspm0c110x_ticlang.o (.text.Reset_Handler)
                  000038a6    00000004     libc.a : pre_init.c.obj (.text._system_pre_init)
                  000038aa    00000004            : exit.c.obj (.text:abort)
                  000038ae    00000002     --HOLE-- [fill = 0]

.cinit     0    00003a28    00000038     
                  00003a28    0000000d     (.cinit..data.load) [load image, compression = lzss]
                  00003a35    00000003     --HOLE-- [fill = 0]
                  00003a38    0000000c     (__TI_handler_table)
                  00003a44    00000008     (.cinit..bss.load) [load image, compression = zero_init]
                  00003a4c    00000010     (__TI_cinit_table)
                  00003a5c    00000004     --HOLE-- [fill = 0]

.rodata    0    000038b0    00000178     
                  000038b0    00000108     libc.a : k_rem_pio2.c.obj (.rodata.ipio2)
                  000039b8    00000040            : k_rem_pio2.c.obj (.rodata.PIo2)
                  000039f8    00000014     ti_msp_dl_config.o (.rodata.gTIMER_0TimerConfig)
                  00003a0c    00000010     libc.a : k_rem_pio2.c.obj (.rodata.cst16)
                  00003a1c    00000003     ti_msp_dl_config.o (.rodata.gTIMER_0ClockConfig)
                  00003a1f    00000002     ti_msp_dl_config.o (.rodata.gI2CClockConfig)
                  00003a21    00000007     --HOLE-- [fill = 0]

.init_array 
*          0    00000000    00000000     UNINITIALIZED

.binit     0    00000000    00000000     

.bss       0    20000000    00000180     UNINITIALIZED
                  20000000    00000080     (.common:fft_mag)
                  20000080    00000080     (.common:z_samples)
                  20000100    00000018     (.common:dev)
                  20000118    00000010     (.common:gRxPacket)
                  20000128    0000000e     (.common:int_status)
                  20000136    0000000d     (.common:int_map)
                  20000143    00000005     (.common:txBuffer)
                  20000148    00000008     (.common:optlux)
                  20000150    00000007     (.common:acc_cfg)
                  20000157    00000001     common.o (.bss.dev_addr)
                  20000158    00000006     (.common:sens_data)
                  2000015e    00000002     (.common:fishcheckCnt)
                  20000160    00000004     (.common:gRxCount)
                  20000164    00000004     (.common:gRxLen)
                  20000168    00000004     (.common:gTxCount)
                  2000016c    00000004     (.common:gTxLen)
                  20000170    00000004     (.common:int_config)
                  20000174    00000003     (.common:status)
                  20000177    00000001     (.common:gFish_Red)
                  20000178    00000002     (.common:opt300checkCnt)
                  2000017a    00000001     (.common:gI2cControllerStatus)
                  2000017b    00000001     (.common:gLED_On)
                  2000017c    00000001     (.common:gTogglePolicy)
                  2000017d    00000001     (.common:resAddr)
                  2000017e    00000001     (.common:rslt)
                  2000017f    00000001     (.common:sensor_ctrl)

.data      0    20000180    000000b1     UNINITIALIZED
                  20000180    00000080     bma5.o (.data.temp_buf)
                  20000200    00000010     main.o (.data.gTxPacket)
                  20000210    0000000c     accelerometer.o (.data.cami_accel)
                  2000021c    00000006     bma5.o (.data.acceldata)
                  20000222    00000001     accelerometer.o (.data.loop)
                  20000223    00000001     accelerometer.o (.data.n_conf)
                  20000224    00000004     main.o (.data.TIMG14_IRQHandler.count)
                  20000228    00000004     libc.a : aeabi_portable.c.obj (.data.__aeabi_errno)
                  2000022c    00000004     main.o (.data.detect_fish_bite_fft.samCnt)
                  20000230    00000001     accelerometer.o (.data.n_status)

.stack     0    200003c0    00000040     UNINITIALIZED
                  200003c0    00000004     libc.a : boot_cortex_m.c.obj (.stack)
                  200003c4    0000003c     --HOLE--

__llvm_prf_cnts 
*          0    20000000    00000000     UNINITIALIZED

__llvm_prf_bits 
*          0    20000000    00000000     UNINITIALIZED

MODULE SUMMARY

       Module                         code    ro data   rw data
       ------                         ----    -------   -------
    .\
       ti_msp_dl_config.o             320     25        0      
       startup_mspm0c110x_ticlang.o   6       192       0      
    +--+------------------------------+-------+---------+---------+
       Total:                         326     217       0      
                                                               
    .\application\
       main.o                         1668    0         328    
       common.o                       1560    0         1      
       bma5.o                         1398    0         134    
       bma530.o                       646     0         0      
       accelerometer.o                432     0         88     
       opt3007_hostControl.o          384     0         6      
       opt3007_registers.o            320     0         0      
       bma530_features.o              108     0         0      
       opt3007_functions.o            92      0         0      
    +--+------------------------------+-------+---------+---------+
       Total:                         6608    0         557    
                                                               
    C:/ti/mspm0_sdk_2_04_00_06/source/ti/driverlib/lib/ticlang/m0p/mspm0c110x/driverlib.a
       dl_timer.o                     260     0         0      
       dl_i2c.o                       132     0         0      
       dl_sysctl_mspm0c110x.o         56      0         0      
       dl_common.o                    10      0         0      
    +--+------------------------------+-------+---------+---------+
       Total:                         458     0         0      
                                                               
    C:\ti\ccs2001\ccs\tools\compiler\ti-cgt-armllvm_4.0.1.LTS\lib\armv6m-ti-none-eabi/c/libc.a
       k_rem_pio2.c.obj               1652    344       0      
       s_cosf.c.obj                   822     0         0      
       s_sinf.c.obj                   810     0         0      
       s_floor.c.obj                  324     0         0      
       s_scalbn.c.obj                 216     0         0      
       e_sqrtf.c.obj                  160     0         0      
       memcpy16.S.obj                 154     0         0      
       copy_decompress_lzss.c.obj     124     0         0      
       autoinit.c.obj                 60      0         0      
       boot_cortex_m.c.obj            40      0         0      
       copy_zero_init.c.obj           22      0         0      
       copy_decompress_none.c.obj     18      0         0      
       aeabi_portable.c.obj           8       0         4      
       exit.c.obj                     4       0         0      
       pre_init.c.obj                 4       0         0      
    +--+------------------------------+-------+---------+---------+
       Total:                         4418    344       4      
                                                               
    C:\ti\ccs2001\ccs\tools\compiler\ti-cgt-armllvm_4.0.1.LTS\lib\armv6m-ti-none-eabi/libclang_rt.builtins.a
       adddf3.S.obj                   418     0         0      
       divdf3.S.obj                   268     0         0      
       muldf3.S.obj                   244     0         0      
       comparedf2.c.obj               220     0         0      
       addsf3.S.obj                   216     0         0      
       mulsf3.S.obj                   140     0         0      
       comparesf2.S.obj               118     0         0      
       truncdfsf2.S.obj               116     0         0      
       aeabi_dcmp.S.obj               98      0         0      
       aeabi_fcmp.S.obj               98      0         0      
       aeabi_idivmod.S.obj            86      0         0      
       fixdfsi.S.obj                  74      0         0      
       aeabi_uidivmod.S.obj           64      0         0      
       extendsfdf2.S.obj              64      0         0      
       floatsisf.S.obj                60      0         0      
       muldsi3.S.obj                  58      0         0      
       fixsfsi.S.obj                  56      0         0      
       floatsidf.S.obj                44      0         0      
       floatunsidf.S.obj              36      0         0      
       aeabi_memcpy.S.obj             8       0         0      
       aeabi_div0.c.obj               2       0         0      
    +--+------------------------------+-------+---------+---------+
       Total:                         2488    0         0      
                                                               
       Stack:                         0       0         64     
       Linker Generated:              0       49        0      
    +--+------------------------------+-------+---------+---------+
       Grand Total:                   14298   610       625    


LINKER GENERATED COPY TABLES

__TI_cinit_table @ 00003a4c records: 2, size/record: 8, table size: 16
	.data: load addr=00003a28, load size=0000000d bytes, run addr=20000180, run size=000000b1 bytes, compression=lzss
	.bss: load addr=00003a44, load size=00000008 bytes, run addr=20000000, run size=00000180 bytes, compression=zero_init


LINKER GENERATED HANDLER TABLE

__TI_handler_table @ 00003a38 records: 3, size/record: 4, table size: 12
	index: 0, handler: __TI_decompress_lzss
	index: 1, handler: __TI_decompress_none
	index: 2, handler: __TI_zero_init


FAR CALL TRAMPOLINES

callee name               trampoline name
   callee addr  tramp addr   call addr  call info
--------------  -----------  ---------  ----------------
__aeabi_dadd              $Tramp$TT$L$PI$$__aeabi_dadd
   0000122b     000037b0     000037ac   libc.a : k_rem_pio2.c.obj (.text.OUTLINED_FUNCTION_0)
                             0000384a          : k_rem_pio2.c.obj (.text.OUTLINED_FUNCTION_1)
                             00003854          : s_cosf.c.obj (.text.OUTLINED_FUNCTION_3)
                             0000385e          : s_sinf.c.obj (.text.OUTLINED_FUNCTION_3)
__aeabi_dmul              $Tramp$TT$L$PI$$__aeabi_dmul
   00001b35     00003878     00003874   libc.a : s_cosf.c.obj (.text.OUTLINED_FUNCTION_0)
                             0000388c          : s_sinf.c.obj (.text.OUTLINED_FUNCTION_0)
                             00003892          : s_cosf.c.obj (.text.OUTLINED_FUNCTION_1)
                             00003898          : s_sinf.c.obj (.text.OUTLINED_FUNCTION_1)

[2 trampolines]
[8 trampoline calls]


GLOBAL SYMBOLS: SORTED ALPHABETICALLY BY Name 

address   name                                 
-------   ----                                 
000013b3  ADC0_IRQHandler                      
000038aa  C$$EXIT                              
00003839  DL_Common_delayCycles                
000030a3  DL_I2C_fillControllerTXFIFO          
000036f5  DL_I2C_setClockConfig                
00003571  DL_SYSCTL_switchMCLKfromLFCLKtoSYSOSC
00001a4d  DL_Timer_initTimerMode               
00003765  DL_Timer_setClockConfig              
000013b3  DMA_IRQHandler                       
000013b3  Default_Handler                      
000013b3  GPIOA_IRQHandler                     
000013b3  GROUP0_IRQHandler                    
000013b3  HardFault_Handler                    
00001f8d  I2C0_IRQHandler                      
000013b3  NMI_Handler                          
000013b3  PendSV_Handler                       
000038a3  Reset_Handler                        
000013b3  SPI0_IRQHandler                      
000013b3  SVC_Handler                          
000035a9  SYSCFG_DL_GPIO_init                  
00002e35  SYSCFG_DL_I2C_init                   
0000371d  SYSCFG_DL_SYSCTL_init                
0000364d  SYSCFG_DL_TIMER_0_init               
00003781  SYSCFG_DL_init                       
00003619  SYSCFG_DL_initPower                  
000013b3  SysTick_Handler                      
000013b3  TIMA0_IRQHandler                     
000036a5  TIMG14_IRQHandler                    
000013b3  TIMG8_IRQHandler                     
000013b3  UART0_IRQHandler                     
20000400  __STACK_END                          
00000040  __STACK_SIZE                         
00000000  __TI_ATRegion0_region_sz             
00000000  __TI_ATRegion0_src_addr              
00000000  __TI_ATRegion0_trg_addr              
00000000  __TI_ATRegion1_region_sz             
00000000  __TI_ATRegion1_src_addr              
00000000  __TI_ATRegion1_trg_addr              
00000000  __TI_ATRegion2_region_sz             
00000000  __TI_ATRegion2_src_addr              
00000000  __TI_ATRegion2_trg_addr              
00003a4c  __TI_CINIT_Base                      
00003a5c  __TI_CINIT_Limit                     
00003a5c  __TI_CINIT_Warm                      
00003a38  __TI_Handler_Table_Base              
00003a44  __TI_Handler_Table_Limit             
000034bd  __TI_auto_init_nobinit_nopinit       
00002c59  __TI_decompress_lzss                 
000037ff  __TI_decompress_none                 
ffffffff  __TI_pprof_out_hndl                  
ffffffff  __TI_prof_data_size                  
ffffffff  __TI_prof_data_start                 
00000000  __TI_static_base__                   
000037c1  __TI_zero_init_nomemset              
0000122b  __adddf3                             
00001ebf  __addsf3                             
00002dc1  __aeabi_d2f                          
000032ad  __aeabi_d2iz                         
0000122b  __aeabi_dadd                         
00002fdd  __aeabi_dcmpeq                       
00003019  __aeabi_dcmpge                       
0000302d  __aeabi_dcmpgt                       
00003005  __aeabi_dcmple                       
00002ff1  __aeabi_dcmplt                       
00001665  __aeabi_ddiv                         
00001b35  __aeabi_dmul                         
00001221  __aeabi_dsub                         
20000228  __aeabi_errno                        
00003861  __aeabi_errno_addr                   
00003405  __aeabi_f2d                          
000035e1  __aeabi_f2iz                         
00001ebf  __aeabi_fadd                         
00003041  __aeabi_fcmpeq                       
0000307d  __aeabi_fcmpge                       
00003091  __aeabi_fcmpgt                       
00003069  __aeabi_fcmple                       
00003055  __aeabi_fcmplt                       
00002ad1  __aeabi_fmul                         
00001eb5  __aeabi_fsub                         
00003679  __aeabi_i2d                          
00003445  __aeabi_i2f                          
000031b9  __aeabi_idiv                         
000024b7  __aeabi_idiv0                        
000031b9  __aeabi_idivmod                      
00003869  __aeabi_memcpy                       
00003869  __aeabi_memcpy4                      
00003869  __aeabi_memcpy8                      
00003741  __aeabi_ui2d                         
000033c5  __aeabi_uidiv                        
000033c5  __aeabi_uidivmod                     
ffffffff  __binit__                            
00002f0d  __cmpdf2                             
000034f9  __cmpsf2                             
00001665  __divdf3                             
00002f0d  __eqdf2                              
000034f9  __eqsf2                              
00003405  __extendsfdf2                        
000032ad  __fixdfsi                            
000035e1  __fixsfsi                            
00003679  __floatsidf                          
00003445  __floatsisf                          
00003741  __floatunsidf                        
00002d4d  __gedf2                              
00003481  __gesf2                              
00002d4d  __gtdf2                              
00003481  __gtsf2                              
000000c1  __kernel_rem_pio2                    
00002f0d  __ledf2                              
000034f9  __lesf2                              
00002f0d  __ltdf2                              
000034f9  __ltsf2                              
UNDEFED   __mpu_init                           
00001b35  __muldf3                             
00003535  __muldsi3                            
00002ad1  __mulsf3                             
00002f0d  __nedf2                              
000034f9  __nesf2                              
200003c0  __stack                              
20000000  __start___llvm_prf_bits              
20000000  __start___llvm_prf_cnts              
20000000  __stop___llvm_prf_bits               
20000000  __stop___llvm_prf_cnts               
00001221  __subdf3                             
00001eb5  __subsf3                             
00002dc1  __truncdfsf2                         
000036cd  _c_int00_noargs                      
UNDEFED   _system_post_cinit                   
000038a7  _system_pre_init                     
000038ab  abort                                
20000150  acc_cfg                              
2000021c  acceldata                            
ffffffff  binit                                
00002061  bma530Accel_init                     
00002bdd  bma530_get_int_map                   
00002561  bma530_get_int_status                
00002ea1  bma530_init                          
00001cfd  bma530_readAccel                     
00002879  bma530_set_int_map                   
00002131  bma530_set_int_status                
00003101  bma5_delay_us                        
00002a41  bma5_get_acc                         
00002b5d  bma5_get_acc_conf                    
0000315d  bma5_get_acc_conf_0                  
000021fd  bma5_get_int_conf                    
00001771  bma5_get_regs                        
00002f75  bma5_get_sensor_status               
000037d7  bma5_i2c_read                        
000037eb  bma5_i2c_write                       
00000705  bma5_interface_init                  
00002cd5  bma5_set_acc_conf                    
00003381  bma5_set_acc_conf_0                  
0000240d  bma5_set_int_conf                    
000032f7  bma5_set_regs                        
0000320f  bma5_set_sensor_status               
20000210  cami_accel                           
00000afd  compute_fft                          
00000e85  cosf                                 
000029ad  detect_fish_bite_fft                 
20000100  dev                                  
20000000  fft_mag                              
2000015e  fishcheckCnt                         
00001521  floor                                
00001521  floorl                               
20000177  gFish_Red                            
2000017a  gI2cControllerStatus                 
2000017b  gLED_On                              
20000160  gRxCount                             
20000164  gRxLen                               
20000118  gRxPacket                            
2000017c  gTogglePolicy                        
20000168  gTxCount                             
2000016c  gTxLen                               
20000200  gTxPacket                            
20000170  int_config                           
20000136  int_map                              
20000128  int_status                           
00000000  interruptVectors                     
00001ddd  ldexp                                
00001ddd  ldexpl                               
20000222  loop                                 
000013b5  main                                 
00002913  memcpy                               
00001865  mspm0c1103_I2C_read                  
000024b9  mspm0c1103_I2C_write                 
20000223  n_conf                               
20000230  n_status                             
20000178  opt300checkCnt                       
20000148  optlux                               
2000017d  resAddr                              
2000017e  rslt                                 
00001ddd  scalbn                               
00001ddd  scalbnl                              
20000158  sens_data                            
2000017f  sensor_ctrl                          
00001059  sinf                                 
00002605  sqrtf                                
20000174  status                               
20000180  temp_buf                             
00001c19  ti_opt3007_I2C_read                  
000027dd  ti_opt3007_I2C_write                 
00001959  ti_opt3007_assignRegistermap         
00003261  ti_opt3007_deviceRegister_write      
0000333d  ti_opt3007_readLux                   
00003821  ti_opt3007_setRn                     
0000382d  ti_opt3007_setSensorSingleShot       
20000143  txBuffer                             
20000080  z_samples                            


GLOBAL SYMBOLS: SORTED BY Symbol Address 

address   name                                 
-------   ----                                 
00000000  __TI_ATRegion0_region_sz             
00000000  __TI_ATRegion0_src_addr              
00000000  __TI_ATRegion0_trg_addr              
00000000  __TI_ATRegion1_region_sz             
00000000  __TI_ATRegion1_src_addr              
00000000  __TI_ATRegion1_trg_addr              
00000000  __TI_ATRegion2_region_sz             
00000000  __TI_ATRegion2_src_addr              
00000000  __TI_ATRegion2_trg_addr              
00000000  __TI_static_base__                   
00000000  interruptVectors                     
00000040  __STACK_SIZE                         
000000c1  __kernel_rem_pio2                    
00000705  bma5_interface_init                  
00000afd  compute_fft                          
00000e85  cosf                                 
00001059  sinf                                 
00001221  __aeabi_dsub                         
00001221  __subdf3                             
0000122b  __adddf3                             
0000122b  __aeabi_dadd                         
000013b3  ADC0_IRQHandler                      
000013b3  DMA_IRQHandler                       
000013b3  Default_Handler                      
000013b3  GPIOA_IRQHandler                     
000013b3  GROUP0_IRQHandler                    
000013b3  HardFault_Handler                    
000013b3  NMI_Handler                          
000013b3  PendSV_Handler                       
000013b3  SPI0_IRQHandler                      
000013b3  SVC_Handler                          
000013b3  SysTick_Handler                      
000013b3  TIMA0_IRQHandler                     
000013b3  TIMG8_IRQHandler                     
000013b3  UART0_IRQHandler                     
000013b5  main                                 
00001521  floor                                
00001521  floorl                               
00001665  __aeabi_ddiv                         
00001665  __divdf3                             
00001771  bma5_get_regs                        
00001865  mspm0c1103_I2C_read                  
00001959  ti_opt3007_assignRegistermap         
00001a4d  DL_Timer_initTimerMode               
00001b35  __aeabi_dmul                         
00001b35  __muldf3                             
00001c19  ti_opt3007_I2C_read                  
00001cfd  bma530_readAccel                     
00001ddd  ldexp                                
00001ddd  ldexpl                               
00001ddd  scalbn                               
00001ddd  scalbnl                              
00001eb5  __aeabi_fsub                         
00001eb5  __subsf3                             
00001ebf  __addsf3                             
00001ebf  __aeabi_fadd                         
00001f8d  I2C0_IRQHandler                      
00002061  bma530Accel_init                     
00002131  bma530_set_int_status                
000021fd  bma5_get_int_conf                    
0000240d  bma5_set_int_conf                    
000024b7  __aeabi_idiv0                        
000024b9  mspm0c1103_I2C_write                 
00002561  bma530_get_int_status                
00002605  sqrtf                                
000027dd  ti_opt3007_I2C_write                 
00002879  bma530_set_int_map                   
00002913  memcpy                               
000029ad  detect_fish_bite_fft                 
00002a41  bma5_get_acc                         
00002ad1  __aeabi_fmul                         
00002ad1  __mulsf3                             
00002b5d  bma5_get_acc_conf                    
00002bdd  bma530_get_int_map                   
00002c59  __TI_decompress_lzss                 
00002cd5  bma5_set_acc_conf                    
00002d4d  __gedf2                              
00002d4d  __gtdf2                              
00002dc1  __aeabi_d2f                          
00002dc1  __truncdfsf2                         
00002e35  SYSCFG_DL_I2C_init                   
00002ea1  bma530_init                          
00002f0d  __cmpdf2                             
00002f0d  __eqdf2                              
00002f0d  __ledf2                              
00002f0d  __ltdf2                              
00002f0d  __nedf2                              
00002f75  bma5_get_sensor_status               
00002fdd  __aeabi_dcmpeq                       
00002ff1  __aeabi_dcmplt                       
00003005  __aeabi_dcmple                       
00003019  __aeabi_dcmpge                       
0000302d  __aeabi_dcmpgt                       
00003041  __aeabi_fcmpeq                       
00003055  __aeabi_fcmplt                       
00003069  __aeabi_fcmple                       
0000307d  __aeabi_fcmpge                       
00003091  __aeabi_fcmpgt                       
000030a3  DL_I2C_fillControllerTXFIFO          
00003101  bma5_delay_us                        
0000315d  bma5_get_acc_conf_0                  
000031b9  __aeabi_idiv                         
000031b9  __aeabi_idivmod                      
0000320f  bma5_set_sensor_status               
00003261  ti_opt3007_deviceRegister_write      
000032ad  __aeabi_d2iz                         
000032ad  __fixdfsi                            
000032f7  bma5_set_regs                        
0000333d  ti_opt3007_readLux                   
00003381  bma5_set_acc_conf_0                  
000033c5  __aeabi_uidiv                        
000033c5  __aeabi_uidivmod                     
00003405  __aeabi_f2d                          
00003405  __extendsfdf2                        
00003445  __aeabi_i2f                          
00003445  __floatsisf                          
00003481  __gesf2                              
00003481  __gtsf2                              
000034bd  __TI_auto_init_nobinit_nopinit       
000034f9  __cmpsf2                             
000034f9  __eqsf2                              
000034f9  __lesf2                              
000034f9  __ltsf2                              
000034f9  __nesf2                              
00003535  __muldsi3                            
00003571  DL_SYSCTL_switchMCLKfromLFCLKtoSYSOSC
000035a9  SYSCFG_DL_GPIO_init                  
000035e1  __aeabi_f2iz                         
000035e1  __fixsfsi                            
00003619  SYSCFG_DL_initPower                  
0000364d  SYSCFG_DL_TIMER_0_init               
00003679  __aeabi_i2d                          
00003679  __floatsidf                          
000036a5  TIMG14_IRQHandler                    
000036cd  _c_int00_noargs                      
000036f5  DL_I2C_setClockConfig                
0000371d  SYSCFG_DL_SYSCTL_init                
00003741  __aeabi_ui2d                         
00003741  __floatunsidf                        
00003765  DL_Timer_setClockConfig              
00003781  SYSCFG_DL_init                       
000037c1  __TI_zero_init_nomemset              
000037d7  bma5_i2c_read                        
000037eb  bma5_i2c_write                       
000037ff  __TI_decompress_none                 
00003821  ti_opt3007_setRn                     
0000382d  ti_opt3007_setSensorSingleShot       
00003839  DL_Common_delayCycles                
00003861  __aeabi_errno_addr                   
00003869  __aeabi_memcpy                       
00003869  __aeabi_memcpy4                      
00003869  __aeabi_memcpy8                      
000038a3  Reset_Handler                        
000038a7  _system_pre_init                     
000038aa  C$$EXIT                              
000038ab  abort                                
00003a38  __TI_Handler_Table_Base              
00003a44  __TI_Handler_Table_Limit             
00003a4c  __TI_CINIT_Base                      
00003a5c  __TI_CINIT_Limit                     
00003a5c  __TI_CINIT_Warm                      
20000000  __start___llvm_prf_bits              
20000000  __start___llvm_prf_cnts              
20000000  __stop___llvm_prf_bits               
20000000  __stop___llvm_prf_cnts               
20000000  fft_mag                              
20000080  z_samples                            
20000100  dev                                  
20000118  gRxPacket                            
20000128  int_status                           
20000136  int_map                              
20000143  txBuffer                             
20000148  optlux                               
20000150  acc_cfg                              
20000158  sens_data                            
2000015e  fishcheckCnt                         
20000160  gRxCount                             
20000164  gRxLen                               
20000168  gTxCount                             
2000016c  gTxLen                               
20000170  int_config                           
20000174  status                               
20000177  gFish_Red                            
20000178  opt300checkCnt                       
2000017a  gI2cControllerStatus                 
2000017b  gLED_On                              
2000017c  gTogglePolicy                        
2000017d  resAddr                              
2000017e  rslt                                 
2000017f  sensor_ctrl                          
20000180  temp_buf                             
20000200  gTxPacket                            
20000210  cami_accel                           
2000021c  acceldata                            
20000222  loop                                 
20000223  n_conf                               
20000228  __aeabi_errno                        
20000230  n_status                             
200003c0  __stack                              
20000400  __STACK_END                          
ffffffff  __TI_pprof_out_hndl                  
ffffffff  __TI_prof_data_size                  
ffffffff  __TI_prof_data_start                 
ffffffff  __binit__                            
ffffffff  binit                                
UNDEFED   __mpu_init                           
UNDEFED   _system_post_cinit                   

[207 symbols]
