<?xml version="1.0" encoding="ISO-8859-1" ?>
<link_info>
   <banner>TI ARM Clang Linker PC v4.0.1.LTS</banner>
   <copyright>Copyright (c) 1996-2018 Texas Instruments Incorporated</copyright>
   <command_line>C:\ti\ccs2001\ccs\tools\compiler\ti-cgt-armllvm_4.0.1.LTS\bin\tiarmlnk -IC:\ti\ccs2001\ccs\tools\compiler\ti-cgt-armllvm_4.0.1.LTS\lib -o i2c_controller_rw_multibyte_fifo_interrupts_LP_MSPM0C1104_nortos_ticlang.out -mi2c_controller_rw_multibyte_fifo_interrupts_LP_MSPM0C1104_nortos_ticlang.map -iC:/ti/mspm0_sdk_2_04_00_06/source -iC:/Users/alllite/workspace_ccstheia/i2c_controller_rw_multibyte_fifo_interrupts_LP_MSPM0C1104_nortos_ticlang -iC:/Users/alllite/workspace_ccstheia/i2c_controller_rw_multibyte_fifo_interrupts_LP_MSPM0C1104_nortos_ticlang/Debug/syscfg -iC:/ti/ccs2001/ccs/tools/compiler/ti-cgt-armllvm_4.0.1.LTS/lib --diag_wrap=off --display_error_number --warn_sections --xml_link_info=i2c_controller_rw_multibyte_fifo_interrupts_LP_MSPM0C1104_nortos_ticlang_linkInfo.xml --rom_model ./ti_msp_dl_config.o ./startup_mspm0c110x_ticlang.o ./application/accelerometer.o ./application/bma5.o ./application/bma530.o ./application/bma530_features.o ./application/common.o ./application/main.o ./application/opt3007_functions.o ./application/opt3007_hostControl.o ./application/opt3007_registers.o -l./device_linker.cmd -ldevice.cmd.genlibs -llibc.a --start-group -llibc++.a -llibc++abi.a -llibc.a -llibsys.a -llibsysbm.a -llibclang_rt.builtins.a -llibclang_rt.profile.a --end-group --cg_opt_level=2</command_line>
   <link_time>0x67fa35d1</link_time>
   <link_errors>0x0</link_errors>
   <output_file>C:\Users\alllite\workspace_ccstheia\i2c_controller_rw_multibyte_fifo_interrupts_LP_MSPM0C1104_nortos_ticlang\Debug\i2c_controller_rw_multibyte_fifo_interrupts_LP_MSPM0C1104_nortos_ticlang.out</output_file>
   <entry_point>
      <name>_c_int00_noargs</name>
      <address>0x36cd</address>
   </entry_point>
   <input_file_list>
      <input_file id="fl-1">
         <path>C:\Users\alllite\workspace_ccstheia\i2c_controller_rw_multibyte_fifo_interrupts_LP_MSPM0C1104_nortos_ticlang\Debug\.\</path>
         <kind>object</kind>
         <file>ti_msp_dl_config.o</file>
         <name>ti_msp_dl_config.o</name>
      </input_file>
      <input_file id="fl-2">
         <path>C:\Users\alllite\workspace_ccstheia\i2c_controller_rw_multibyte_fifo_interrupts_LP_MSPM0C1104_nortos_ticlang\Debug\.\</path>
         <kind>object</kind>
         <file>startup_mspm0c110x_ticlang.o</file>
         <name>startup_mspm0c110x_ticlang.o</name>
      </input_file>
      <input_file id="fl-3">
         <path>C:\Users\alllite\workspace_ccstheia\i2c_controller_rw_multibyte_fifo_interrupts_LP_MSPM0C1104_nortos_ticlang\Debug\.\application\</path>
         <kind>object</kind>
         <file>accelerometer.o</file>
         <name>accelerometer.o</name>
      </input_file>
      <input_file id="fl-4">
         <path>C:\Users\alllite\workspace_ccstheia\i2c_controller_rw_multibyte_fifo_interrupts_LP_MSPM0C1104_nortos_ticlang\Debug\.\application\</path>
         <kind>object</kind>
         <file>bma5.o</file>
         <name>bma5.o</name>
      </input_file>
      <input_file id="fl-5">
         <path>C:\Users\alllite\workspace_ccstheia\i2c_controller_rw_multibyte_fifo_interrupts_LP_MSPM0C1104_nortos_ticlang\Debug\.\application\</path>
         <kind>object</kind>
         <file>bma530.o</file>
         <name>bma530.o</name>
      </input_file>
      <input_file id="fl-6">
         <path>C:\Users\alllite\workspace_ccstheia\i2c_controller_rw_multibyte_fifo_interrupts_LP_MSPM0C1104_nortos_ticlang\Debug\.\application\</path>
         <kind>object</kind>
         <file>bma530_features.o</file>
         <name>bma530_features.o</name>
      </input_file>
      <input_file id="fl-7">
         <path>C:\Users\alllite\workspace_ccstheia\i2c_controller_rw_multibyte_fifo_interrupts_LP_MSPM0C1104_nortos_ticlang\Debug\.\application\</path>
         <kind>object</kind>
         <file>common.o</file>
         <name>common.o</name>
      </input_file>
      <input_file id="fl-8">
         <path>C:\Users\alllite\workspace_ccstheia\i2c_controller_rw_multibyte_fifo_interrupts_LP_MSPM0C1104_nortos_ticlang\Debug\.\application\</path>
         <kind>object</kind>
         <file>main.o</file>
         <name>main.o</name>
      </input_file>
      <input_file id="fl-9">
         <path>C:\Users\alllite\workspace_ccstheia\i2c_controller_rw_multibyte_fifo_interrupts_LP_MSPM0C1104_nortos_ticlang\Debug\.\application\</path>
         <kind>object</kind>
         <file>opt3007_functions.o</file>
         <name>opt3007_functions.o</name>
      </input_file>
      <input_file id="fl-a">
         <path>C:\Users\alllite\workspace_ccstheia\i2c_controller_rw_multibyte_fifo_interrupts_LP_MSPM0C1104_nortos_ticlang\Debug\.\application\</path>
         <kind>object</kind>
         <file>opt3007_hostControl.o</file>
         <name>opt3007_hostControl.o</name>
      </input_file>
      <input_file id="fl-b">
         <path>C:\Users\alllite\workspace_ccstheia\i2c_controller_rw_multibyte_fifo_interrupts_LP_MSPM0C1104_nortos_ticlang\Debug\.\application\</path>
         <kind>object</kind>
         <file>opt3007_registers.o</file>
         <name>opt3007_registers.o</name>
      </input_file>
      <input_file id="fl-18">
         <path>C:\Users\alllite\workspace_ccstheia\i2c_controller_rw_multibyte_fifo_interrupts_LP_MSPM0C1104_nortos_ticlang\Debug\</path>
         <kind>object</kind>
         <file>&lt;internal&gt;</file>
         <name>&lt;internal&gt;</name>
      </input_file>
      <input_file id="fl-19">
         <path>C:\ti\mspm0_sdk_2_04_00_06\source\ti\driverlib\lib\ticlang\m0p\mspm0c110x\</path>
         <kind>archive</kind>
         <file>driverlib.a</file>
         <name>dl_common.o</name>
      </input_file>
      <input_file id="fl-1a">
         <path>C:\ti\mspm0_sdk_2_04_00_06\source\ti\driverlib\lib\ticlang\m0p\mspm0c110x\</path>
         <kind>archive</kind>
         <file>driverlib.a</file>
         <name>dl_i2c.o</name>
      </input_file>
      <input_file id="fl-1b">
         <path>C:\ti\mspm0_sdk_2_04_00_06\source\ti\driverlib\lib\ticlang\m0p\mspm0c110x\</path>
         <kind>archive</kind>
         <file>driverlib.a</file>
         <name>dl_timer.o</name>
      </input_file>
      <input_file id="fl-1c">
         <path>C:\ti\mspm0_sdk_2_04_00_06\source\ti\driverlib\lib\ticlang\m0p\mspm0c110x\</path>
         <kind>archive</kind>
         <file>driverlib.a</file>
         <name>dl_sysctl_mspm0c110x.o</name>
      </input_file>
      <input_file id="fl-31">
         <path>C:\ti\ccs2001\ccs\tools\compiler\ti-cgt-armllvm_4.0.1.LTS\lib\armv6m-ti-none-eabi\c\</path>
         <kind>archive</kind>
         <file>libc.a</file>
         <name>e_sqrtf.c.obj</name>
      </input_file>
      <input_file id="fl-32">
         <path>C:\ti\ccs2001\ccs\tools\compiler\ti-cgt-armllvm_4.0.1.LTS\lib\armv6m-ti-none-eabi\c\</path>
         <kind>archive</kind>
         <file>libc.a</file>
         <name>s_cosf.c.obj</name>
      </input_file>
      <input_file id="fl-33">
         <path>C:\ti\ccs2001\ccs\tools\compiler\ti-cgt-armllvm_4.0.1.LTS\lib\armv6m-ti-none-eabi\c\</path>
         <kind>archive</kind>
         <file>libc.a</file>
         <name>s_sinf.c.obj</name>
      </input_file>
      <input_file id="fl-34">
         <path>C:\ti\ccs2001\ccs\tools\compiler\ti-cgt-armllvm_4.0.1.LTS\lib\armv6m-ti-none-eabi\c\</path>
         <kind>archive</kind>
         <file>libc.a</file>
         <name>aeabi_portable.c.obj</name>
      </input_file>
      <input_file id="fl-35">
         <path>C:\ti\ccs2001\ccs\tools\compiler\ti-cgt-armllvm_4.0.1.LTS\lib\armv6m-ti-none-eabi\c\</path>
         <kind>archive</kind>
         <file>libc.a</file>
         <name>assert.c.obj</name>
      </input_file>
      <input_file id="fl-36">
         <path>C:\ti\ccs2001\ccs\tools\compiler\ti-cgt-armllvm_4.0.1.LTS\lib\armv6m-ti-none-eabi\c\</path>
         <kind>archive</kind>
         <file>libc.a</file>
         <name>defs.c.obj</name>
      </input_file>
      <input_file id="fl-37">
         <path>C:\ti\ccs2001\ccs\tools\compiler\ti-cgt-armllvm_4.0.1.LTS\lib\armv6m-ti-none-eabi\c\</path>
         <kind>archive</kind>
         <file>libc.a</file>
         <name>memory.c.obj</name>
      </input_file>
      <input_file id="fl-38">
         <path>C:\ti\ccs2001\ccs\tools\compiler\ti-cgt-armllvm_4.0.1.LTS\lib\armv6m-ti-none-eabi\c\</path>
         <kind>archive</kind>
         <file>libc.a</file>
         <name>k_rem_pio2.c.obj</name>
      </input_file>
      <input_file id="fl-39">
         <path>C:\ti\ccs2001\ccs\tools\compiler\ti-cgt-armllvm_4.0.1.LTS\lib\armv6m-ti-none-eabi\c\</path>
         <kind>archive</kind>
         <file>libc.a</file>
         <name>copy_zero_init.c.obj</name>
      </input_file>
      <input_file id="fl-3a">
         <path>C:\ti\ccs2001\ccs\tools\compiler\ti-cgt-armllvm_4.0.1.LTS\lib\armv6m-ti-none-eabi\c\</path>
         <kind>archive</kind>
         <file>libc.a</file>
         <name>copy_decompress_none.c.obj</name>
      </input_file>
      <input_file id="fl-3b">
         <path>C:\ti\ccs2001\ccs\tools\compiler\ti-cgt-armllvm_4.0.1.LTS\lib\armv6m-ti-none-eabi\c\</path>
         <kind>archive</kind>
         <file>libc.a</file>
         <name>copy_decompress_lzss.c.obj</name>
      </input_file>
      <input_file id="fl-3c">
         <path>C:\ti\ccs2001\ccs\tools\compiler\ti-cgt-armllvm_4.0.1.LTS\lib\armv6m-ti-none-eabi\c\</path>
         <kind>archive</kind>
         <file>libc.a</file>
         <name>boot_cortex_m.c.obj</name>
      </input_file>
      <input_file id="fl-3d">
         <path>C:\ti\ccs2001\ccs\tools\compiler\ti-cgt-armllvm_4.0.1.LTS\lib\armv6m-ti-none-eabi\c\</path>
         <kind>archive</kind>
         <file>libc.a</file>
         <name>mathacl_init.c.obj</name>
      </input_file>
      <input_file id="fl-3e">
         <path>C:\ti\ccs2001\ccs\tools\compiler\ti-cgt-armllvm_4.0.1.LTS\lib\armv6m-ti-none-eabi\c\</path>
         <kind>archive</kind>
         <file>libc.a</file>
         <name>s_floor.c.obj</name>
      </input_file>
      <input_file id="fl-3f">
         <path>C:\ti\ccs2001\ccs\tools\compiler\ti-cgt-armllvm_4.0.1.LTS\lib\armv6m-ti-none-eabi\c\</path>
         <kind>archive</kind>
         <file>libc.a</file>
         <name>s_scalbn.c.obj</name>
      </input_file>
      <input_file id="fl-40">
         <path>C:\ti\ccs2001\ccs\tools\compiler\ti-cgt-armllvm_4.0.1.LTS\lib\armv6m-ti-none-eabi\c\</path>
         <kind>archive</kind>
         <file>libc.a</file>
         <name>sprintf.c.obj</name>
      </input_file>
      <input_file id="fl-41">
         <path>C:\ti\ccs2001\ccs\tools\compiler\ti-cgt-armllvm_4.0.1.LTS\lib\armv6m-ti-none-eabi\c\</path>
         <kind>archive</kind>
         <file>libc.a</file>
         <name>fflush.c.obj</name>
      </input_file>
      <input_file id="fl-42">
         <path>C:\ti\ccs2001\ccs\tools\compiler\ti-cgt-armllvm_4.0.1.LTS\lib\armv6m-ti-none-eabi\c\</path>
         <kind>archive</kind>
         <file>libc.a</file>
         <name>fputs.c.obj</name>
      </input_file>
      <input_file id="fl-43">
         <path>C:\ti\ccs2001\ccs\tools\compiler\ti-cgt-armllvm_4.0.1.LTS\lib\armv6m-ti-none-eabi\c\</path>
         <kind>archive</kind>
         <file>libc.a</file>
         <name>_io_perm.c.obj</name>
      </input_file>
      <input_file id="fl-44">
         <path>C:\ti\ccs2001\ccs\tools\compiler\ti-cgt-armllvm_4.0.1.LTS\lib\armv6m-ti-none-eabi\c\</path>
         <kind>archive</kind>
         <file>libc.a</file>
         <name>setvbuf.c.obj</name>
      </input_file>
      <input_file id="fl-45">
         <path>C:\ti\ccs2001\ccs\tools\compiler\ti-cgt-armllvm_4.0.1.LTS\lib\armv6m-ti-none-eabi\c\</path>
         <kind>archive</kind>
         <file>libc.a</file>
         <name>exit.c.obj</name>
      </input_file>
      <input_file id="fl-46">
         <path>C:\ti\ccs2001\ccs\tools\compiler\ti-cgt-armllvm_4.0.1.LTS\lib\armv6m-ti-none-eabi\c\</path>
         <kind>archive</kind>
         <file>libc.a</file>
         <name>_lock.c.obj</name>
      </input_file>
      <input_file id="fl-47">
         <path>C:\ti\ccs2001\ccs\tools\compiler\ti-cgt-armllvm_4.0.1.LTS\lib\armv6m-ti-none-eabi\c\</path>
         <kind>archive</kind>
         <file>libc.a</file>
         <name>args_main.c.obj</name>
      </input_file>
      <input_file id="fl-48">
         <path>C:\ti\ccs2001\ccs\tools\compiler\ti-cgt-armllvm_4.0.1.LTS\lib\armv6m-ti-none-eabi\c\</path>
         <kind>archive</kind>
         <file>libc.a</file>
         <name>autoinit.c.obj</name>
      </input_file>
      <input_file id="fl-49">
         <path>C:\ti\ccs2001\ccs\tools\compiler\ti-cgt-armllvm_4.0.1.LTS\lib\armv6m-ti-none-eabi\c\</path>
         <kind>archive</kind>
         <file>libc.a</file>
         <name>pre_init.c.obj</name>
      </input_file>
      <input_file id="fl-4a">
         <path>C:\ti\ccs2001\ccs\tools\compiler\ti-cgt-armllvm_4.0.1.LTS\lib\armv6m-ti-none-eabi\c\</path>
         <kind>archive</kind>
         <file>libc.a</file>
         <name>cpy_tbl.c.obj</name>
      </input_file>
      <input_file id="fl-4b">
         <path>C:\ti\ccs2001\ccs\tools\compiler\ti-cgt-armllvm_4.0.1.LTS\lib\armv6m-ti-none-eabi\c\</path>
         <kind>archive</kind>
         <file>libc.a</file>
         <name>_printfi.c.obj</name>
      </input_file>
      <input_file id="fl-4c">
         <path>C:\ti\ccs2001\ccs\tools\compiler\ti-cgt-armllvm_4.0.1.LTS\lib\armv6m-ti-none-eabi\c\</path>
         <kind>archive</kind>
         <file>libc.a</file>
         <name>fopen.c.obj</name>
      </input_file>
      <input_file id="fl-4d">
         <path>C:\ti\ccs2001\ccs\tools\compiler\ti-cgt-armllvm_4.0.1.LTS\lib\armv6m-ti-none-eabi\c\</path>
         <kind>archive</kind>
         <file>libc.a</file>
         <name>fseek.c.obj</name>
      </input_file>
      <input_file id="fl-4e">
         <path>C:\ti\ccs2001\ccs\tools\compiler\ti-cgt-armllvm_4.0.1.LTS\lib\armv6m-ti-none-eabi\c\</path>
         <kind>archive</kind>
         <file>libc.a</file>
         <name>wcslen.c.obj</name>
      </input_file>
      <input_file id="fl-4f">
         <path>C:\ti\ccs2001\ccs\tools\compiler\ti-cgt-armllvm_4.0.1.LTS\lib\armv6m-ti-none-eabi\c\</path>
         <kind>archive</kind>
         <file>libc.a</file>
         <name>_ltoa.c.obj</name>
      </input_file>
      <input_file id="fl-50">
         <path>C:\ti\ccs2001\ccs\tools\compiler\ti-cgt-armllvm_4.0.1.LTS\lib\armv6m-ti-none-eabi\c\</path>
         <kind>archive</kind>
         <file>libc.a</file>
         <name>atoi.c.obj</name>
      </input_file>
      <input_file id="fl-51">
         <path>C:\ti\ccs2001\ccs\tools\compiler\ti-cgt-armllvm_4.0.1.LTS\lib\armv6m-ti-none-eabi\c\</path>
         <kind>archive</kind>
         <file>libc.a</file>
         <name>memccpy.c.obj</name>
      </input_file>
      <input_file id="fl-52">
         <path>C:\ti\ccs2001\ccs\tools\compiler\ti-cgt-armllvm_4.0.1.LTS\lib\armv6m-ti-none-eabi\c\</path>
         <kind>archive</kind>
         <file>libc.a</file>
         <name>s_frexp.c.obj</name>
      </input_file>
      <input_file id="fl-53">
         <path>C:\ti\ccs2001\ccs\tools\compiler\ti-cgt-armllvm_4.0.1.LTS\lib\armv6m-ti-none-eabi\c\</path>
         <kind>archive</kind>
         <file>libc.a</file>
         <name>fclose.c.obj</name>
      </input_file>
      <input_file id="fl-54">
         <path>C:\ti\ccs2001\ccs\tools\compiler\ti-cgt-armllvm_4.0.1.LTS\lib\armv6m-ti-none-eabi\c\</path>
         <kind>archive</kind>
         <file>libc.a</file>
         <name>aeabi_ctype.S.obj</name>
      </input_file>
      <input_file id="fl-ea">
         <path>C:\ti\ccs2001\ccs\tools\compiler\ti-cgt-armllvm_4.0.1.LTS\lib\armv6m-ti-none-eabi\c\</path>
         <kind>archive</kind>
         <file>libsysbm.a</file>
         <name>write.c.obj</name>
      </input_file>
      <input_file id="fl-eb">
         <path>C:\ti\ccs2001\ccs\tools\compiler\ti-cgt-armllvm_4.0.1.LTS\lib\armv6m-ti-none-eabi\c\</path>
         <kind>archive</kind>
         <file>libsysbm.a</file>
         <name>host_device.c.obj</name>
      </input_file>
      <input_file id="fl-ec">
         <path>C:\ti\ccs2001\ccs\tools\compiler\ti-cgt-armllvm_4.0.1.LTS\lib\armv6m-ti-none-eabi\c\</path>
         <kind>archive</kind>
         <file>libsysbm.a</file>
         <name>remove.c.obj</name>
      </input_file>
      <input_file id="fl-ed">
         <path>C:\ti\ccs2001\ccs\tools\compiler\ti-cgt-armllvm_4.0.1.LTS\lib\armv6m-ti-none-eabi\c\</path>
         <kind>archive</kind>
         <file>libsysbm.a</file>
         <name>open.c.obj</name>
      </input_file>
      <input_file id="fl-ee">
         <path>C:\ti\ccs2001\ccs\tools\compiler\ti-cgt-armllvm_4.0.1.LTS\lib\armv6m-ti-none-eabi\c\</path>
         <kind>archive</kind>
         <file>libsysbm.a</file>
         <name>lseek.c.obj</name>
      </input_file>
      <input_file id="fl-ef">
         <path>C:\ti\ccs2001\ccs\tools\compiler\ti-cgt-armllvm_4.0.1.LTS\lib\armv6m-ti-none-eabi\c\</path>
         <kind>archive</kind>
         <file>libsysbm.a</file>
         <name>close.c.obj</name>
      </input_file>
      <input_file id="fl-f0">
         <path>C:\ti\ccs2001\ccs\tools\compiler\ti-cgt-armllvm_4.0.1.LTS\lib\armv6m-ti-none-eabi\c\</path>
         <kind>archive</kind>
         <file>libsysbm.a</file>
         <name>unlink.c.obj</name>
      </input_file>
      <input_file id="fl-f1">
         <path>C:\ti\ccs2001\ccs\tools\compiler\ti-cgt-armllvm_4.0.1.LTS\lib\armv6m-ti-none-eabi\c\</path>
         <kind>archive</kind>
         <file>libsysbm.a</file>
         <name>hostclose.c.obj</name>
      </input_file>
      <input_file id="fl-f2">
         <path>C:\ti\ccs2001\ccs\tools\compiler\ti-cgt-armllvm_4.0.1.LTS\lib\armv6m-ti-none-eabi\c\</path>
         <kind>archive</kind>
         <file>libsysbm.a</file>
         <name>hostlseek.c.obj</name>
      </input_file>
      <input_file id="fl-f3">
         <path>C:\ti\ccs2001\ccs\tools\compiler\ti-cgt-armllvm_4.0.1.LTS\lib\armv6m-ti-none-eabi\c\</path>
         <kind>archive</kind>
         <file>libsysbm.a</file>
         <name>hostopen.c.obj</name>
      </input_file>
      <input_file id="fl-f4">
         <path>C:\ti\ccs2001\ccs\tools\compiler\ti-cgt-armllvm_4.0.1.LTS\lib\armv6m-ti-none-eabi\c\</path>
         <kind>archive</kind>
         <file>libsysbm.a</file>
         <name>hostread.c.obj</name>
      </input_file>
      <input_file id="fl-f5">
         <path>C:\ti\ccs2001\ccs\tools\compiler\ti-cgt-armllvm_4.0.1.LTS\lib\armv6m-ti-none-eabi\c\</path>
         <kind>archive</kind>
         <file>libsysbm.a</file>
         <name>hostrename.c.obj</name>
      </input_file>
      <input_file id="fl-f6">
         <path>C:\ti\ccs2001\ccs\tools\compiler\ti-cgt-armllvm_4.0.1.LTS\lib\armv6m-ti-none-eabi\c\</path>
         <kind>archive</kind>
         <file>libsysbm.a</file>
         <name>hostunlink.c.obj</name>
      </input_file>
      <input_file id="fl-f7">
         <path>C:\ti\ccs2001\ccs\tools\compiler\ti-cgt-armllvm_4.0.1.LTS\lib\armv6m-ti-none-eabi\c\</path>
         <kind>archive</kind>
         <file>libsysbm.a</file>
         <name>hostwrite.c.obj</name>
      </input_file>
      <input_file id="fl-f8">
         <path>C:\ti\ccs2001\ccs\tools\compiler\ti-cgt-armllvm_4.0.1.LTS\lib\armv6m-ti-none-eabi\c\</path>
         <kind>archive</kind>
         <file>libsysbm.a</file>
         <name>trgmsg.c.obj</name>
      </input_file>
      <input_file id="fl-f9">
         <path>C:\ti\ccs2001\ccs\tools\compiler\ti-cgt-armllvm_4.0.1.LTS\lib\armv6m-ti-none-eabi\</path>
         <kind>archive</kind>
         <file>libclang_rt.builtins.a</file>
         <name>addsf3.S.obj</name>
      </input_file>
      <input_file id="fl-fa">
         <path>C:\ti\ccs2001\ccs\tools\compiler\ti-cgt-armllvm_4.0.1.LTS\lib\armv6m-ti-none-eabi\</path>
         <kind>archive</kind>
         <file>libclang_rt.builtins.a</file>
         <name>adddf3.S.obj</name>
      </input_file>
      <input_file id="fl-fb">
         <path>C:\ti\ccs2001\ccs\tools\compiler\ti-cgt-armllvm_4.0.1.LTS\lib\armv6m-ti-none-eabi\</path>
         <kind>archive</kind>
         <file>libclang_rt.builtins.a</file>
         <name>muldf3.S.obj</name>
      </input_file>
      <input_file id="fl-fc">
         <path>C:\ti\ccs2001\ccs\tools\compiler\ti-cgt-armllvm_4.0.1.LTS\lib\armv6m-ti-none-eabi\</path>
         <kind>archive</kind>
         <file>libclang_rt.builtins.a</file>
         <name>muldsi3.S.obj</name>
      </input_file>
      <input_file id="fl-fd">
         <path>C:\ti\ccs2001\ccs\tools\compiler\ti-cgt-armllvm_4.0.1.LTS\lib\armv6m-ti-none-eabi\</path>
         <kind>archive</kind>
         <file>libclang_rt.builtins.a</file>
         <name>mulsf3.S.obj</name>
      </input_file>
      <input_file id="fl-fe">
         <path>C:\ti\ccs2001\ccs\tools\compiler\ti-cgt-armllvm_4.0.1.LTS\lib\armv6m-ti-none-eabi\</path>
         <kind>archive</kind>
         <file>libclang_rt.builtins.a</file>
         <name>divdf3.S.obj</name>
      </input_file>
      <input_file id="fl-ff">
         <path>C:\ti\ccs2001\ccs\tools\compiler\ti-cgt-armllvm_4.0.1.LTS\lib\armv6m-ti-none-eabi\</path>
         <kind>archive</kind>
         <file>libclang_rt.builtins.a</file>
         <name>extendsfdf2.S.obj</name>
      </input_file>
      <input_file id="fl-100">
         <path>C:\ti\ccs2001\ccs\tools\compiler\ti-cgt-armllvm_4.0.1.LTS\lib\armv6m-ti-none-eabi\</path>
         <kind>archive</kind>
         <file>libclang_rt.builtins.a</file>
         <name>fixdfsi.S.obj</name>
      </input_file>
      <input_file id="fl-101">
         <path>C:\ti\ccs2001\ccs\tools\compiler\ti-cgt-armllvm_4.0.1.LTS\lib\armv6m-ti-none-eabi\</path>
         <kind>archive</kind>
         <file>libclang_rt.builtins.a</file>
         <name>fixsfsi.S.obj</name>
      </input_file>
      <input_file id="fl-102">
         <path>C:\ti\ccs2001\ccs\tools\compiler\ti-cgt-armllvm_4.0.1.LTS\lib\armv6m-ti-none-eabi\</path>
         <kind>archive</kind>
         <file>libclang_rt.builtins.a</file>
         <name>floatsidf.S.obj</name>
      </input_file>
      <input_file id="fl-103">
         <path>C:\ti\ccs2001\ccs\tools\compiler\ti-cgt-armllvm_4.0.1.LTS\lib\armv6m-ti-none-eabi\</path>
         <kind>archive</kind>
         <file>libclang_rt.builtins.a</file>
         <name>floatsisf.S.obj</name>
      </input_file>
      <input_file id="fl-104">
         <path>C:\ti\ccs2001\ccs\tools\compiler\ti-cgt-armllvm_4.0.1.LTS\lib\armv6m-ti-none-eabi\</path>
         <kind>archive</kind>
         <file>libclang_rt.builtins.a</file>
         <name>floatunsidf.S.obj</name>
      </input_file>
      <input_file id="fl-105">
         <path>C:\ti\ccs2001\ccs\tools\compiler\ti-cgt-armllvm_4.0.1.LTS\lib\armv6m-ti-none-eabi\</path>
         <kind>archive</kind>
         <file>libclang_rt.builtins.a</file>
         <name>muldi3.S.obj</name>
      </input_file>
      <input_file id="fl-106">
         <path>C:\ti\ccs2001\ccs\tools\compiler\ti-cgt-armllvm_4.0.1.LTS\lib\armv6m-ti-none-eabi\</path>
         <kind>archive</kind>
         <file>libclang_rt.builtins.a</file>
         <name>truncdfsf2.S.obj</name>
      </input_file>
      <input_file id="fl-107">
         <path>C:\ti\ccs2001\ccs\tools\compiler\ti-cgt-armllvm_4.0.1.LTS\lib\armv6m-ti-none-eabi\</path>
         <kind>archive</kind>
         <file>libclang_rt.builtins.a</file>
         <name>aeabi_dcmp.S.obj</name>
      </input_file>
      <input_file id="fl-108">
         <path>C:\ti\ccs2001\ccs\tools\compiler\ti-cgt-armllvm_4.0.1.LTS\lib\armv6m-ti-none-eabi\</path>
         <kind>archive</kind>
         <file>libclang_rt.builtins.a</file>
         <name>aeabi_fcmp.S.obj</name>
      </input_file>
      <input_file id="fl-109">
         <path>C:\ti\ccs2001\ccs\tools\compiler\ti-cgt-armllvm_4.0.1.LTS\lib\armv6m-ti-none-eabi\</path>
         <kind>archive</kind>
         <file>libclang_rt.builtins.a</file>
         <name>aeabi_idivmod.S.obj</name>
      </input_file>
      <input_file id="fl-10a">
         <path>C:\ti\ccs2001\ccs\tools\compiler\ti-cgt-armllvm_4.0.1.LTS\lib\armv6m-ti-none-eabi\</path>
         <kind>archive</kind>
         <file>libclang_rt.builtins.a</file>
         <name>aeabi_memcpy.S.obj</name>
      </input_file>
      <input_file id="fl-10b">
         <path>C:\ti\ccs2001\ccs\tools\compiler\ti-cgt-armllvm_4.0.1.LTS\lib\armv6m-ti-none-eabi\</path>
         <kind>archive</kind>
         <file>libclang_rt.builtins.a</file>
         <name>aeabi_memset.S.obj</name>
      </input_file>
      <input_file id="fl-10c">
         <path>C:\ti\ccs2001\ccs\tools\compiler\ti-cgt-armllvm_4.0.1.LTS\lib\armv6m-ti-none-eabi\</path>
         <kind>archive</kind>
         <file>libclang_rt.builtins.a</file>
         <name>aeabi_uidivmod.S.obj</name>
      </input_file>
      <input_file id="fl-10d">
         <path>C:\ti\ccs2001\ccs\tools\compiler\ti-cgt-armllvm_4.0.1.LTS\lib\armv6m-ti-none-eabi\</path>
         <kind>archive</kind>
         <file>libclang_rt.builtins.a</file>
         <name>aeabi_uldivmod.S.obj</name>
      </input_file>
      <input_file id="fl-10e">
         <path>C:\ti\ccs2001\ccs\tools\compiler\ti-cgt-armllvm_4.0.1.LTS\lib\armv6m-ti-none-eabi\</path>
         <kind>archive</kind>
         <file>libclang_rt.builtins.a</file>
         <name>comparesf2.S.obj</name>
      </input_file>
      <input_file id="fl-10f">
         <path>C:\ti\ccs2001\ccs\tools\compiler\ti-cgt-armllvm_4.0.1.LTS\lib\armv6m-ti-none-eabi\</path>
         <kind>archive</kind>
         <file>libclang_rt.builtins.a</file>
         <name>udivmoddi4.S.obj</name>
      </input_file>
      <input_file id="fl-110">
         <path>C:\ti\ccs2001\ccs\tools\compiler\ti-cgt-armllvm_4.0.1.LTS\lib\armv6m-ti-none-eabi\</path>
         <kind>archive</kind>
         <file>libclang_rt.builtins.a</file>
         <name>ashldi3.S.obj</name>
      </input_file>
      <input_file id="fl-111">
         <path>C:\ti\ccs2001\ccs\tools\compiler\ti-cgt-armllvm_4.0.1.LTS\lib\armv6m-ti-none-eabi\</path>
         <kind>archive</kind>
         <file>libclang_rt.builtins.a</file>
         <name>comparedf2.c.obj</name>
      </input_file>
      <input_file id="fl-112">
         <path>C:\ti\ccs2001\ccs\tools\compiler\ti-cgt-armllvm_4.0.1.LTS\lib\armv6m-ti-none-eabi\</path>
         <kind>archive</kind>
         <file>libclang_rt.builtins.a</file>
         <name>aeabi_div0.c.obj</name>
      </input_file>
      <input_file id="fl-113">
         <path>C:\ti\ccs2001\ccs\tools\compiler\ti-cgt-armllvm_4.0.1.LTS\lib\armv6m-ti-none-eabi\c\</path>
         <kind>archive</kind>
         <file>libc.a</file>
         <name>getdevice.c.obj</name>
      </input_file>
      <input_file id="fl-114">
         <path>C:\ti\ccs2001\ccs\tools\compiler\ti-cgt-armllvm_4.0.1.LTS\lib\armv6m-ti-none-eabi\c\</path>
         <kind>archive</kind>
         <file>libc.a</file>
         <name>memcpy16.S.obj</name>
      </input_file>
      <input_file id="fl-115">
         <path>C:\ti\ccs2001\ccs\tools\compiler\ti-cgt-armllvm_4.0.1.LTS\lib\armv6m-ti-none-eabi\c\</path>
         <kind>archive</kind>
         <file>libc.a</file>
         <name>memset16.S.obj</name>
      </input_file>
      <input_file id="fl-116">
         <path>C:\ti\ccs2001\ccs\tools\compiler\ti-cgt-armllvm_4.0.1.LTS\lib\armv6m-ti-none-eabi\c\</path>
         <kind>archive</kind>
         <file>libc.a</file>
         <name>strcmp-armv6m.S.obj</name>
      </input_file>
   </input_file_list>
   <object_component_list>
      <object_component id="oc-17">
         <name>.intvecs</name>
         <load_address>0x0</load_address>
         <readonly>true</readonly>
         <run_address>0x0</run_address>
         <size>0xc0</size>
         <alignment>0x4</alignment>
         <input_file_ref idref="fl-2"/>
      </object_component>
      <object_component id="oc-1d5">
         <name>.text.__kernel_rem_pio2</name>
         <load_address>0xc0</load_address>
         <readonly>true</readonly>
         <executable>true</executable>
         <run_address>0xc0</run_address>
         <size>0x644</size>
         <alignment>0x4</alignment>
         <input_file_ref idref="fl-38"/>
      </object_component>
      <object_component id="oc-f2">
         <name>.text.bma5_interface_init</name>
         <load_address>0x704</load_address>
         <readonly>true</readonly>
         <executable>true</executable>
         <run_address>0x704</run_address>
         <size>0x3f8</size>
         <alignment>0x4</alignment>
         <input_file_ref idref="fl-7"/>
      </object_component>
      <object_component id="oc-14a">
         <name>.text.compute_fft</name>
         <load_address>0xafc</load_address>
         <readonly>true</readonly>
         <executable>true</executable>
         <run_address>0xafc</run_address>
         <size>0x388</size>
         <alignment>0x4</alignment>
         <input_file_ref idref="fl-8"/>
      </object_component>
      <object_component id="oc-195">
         <name>.text.cosf</name>
         <load_address>0xe84</load_address>
         <readonly>true</readonly>
         <executable>true</executable>
         <run_address>0xe84</run_address>
         <size>0x1d4</size>
         <alignment>0x4</alignment>
         <input_file_ref idref="fl-32"/>
      </object_component>
      <object_component id="oc-19b">
         <name>.text.sinf</name>
         <load_address>0x1058</load_address>
         <readonly>true</readonly>
         <executable>true</executable>
         <run_address>0x1058</run_address>
         <size>0x1c8</size>
         <alignment>0x4</alignment>
         <input_file_ref idref="fl-33"/>
      </object_component>
      <object_component id="oc-1c8">
         <name>.text.adddf3_subdf3</name>
         <load_address>0x1220</load_address>
         <readonly>true</readonly>
         <executable>true</executable>
         <run_address>0x1220</run_address>
         <size>0x192</size>
         <alignment>0x4</alignment>
         <input_file_ref idref="fl-fa"/>
      </object_component>
      <object_component id="oc-32">
         <name>.text.Default_Handler</name>
         <load_address>0x13b2</load_address>
         <readonly>true</readonly>
         <executable>true</executable>
         <run_address>0x13b2</run_address>
         <size>0x2</size>
         <alignment>0x2</alignment>
         <input_file_ref idref="fl-2"/>
      </object_component>
      <object_component id="oc-7d">
         <name>.text.main</name>
         <load_address>0x13b4</load_address>
         <readonly>true</readonly>
         <executable>true</executable>
         <run_address>0x13b4</run_address>
         <size>0x16c</size>
         <alignment>0x4</alignment>
         <input_file_ref idref="fl-8"/>
      </object_component>
      <object_component id="oc-1ff">
         <name>.text.floor</name>
         <load_address>0x1520</load_address>
         <readonly>true</readonly>
         <executable>true</executable>
         <run_address>0x1520</run_address>
         <size>0x144</size>
         <alignment>0x4</alignment>
         <input_file_ref idref="fl-3e"/>
      </object_component>
      <object_component id="oc-18d">
         <name>.text.__divdf3</name>
         <load_address>0x1664</load_address>
         <readonly>true</readonly>
         <executable>true</executable>
         <run_address>0x1664</run_address>
         <size>0x10c</size>
         <alignment>0x4</alignment>
         <input_file_ref idref="fl-fe"/>
      </object_component>
      <object_component id="oc-170">
         <name>.text.bma5_get_regs</name>
         <load_address>0x1770</load_address>
         <readonly>true</readonly>
         <executable>true</executable>
         <run_address>0x1770</run_address>
         <size>0xf4</size>
         <alignment>0x4</alignment>
         <input_file_ref idref="fl-4"/>
      </object_component>
      <object_component id="oc-1b7">
         <name>.text.mspm0c1103_I2C_read</name>
         <load_address>0x1864</load_address>
         <readonly>true</readonly>
         <executable>true</executable>
         <run_address>0x1864</run_address>
         <size>0xf4</size>
         <alignment>0x4</alignment>
         <input_file_ref idref="fl-7"/>
      </object_component>
      <object_component id="oc-b1">
         <name>.text.ti_opt3007_assignRegistermap</name>
         <load_address>0x1958</load_address>
         <readonly>true</readonly>
         <executable>true</executable>
         <run_address>0x1958</run_address>
         <size>0xf4</size>
         <alignment>0x2</alignment>
         <input_file_ref idref="fl-b"/>
      </object_component>
      <object_component id="oc-165">
         <name>.text.DL_Timer_initTimerMode</name>
         <load_address>0x1a4c</load_address>
         <readonly>true</readonly>
         <executable>true</executable>
         <run_address>0x1a4c</run_address>
         <size>0xe8</size>
         <alignment>0x4</alignment>
         <input_file_ref idref="fl-1b"/>
      </object_component>
      <object_component id="oc-124">
         <name>.text.__muldf3</name>
         <load_address>0x1b34</load_address>
         <readonly>true</readonly>
         <executable>true</executable>
         <run_address>0x1b34</run_address>
         <size>0xe4</size>
         <alignment>0x4</alignment>
         <input_file_ref idref="fl-fb"/>
      </object_component>
      <object_component id="oc-11e">
         <name>.text.ti_opt3007_I2C_read</name>
         <load_address>0x1c18</load_address>
         <readonly>true</readonly>
         <executable>true</executable>
         <run_address>0x1c18</run_address>
         <size>0xe4</size>
         <alignment>0x4</alignment>
         <input_file_ref idref="fl-a"/>
      </object_component>
      <object_component id="oc-c0">
         <name>.text.bma530_readAccel</name>
         <load_address>0x1cfc</load_address>
         <readonly>true</readonly>
         <executable>true</executable>
         <run_address>0x1cfc</run_address>
         <size>0xe0</size>
         <alignment>0x4</alignment>
         <input_file_ref idref="fl-3"/>
      </object_component>
      <object_component id="oc-1fb">
         <name>.text.scalbn</name>
         <load_address>0x1ddc</load_address>
         <readonly>true</readonly>
         <executable>true</executable>
         <run_address>0x1ddc</run_address>
         <size>0xd8</size>
         <alignment>0x4</alignment>
         <input_file_ref idref="fl-3f"/>
      </object_component>
      <object_component id="oc-141">
         <name>.text</name>
         <load_address>0x1eb4</load_address>
         <readonly>true</readonly>
         <executable>true</executable>
         <run_address>0x1eb4</run_address>
         <size>0xd8</size>
         <alignment>0x4</alignment>
         <input_file_ref idref="fl-f9"/>
      </object_component>
      <object_component id="oc-38">
         <name>.text.I2C0_IRQHandler</name>
         <load_address>0x1f8c</load_address>
         <readonly>true</readonly>
         <executable>true</executable>
         <run_address>0x1f8c</run_address>
         <size>0xd4</size>
         <alignment>0x4</alignment>
         <input_file_ref idref="fl-8"/>
      </object_component>
      <object_component id="oc-ac">
         <name>.text.bma530Accel_init</name>
         <load_address>0x2060</load_address>
         <readonly>true</readonly>
         <executable>true</executable>
         <run_address>0x2060</run_address>
         <size>0xd0</size>
         <alignment>0x4</alignment>
         <input_file_ref idref="fl-3"/>
      </object_component>
      <object_component id="oc-137">
         <name>.text.bma530_set_int_status</name>
         <load_address>0x2130</load_address>
         <readonly>true</readonly>
         <executable>true</executable>
         <run_address>0x2130</run_address>
         <size>0xcc</size>
         <alignment>0x2</alignment>
         <input_file_ref idref="fl-5"/>
      </object_component>
      <object_component id="oc-10e">
         <name>.text.bma5_get_int_conf</name>
         <load_address>0x21fc</load_address>
         <readonly>true</readonly>
         <executable>true</executable>
         <run_address>0x21fc</run_address>
         <size>0xb8</size>
         <alignment>0x4</alignment>
         <input_file_ref idref="fl-4"/>
      </object_component>
      <object_component id="oc-1db">
         <name>.text.__kernel_sindf</name>
         <load_address>0x22b4</load_address>
         <readonly>true</readonly>
         <executable>true</executable>
         <run_address>0x22b4</run_address>
         <size>0xac</size>
         <alignment>0x4</alignment>
         <input_file_ref idref="fl-32"/>
      </object_component>
      <object_component id="oc-1e1">
         <name>.text.__kernel_sindf</name>
         <load_address>0x2360</load_address>
         <readonly>true</readonly>
         <executable>true</executable>
         <run_address>0x2360</run_address>
         <size>0xac</size>
         <alignment>0x4</alignment>
         <input_file_ref idref="fl-33"/>
      </object_component>
      <object_component id="oc-10f">
         <name>.text.bma5_set_int_conf</name>
         <load_address>0x240c</load_address>
         <readonly>true</readonly>
         <executable>true</executable>
         <run_address>0x240c</run_address>
         <size>0xaa</size>
         <alignment>0x2</alignment>
         <input_file_ref idref="fl-4"/>
      </object_component>
      <object_component id="oc-1ba">
         <name>.text.__aeabi_idiv0</name>
         <load_address>0x24b6</load_address>
         <readonly>true</readonly>
         <executable>true</executable>
         <run_address>0x24b6</run_address>
         <size>0x2</size>
         <alignment>0x2</alignment>
         <input_file_ref idref="fl-112"/>
      </object_component>
      <object_component id="oc-1b8">
         <name>.text.mspm0c1103_I2C_write</name>
         <load_address>0x24b8</load_address>
         <readonly>true</readonly>
         <executable>true</executable>
         <run_address>0x24b8</run_address>
         <size>0xa8</size>
         <alignment>0x4</alignment>
         <input_file_ref idref="fl-7"/>
      </object_component>
      <object_component id="oc-135">
         <name>.text.bma530_get_int_status</name>
         <load_address>0x2560</load_address>
         <readonly>true</readonly>
         <executable>true</executable>
         <run_address>0x2560</run_address>
         <size>0xa4</size>
         <alignment>0x2</alignment>
         <input_file_ref idref="fl-5"/>
      </object_component>
      <object_component id="oc-1a1">
         <name>.text.sqrtf</name>
         <load_address>0x2604</load_address>
         <readonly>true</readonly>
         <executable>true</executable>
         <run_address>0x2604</run_address>
         <size>0xa0</size>
         <alignment>0x4</alignment>
         <input_file_ref idref="fl-31"/>
      </object_component>
      <object_component id="oc-1c7">
         <name>.text.__kernel_cosdf</name>
         <load_address>0x26a4</load_address>
         <readonly>true</readonly>
         <executable>true</executable>
         <run_address>0x26a4</run_address>
         <size>0x9c</size>
         <alignment>0x4</alignment>
         <input_file_ref idref="fl-32"/>
      </object_component>
      <object_component id="oc-1e0">
         <name>.text.__kernel_cosdf</name>
         <load_address>0x2740</load_address>
         <readonly>true</readonly>
         <executable>true</executable>
         <run_address>0x2740</run_address>
         <size>0x9c</size>
         <alignment>0x4</alignment>
         <input_file_ref idref="fl-33"/>
      </object_component>
      <object_component id="oc-179">
         <name>.text.ti_opt3007_I2C_write</name>
         <load_address>0x27dc</load_address>
         <readonly>true</readonly>
         <executable>true</executable>
         <run_address>0x27dc</run_address>
         <size>0x9c</size>
         <alignment>0x4</alignment>
         <input_file_ref idref="fl-a"/>
      </object_component>
      <object_component id="oc-104">
         <name>.text.bma530_set_int_map</name>
         <load_address>0x2878</load_address>
         <readonly>true</readonly>
         <executable>true</executable>
         <run_address>0x2878</run_address>
         <size>0x9a</size>
         <alignment>0x2</alignment>
         <input_file_ref idref="fl-5"/>
      </object_component>
      <object_component id="oc-9e">
         <name>.text:memcpy</name>
         <load_address>0x2912</load_address>
         <readonly>true</readonly>
         <executable>true</executable>
         <run_address>0x2912</run_address>
         <size>0x9a</size>
         <alignment>0x1</alignment>
         <input_file_ref idref="fl-114"/>
      </object_component>
      <object_component id="oc-c1">
         <name>.text.detect_fish_bite_fft</name>
         <load_address>0x29ac</load_address>
         <readonly>true</readonly>
         <executable>true</executable>
         <run_address>0x29ac</run_address>
         <size>0x94</size>
         <alignment>0x4</alignment>
         <input_file_ref idref="fl-8"/>
      </object_component>
      <object_component id="oc-138">
         <name>.text.bma5_get_acc</name>
         <load_address>0x2a40</load_address>
         <readonly>true</readonly>
         <executable>true</executable>
         <run_address>0x2a40</run_address>
         <size>0x90</size>
         <alignment>0x4</alignment>
         <input_file_ref idref="fl-4"/>
      </object_component>
      <object_component id="oc-13d">
         <name>.text.__mulsf3</name>
         <load_address>0x2ad0</load_address>
         <readonly>true</readonly>
         <executable>true</executable>
         <run_address>0x2ad0</run_address>
         <size>0x8c</size>
         <alignment>0x4</alignment>
         <input_file_ref idref="fl-fd"/>
      </object_component>
      <object_component id="oc-10b">
         <name>.text.bma5_get_acc_conf</name>
         <load_address>0x2b5c</load_address>
         <readonly>true</readonly>
         <executable>true</executable>
         <run_address>0x2b5c</run_address>
         <size>0x80</size>
         <alignment>0x4</alignment>
         <input_file_ref idref="fl-4"/>
      </object_component>
      <object_component id="oc-fe">
         <name>.text.bma530_get_int_map</name>
         <load_address>0x2bdc</load_address>
         <readonly>true</readonly>
         <executable>true</executable>
         <run_address>0x2bdc</run_address>
         <size>0x7c</size>
         <alignment>0x2</alignment>
         <input_file_ref idref="fl-5"/>
      </object_component>
      <object_component id="oc-1b">
         <name>.text:decompress:lzss</name>
         <load_address>0x2c58</load_address>
         <readonly>true</readonly>
         <executable>true</executable>
         <run_address>0x2c58</run_address>
         <size>0x7c</size>
         <alignment>0x4</alignment>
         <input_file_ref idref="fl-3b"/>
      </object_component>
      <object_component id="oc-10c">
         <name>.text.bma5_set_acc_conf</name>
         <load_address>0x2cd4</load_address>
         <readonly>true</readonly>
         <executable>true</executable>
         <run_address>0x2cd4</run_address>
         <size>0x76</size>
         <alignment>0x2</alignment>
         <input_file_ref idref="fl-4"/>
      </object_component>
      <object_component id="oc-132">
         <name>.text.__gedf2</name>
         <load_address>0x2d4c</load_address>
         <readonly>true</readonly>
         <executable>true</executable>
         <run_address>0x2d4c</run_address>
         <size>0x74</size>
         <alignment>0x4</alignment>
         <input_file_ref idref="fl-111"/>
      </object_component>
      <object_component id="oc-191">
         <name>.text.__truncdfsf2</name>
         <load_address>0x2dc0</load_address>
         <readonly>true</readonly>
         <executable>true</executable>
         <run_address>0x2dc0</run_address>
         <size>0x74</size>
         <alignment>0x10</alignment>
         <input_file_ref idref="fl-106"/>
      </object_component>
      <object_component id="oc-ec">
         <name>.text.SYSCFG_DL_I2C_init</name>
         <load_address>0x2e34</load_address>
         <readonly>true</readonly>
         <executable>true</executable>
         <run_address>0x2e34</run_address>
         <size>0x6c</size>
         <alignment>0x4</alignment>
         <input_file_ref idref="fl-1"/>
      </object_component>
      <object_component id="oc-f8">
         <name>.text.bma530_init</name>
         <load_address>0x2ea0</load_address>
         <readonly>true</readonly>
         <executable>true</executable>
         <run_address>0x2ea0</run_address>
         <size>0x6c</size>
         <alignment>0x2</alignment>
         <input_file_ref idref="fl-6"/>
      </object_component>
      <object_component id="oc-12c">
         <name>.text.__ledf2</name>
         <load_address>0x2f0c</load_address>
         <readonly>true</readonly>
         <executable>true</executable>
         <run_address>0x2f0c</run_address>
         <size>0x68</size>
         <alignment>0x4</alignment>
         <input_file_ref idref="fl-111"/>
      </object_component>
      <object_component id="oc-134">
         <name>.text.bma5_get_sensor_status</name>
         <load_address>0x2f74</load_address>
         <readonly>true</readonly>
         <executable>true</executable>
         <run_address>0x2f74</run_address>
         <size>0x68</size>
         <alignment>0x4</alignment>
         <input_file_ref idref="fl-4"/>
      </object_component>
      <object_component id="oc-bc">
         <name>.text.__aeabi_dcmp</name>
         <load_address>0x2fdc</load_address>
         <readonly>true</readonly>
         <executable>true</executable>
         <run_address>0x2fdc</run_address>
         <size>0x62</size>
         <alignment>0x4</alignment>
         <input_file_ref idref="fl-107"/>
      </object_component>
      <object_component id="oc-14b">
         <name>.text.__aeabi_fcmp</name>
         <load_address>0x3040</load_address>
         <readonly>true</readonly>
         <executable>true</executable>
         <run_address>0x3040</run_address>
         <size>0x62</size>
         <alignment>0x4</alignment>
         <input_file_ref idref="fl-108"/>
      </object_component>
      <object_component id="oc-60">
         <name>.text.DL_I2C_fillControllerTXFIFO</name>
         <load_address>0x30a2</load_address>
         <readonly>true</readonly>
         <executable>true</executable>
         <run_address>0x30a2</run_address>
         <size>0x5e</size>
         <alignment>0x2</alignment>
         <input_file_ref idref="fl-1a"/>
      </object_component>
      <object_component id="oc-16d">
         <name>.text.bma5_delay_us</name>
         <load_address>0x3100</load_address>
         <readonly>true</readonly>
         <executable>true</executable>
         <run_address>0x3100</run_address>
         <size>0x5c</size>
         <alignment>0x2</alignment>
         <input_file_ref idref="fl-7"/>
      </object_component>
      <object_component id="oc-105">
         <name>.text.bma5_get_acc_conf_0</name>
         <load_address>0x315c</load_address>
         <readonly>true</readonly>
         <executable>true</executable>
         <run_address>0x315c</run_address>
         <size>0x5c</size>
         <alignment>0x4</alignment>
         <input_file_ref idref="fl-4"/>
      </object_component>
      <object_component id="oc-1f6">
         <name>.text.__aeabi_idivmod</name>
         <load_address>0x31b8</load_address>
         <readonly>true</readonly>
         <executable>true</executable>
         <run_address>0x31b8</run_address>
         <size>0x56</size>
         <alignment>0x4</alignment>
         <input_file_ref idref="fl-109"/>
      </object_component>
      <object_component id="oc-136">
         <name>.text.bma5_set_sensor_status</name>
         <load_address>0x320e</load_address>
         <readonly>true</readonly>
         <executable>true</executable>
         <run_address>0x320e</run_address>
         <size>0x50</size>
         <alignment>0x2</alignment>
         <input_file_ref idref="fl-4"/>
      </object_component>
      <object_component id="oc-11a">
         <name>.text.ti_opt3007_deviceRegister_write</name>
         <load_address>0x3260</load_address>
         <readonly>true</readonly>
         <executable>true</executable>
         <run_address>0x3260</run_address>
         <size>0x4c</size>
         <alignment>0x4</alignment>
         <input_file_ref idref="fl-b"/>
      </object_component>
      <object_component id="oc-1cc">
         <name>.text.__fixdfsi</name>
         <load_address>0x32ac</load_address>
         <readonly>true</readonly>
         <executable>true</executable>
         <run_address>0x32ac</run_address>
         <size>0x4a</size>
         <alignment>0x4</alignment>
         <input_file_ref idref="fl-100"/>
      </object_component>
      <object_component id="oc-175">
         <name>.text.bma5_set_regs</name>
         <load_address>0x32f6</load_address>
         <readonly>true</readonly>
         <executable>true</executable>
         <run_address>0x32f6</run_address>
         <size>0x44</size>
         <alignment>0x2</alignment>
         <input_file_ref idref="fl-4"/>
      </object_component>
      <object_component id="oc-bb">
         <name>.text.ti_opt3007_readLux</name>
         <load_address>0x333c</load_address>
         <readonly>true</readonly>
         <executable>true</executable>
         <run_address>0x333c</run_address>
         <size>0x44</size>
         <alignment>0x4</alignment>
         <input_file_ref idref="fl-9"/>
      </object_component>
      <object_component id="oc-10d">
         <name>.text.bma5_set_acc_conf_0</name>
         <load_address>0x3380</load_address>
         <readonly>true</readonly>
         <executable>true</executable>
         <run_address>0x3380</run_address>
         <size>0x42</size>
         <alignment>0x2</alignment>
         <input_file_ref idref="fl-4"/>
      </object_component>
      <object_component id="oc-189">
         <name>.text.__aeabi_uidivmod</name>
         <load_address>0x33c4</load_address>
         <readonly>true</readonly>
         <executable>true</executable>
         <run_address>0x33c4</run_address>
         <size>0x40</size>
         <alignment>0x4</alignment>
         <input_file_ref idref="fl-10c"/>
      </object_component>
      <object_component id="oc-1d1">
         <name>.text.__extendsfdf2</name>
         <load_address>0x3404</load_address>
         <readonly>true</readonly>
         <executable>true</executable>
         <run_address>0x3404</run_address>
         <size>0x40</size>
         <alignment>0x4</alignment>
         <input_file_ref idref="fl-ff"/>
      </object_component>
      <object_component id="oc-139">
         <name>.text.__floatsisf</name>
         <load_address>0x3444</load_address>
         <readonly>true</readonly>
         <executable>true</executable>
         <run_address>0x3444</run_address>
         <size>0x3c</size>
         <alignment>0x4</alignment>
         <input_file_ref idref="fl-103"/>
      </object_component>
      <object_component id="oc-1aa">
         <name>.text.__gtsf2</name>
         <load_address>0x3480</load_address>
         <readonly>true</readonly>
         <executable>true</executable>
         <run_address>0x3480</run_address>
         <size>0x3c</size>
         <alignment>0x4</alignment>
         <input_file_ref idref="fl-10e"/>
      </object_component>
      <object_component id="oc-ce">
         <name>.text:__TI_auto_init_nobinit_nopinit</name>
         <load_address>0x34bc</load_address>
         <readonly>true</readonly>
         <executable>true</executable>
         <run_address>0x34bc</run_address>
         <size>0x3c</size>
         <alignment>0x4</alignment>
         <input_file_ref idref="fl-48"/>
      </object_component>
      <object_component id="oc-1a5">
         <name>.text.__eqsf2</name>
         <load_address>0x34f8</load_address>
         <readonly>true</readonly>
         <executable>true</executable>
         <run_address>0x34f8</run_address>
         <size>0x3a</size>
         <alignment>0x4</alignment>
         <input_file_ref idref="fl-10e"/>
      </object_component>
      <object_component id="oc-17d">
         <name>.text.__muldsi3</name>
         <load_address>0x3534</load_address>
         <readonly>true</readonly>
         <executable>true</executable>
         <run_address>0x3534</run_address>
         <size>0x3a</size>
         <alignment>0x4</alignment>
         <input_file_ref idref="fl-fc"/>
      </object_component>
      <object_component id="oc-b5">
         <name>.text.DL_SYSCTL_switchMCLKfromLFCLKtoSYSOSC</name>
         <load_address>0x3570</load_address>
         <readonly>true</readonly>
         <executable>true</executable>
         <run_address>0x3570</run_address>
         <size>0x38</size>
         <alignment>0x4</alignment>
         <input_file_ref idref="fl-1c"/>
      </object_component>
      <object_component id="oc-e8">
         <name>.text.SYSCFG_DL_GPIO_init</name>
         <load_address>0x35a8</load_address>
         <readonly>true</readonly>
         <executable>true</executable>
         <run_address>0x35a8</run_address>
         <size>0x38</size>
         <alignment>0x4</alignment>
         <input_file_ref idref="fl-1"/>
      </object_component>
      <object_component id="oc-1c2">
         <name>.text.__fixsfsi</name>
         <load_address>0x35e0</load_address>
         <readonly>true</readonly>
         <executable>true</executable>
         <run_address>0x35e0</run_address>
         <size>0x38</size>
         <alignment>0x4</alignment>
         <input_file_ref idref="fl-101"/>
      </object_component>
      <object_component id="oc-e7">
         <name>.text.SYSCFG_DL_initPower</name>
         <load_address>0x3618</load_address>
         <readonly>true</readonly>
         <executable>true</executable>
         <run_address>0x3618</run_address>
         <size>0x34</size>
         <alignment>0x4</alignment>
         <input_file_ref idref="fl-1"/>
      </object_component>
      <object_component id="oc-eb">
         <name>.text.SYSCFG_DL_TIMER_0_init</name>
         <load_address>0x364c</load_address>
         <readonly>true</readonly>
         <executable>true</executable>
         <run_address>0x364c</run_address>
         <size>0x2c</size>
         <alignment>0x4</alignment>
         <input_file_ref idref="fl-1"/>
      </object_component>
      <object_component id="oc-120">
         <name>.text.__floatsidf</name>
         <load_address>0x3678</load_address>
         <readonly>true</readonly>
         <executable>true</executable>
         <run_address>0x3678</run_address>
         <size>0x2c</size>
         <alignment>0x4</alignment>
         <input_file_ref idref="fl-102"/>
      </object_component>
      <object_component id="oc-33">
         <name>.text.TIMG14_IRQHandler</name>
         <load_address>0x36a4</load_address>
         <readonly>true</readonly>
         <executable>true</executable>
         <run_address>0x36a4</run_address>
         <size>0x28</size>
         <alignment>0x4</alignment>
         <input_file_ref idref="fl-8"/>
      </object_component>
      <object_component id="oc-55">
         <name>.text:_c_int00_noargs</name>
         <load_address>0x36cc</load_address>
         <readonly>true</readonly>
         <executable>true</executable>
         <run_address>0x36cc</run_address>
         <size>0x28</size>
         <alignment>0x4</alignment>
         <input_file_ref idref="fl-3c"/>
      </object_component>
      <object_component id="oc-168">
         <name>.text.DL_I2C_setClockConfig</name>
         <load_address>0x36f4</load_address>
         <readonly>true</readonly>
         <executable>true</executable>
         <run_address>0x36f4</run_address>
         <size>0x26</size>
         <alignment>0x2</alignment>
         <input_file_ref idref="fl-1a"/>
      </object_component>
      <object_component id="oc-e9">
         <name>.text.SYSCFG_DL_SYSCTL_init</name>
         <load_address>0x371c</load_address>
         <readonly>true</readonly>
         <executable>true</executable>
         <run_address>0x371c</run_address>
         <size>0x24</size>
         <alignment>0x4</alignment>
         <input_file_ref idref="fl-1"/>
      </object_component>
      <object_component id="oc-128">
         <name>.text.__floatunsidf</name>
         <load_address>0x3740</load_address>
         <readonly>true</readonly>
         <executable>true</executable>
         <run_address>0x3740</run_address>
         <size>0x24</size>
         <alignment>0x4</alignment>
         <input_file_ref idref="fl-104"/>
      </object_component>
      <object_component id="oc-15f">
         <name>.text.DL_Timer_setClockConfig</name>
         <load_address>0x3764</load_address>
         <readonly>true</readonly>
         <executable>true</executable>
         <run_address>0x3764</run_address>
         <size>0x1c</size>
         <alignment>0x4</alignment>
         <input_file_ref idref="fl-1b"/>
      </object_component>
      <object_component id="oc-a3">
         <name>.text.SYSCFG_DL_init</name>
         <load_address>0x3780</load_address>
         <readonly>true</readonly>
         <executable>true</executable>
         <run_address>0x3780</run_address>
         <size>0x18</size>
         <alignment>0x2</alignment>
         <input_file_ref idref="fl-1"/>
      </object_component>
      <object_component id="oc-205">
         <name>.text.OUTLINED_FUNCTION_0</name>
         <load_address>0x3798</load_address>
         <readonly>true</readonly>
         <executable>true</executable>
         <run_address>0x3798</run_address>
         <size>0x16</size>
         <alignment>0x2</alignment>
         <input_file_ref idref="fl-38"/>
      </object_component>
      <object_component id="oc-25b">
         <name>.tramp.__aeabi_dadd.1</name>
         <load_address>0x37b0</load_address>
         <readonly>true</readonly>
         <executable>true</executable>
         <run_address>0x37b0</run_address>
         <size>0x10</size>
         <alignment>0x4</alignment>
         <input_file_ref idref="fl-fa"/>
      </object_component>
      <object_component id="oc-4c">
         <name>.text:decompress:ZI:__TI_zero_init_nomemset</name>
         <load_address>0x37c0</load_address>
         <readonly>true</readonly>
         <executable>true</executable>
         <run_address>0x37c0</run_address>
         <size>0x16</size>
         <alignment>0x2</alignment>
         <input_file_ref idref="fl-39"/>
      </object_component>
      <object_component id="oc-16b">
         <name>.text.bma5_i2c_read</name>
         <load_address>0x37d6</load_address>
         <readonly>true</readonly>
         <executable>true</executable>
         <run_address>0x37d6</run_address>
         <size>0x14</size>
         <alignment>0x2</alignment>
         <input_file_ref idref="fl-7"/>
      </object_component>
      <object_component id="oc-16c">
         <name>.text.bma5_i2c_write</name>
         <load_address>0x37ea</load_address>
         <readonly>true</readonly>
         <executable>true</executable>
         <run_address>0x37ea</run_address>
         <size>0x14</size>
         <alignment>0x2</alignment>
         <input_file_ref idref="fl-7"/>
      </object_component>
      <object_component id="oc-1f">
         <name>.text:decompress:none</name>
         <load_address>0x37fe</load_address>
         <readonly>true</readonly>
         <executable>true</executable>
         <run_address>0x37fe</run_address>
         <size>0x12</size>
         <alignment>0x2</alignment>
         <input_file_ref idref="fl-3a"/>
      </object_component>
      <object_component id="oc-1fa">
         <name>.text.OUTLINED_FUNCTION_2</name>
         <load_address>0x3810</load_address>
         <readonly>true</readonly>
         <executable>true</executable>
         <run_address>0x3810</run_address>
         <size>0x10</size>
         <alignment>0x2</alignment>
         <input_file_ref idref="fl-38"/>
      </object_component>
      <object_component id="oc-b3">
         <name>.text.ti_opt3007_setRn</name>
         <load_address>0x3820</load_address>
         <readonly>true</readonly>
         <executable>true</executable>
         <run_address>0x3820</run_address>
         <size>0xc</size>
         <alignment>0x2</alignment>
         <input_file_ref idref="fl-9"/>
      </object_component>
      <object_component id="oc-ba">
         <name>.text.ti_opt3007_setSensorSingleShot</name>
         <load_address>0x382c</load_address>
         <readonly>true</readonly>
         <executable>true</executable>
         <run_address>0x382c</run_address>
         <size>0xc</size>
         <alignment>0x2</alignment>
         <input_file_ref idref="fl-9"/>
      </object_component>
      <object_component id="oc-a8">
         <name>.text.DL_Common_delayCycles</name>
         <load_address>0x3838</load_address>
         <readonly>true</readonly>
         <executable>true</executable>
         <run_address>0x3838</run_address>
         <size>0xa</size>
         <alignment>0x2</alignment>
         <input_file_ref idref="fl-19"/>
      </object_component>
      <object_component id="oc-206">
         <name>.text.OUTLINED_FUNCTION_1</name>
         <load_address>0x3842</load_address>
         <readonly>true</readonly>
         <executable>true</executable>
         <run_address>0x3842</run_address>
         <size>0xa</size>
         <alignment>0x2</alignment>
         <input_file_ref idref="fl-38"/>
      </object_component>
      <object_component id="oc-1d0">
         <name>.text.OUTLINED_FUNCTION_3</name>
         <load_address>0x384c</load_address>
         <readonly>true</readonly>
         <executable>true</executable>
         <run_address>0x384c</run_address>
         <size>0xa</size>
         <alignment>0x2</alignment>
         <input_file_ref idref="fl-32"/>
      </object_component>
      <object_component id="oc-1df">
         <name>.text.OUTLINED_FUNCTION_3</name>
         <load_address>0x3856</load_address>
         <readonly>true</readonly>
         <executable>true</executable>
         <run_address>0x3856</run_address>
         <size>0xa</size>
         <alignment>0x2</alignment>
         <input_file_ref idref="fl-33"/>
      </object_component>
      <object_component id="oc-1e4">
         <name>.text.__aeabi_errno_addr</name>
         <load_address>0x3860</load_address>
         <readonly>true</readonly>
         <executable>true</executable>
         <run_address>0x3860</run_address>
         <size>0x8</size>
         <alignment>0x4</alignment>
         <input_file_ref idref="fl-34"/>
      </object_component>
      <object_component id="oc-45">
         <name>.text.__aeabi_memcpy</name>
         <load_address>0x3868</load_address>
         <readonly>true</readonly>
         <executable>true</executable>
         <run_address>0x3868</run_address>
         <size>0x8</size>
         <alignment>0x4</alignment>
         <input_file_ref idref="fl-10a"/>
      </object_component>
      <object_component id="oc-1f2">
         <name>.text.OUTLINED_FUNCTION_0</name>
         <load_address>0x3870</load_address>
         <readonly>true</readonly>
         <executable>true</executable>
         <run_address>0x3870</run_address>
         <size>0x6</size>
         <alignment>0x2</alignment>
         <input_file_ref idref="fl-32"/>
      </object_component>
      <object_component id="oc-25c">
         <name>.tramp.__aeabi_dmul.1</name>
         <load_address>0x3878</load_address>
         <readonly>true</readonly>
         <executable>true</executable>
         <run_address>0x3878</run_address>
         <size>0x10</size>
         <alignment>0x4</alignment>
         <input_file_ref idref="fl-fb"/>
      </object_component>
      <object_component id="oc-20b">
         <name>.text.OUTLINED_FUNCTION_0</name>
         <load_address>0x3888</load_address>
         <readonly>true</readonly>
         <executable>true</executable>
         <run_address>0x3888</run_address>
         <size>0x6</size>
         <alignment>0x2</alignment>
         <input_file_ref idref="fl-33"/>
      </object_component>
      <object_component id="oc-1f1">
         <name>.text.OUTLINED_FUNCTION_1</name>
         <load_address>0x388e</load_address>
         <readonly>true</readonly>
         <executable>true</executable>
         <run_address>0x388e</run_address>
         <size>0x6</size>
         <alignment>0x2</alignment>
         <input_file_ref idref="fl-32"/>
      </object_component>
      <object_component id="oc-20a">
         <name>.text.OUTLINED_FUNCTION_1</name>
         <load_address>0x3894</load_address>
         <readonly>true</readonly>
         <executable>true</executable>
         <run_address>0x3894</run_address>
         <size>0x6</size>
         <alignment>0x2</alignment>
         <input_file_ref idref="fl-33"/>
      </object_component>
      <object_component id="oc-1c6">
         <name>.text.OUTLINED_FUNCTION_2</name>
         <load_address>0x389a</load_address>
         <readonly>true</readonly>
         <executable>true</executable>
         <run_address>0x389a</run_address>
         <size>0x4</size>
         <alignment>0x2</alignment>
         <input_file_ref idref="fl-32"/>
      </object_component>
      <object_component id="oc-1de">
         <name>.text.OUTLINED_FUNCTION_2</name>
         <load_address>0x389e</load_address>
         <readonly>true</readonly>
         <executable>true</executable>
         <run_address>0x389e</run_address>
         <size>0x4</size>
         <alignment>0x2</alignment>
         <input_file_ref idref="fl-33"/>
      </object_component>
      <object_component id="oc-2e">
         <name>.text.Reset_Handler</name>
         <load_address>0x38a2</load_address>
         <readonly>true</readonly>
         <executable>true</executable>
         <run_address>0x38a2</run_address>
         <size>0x4</size>
         <alignment>0x2</alignment>
         <input_file_ref idref="fl-2"/>
      </object_component>
      <object_component id="oc-79">
         <name>.text._system_pre_init</name>
         <load_address>0x38a6</load_address>
         <readonly>true</readonly>
         <executable>true</executable>
         <run_address>0x38a6</run_address>
         <size>0x4</size>
         <alignment>0x2</alignment>
         <input_file_ref idref="fl-49"/>
      </object_component>
      <object_component id="oc-c7">
         <name>.text:abort</name>
         <load_address>0x38aa</load_address>
         <readonly>true</readonly>
         <executable>true</executable>
         <run_address>0x38aa</run_address>
         <size>0x4</size>
         <alignment>0x2</alignment>
         <input_file_ref idref="fl-45"/>
      </object_component>
      <object_component id="oc-257">
         <name>.cinit..data.load</name>
         <load_address>0x3a28</load_address>
         <readonly>true</readonly>
         <run_address>0x3a28</run_address>
         <size>0xd</size>
         <alignment>0x1</alignment>
      </object_component>
      <object_component id="oc-255">
         <name>__TI_handler_table</name>
         <load_address>0x3a38</load_address>
         <readonly>true</readonly>
         <run_address>0x3a38</run_address>
         <size>0xc</size>
         <alignment>0x4</alignment>
      </object_component>
      <object_component id="oc-258">
         <name>.cinit..bss.load</name>
         <load_address>0x3a44</load_address>
         <readonly>true</readonly>
         <run_address>0x3a44</run_address>
         <size>0x8</size>
         <alignment>0x4</alignment>
      </object_component>
      <object_component id="oc-256">
         <name>__TI_cinit_table</name>
         <load_address>0x3a4c</load_address>
         <readonly>true</readonly>
         <run_address>0x3a4c</run_address>
         <size>0x10</size>
         <alignment>0x4</alignment>
      </object_component>
      <object_component id="oc-204">
         <name>.rodata.ipio2</name>
         <load_address>0x38b0</load_address>
         <readonly>true</readonly>
         <run_address>0x38b0</run_address>
         <size>0x108</size>
         <alignment>0x4</alignment>
         <input_file_ref idref="fl-38"/>
      </object_component>
      <object_component id="oc-207">
         <name>.rodata.PIo2</name>
         <load_address>0x39b8</load_address>
         <readonly>true</readonly>
         <run_address>0x39b8</run_address>
         <size>0x40</size>
         <alignment>0x8</alignment>
         <input_file_ref idref="fl-38"/>
      </object_component>
      <object_component id="oc-167">
         <name>.rodata.gTIMER_0TimerConfig</name>
         <load_address>0x39f8</load_address>
         <readonly>true</readonly>
         <run_address>0x39f8</run_address>
         <size>0x14</size>
         <alignment>0x4</alignment>
         <input_file_ref idref="fl-1"/>
      </object_component>
      <object_component id="oc-203">
         <name>.rodata.cst16</name>
         <load_address>0x3a0c</load_address>
         <readonly>true</readonly>
         <run_address>0x3a0c</run_address>
         <size>0x10</size>
         <alignment>0x4</alignment>
         <input_file_ref idref="fl-38"/>
      </object_component>
      <object_component id="oc-166">
         <name>.rodata.gTIMER_0ClockConfig</name>
         <load_address>0x3a1c</load_address>
         <readonly>true</readonly>
         <run_address>0x3a1c</run_address>
         <size>0x3</size>
         <alignment>0x1</alignment>
         <input_file_ref idref="fl-1"/>
      </object_component>
      <object_component id="oc-169">
         <name>.rodata.gI2CClockConfig</name>
         <load_address>0x3a1f</load_address>
         <readonly>true</readonly>
         <run_address>0x3a1f</run_address>
         <size>0x2</size>
         <alignment>0x1</alignment>
         <input_file_ref idref="fl-1"/>
      </object_component>
      <object_component id="oc-220">
         <name>.binit</name>
         <load_address>0x0</load_address>
         <readonly>true</readonly>
         <run_address>0x0</run_address>
         <size>0x0</size>
         <alignment>0x4</alignment>
      </object_component>
      <object_component id="oc-148">
         <name>.data.cami_accel</name>
         <load_address>0x20000210</load_address>
         <readwrite>true</readwrite>
         <run_address>0x20000210</run_address>
         <size>0xc</size>
         <alignment>0x4</alignment>
         <input_file_ref idref="fl-3"/>
      </object_component>
      <object_component id="oc-117">
         <name>.data.n_conf</name>
         <load_address>0x20000223</load_address>
         <readwrite>true</readwrite>
         <run_address>0x20000223</run_address>
         <size>0x1</size>
         <alignment>0x1</alignment>
         <input_file_ref idref="fl-3"/>
      </object_component>
      <object_component id="oc-146">
         <name>.data.n_status</name>
         <load_address>0x20000230</load_address>
         <readwrite>true</readwrite>
         <run_address>0x20000230</run_address>
         <size>0x1</size>
         <alignment>0x1</alignment>
         <input_file_ref idref="fl-3"/>
      </object_component>
      <object_component id="oc-149">
         <name>.data.loop</name>
         <load_address>0x20000222</load_address>
         <readwrite>true</readwrite>
         <run_address>0x20000222</run_address>
         <size>0x1</size>
         <alignment>0x1</alignment>
         <input_file_ref idref="fl-3"/>
      </object_component>
      <object_component id="oc-185">
         <name>.data.acceldata</name>
         <load_address>0x2000021c</load_address>
         <readwrite>true</readwrite>
         <run_address>0x2000021c</run_address>
         <size>0x6</size>
         <alignment>0x1</alignment>
         <input_file_ref idref="fl-4"/>
      </object_component>
      <object_component id="oc-176">
         <name>.data.temp_buf</name>
         <load_address>0x20000180</load_address>
         <readwrite>true</readwrite>
         <run_address>0x20000180</run_address>
         <size>0x80</size>
         <alignment>0x1</alignment>
         <input_file_ref idref="fl-4"/>
      </object_component>
      <object_component id="oc-6c">
         <name>.data.gTxPacket</name>
         <load_address>0x20000200</load_address>
         <readwrite>true</readwrite>
         <run_address>0x20000200</run_address>
         <size>0x10</size>
         <alignment>0x1</alignment>
         <input_file_ref idref="fl-8"/>
      </object_component>
      <object_component id="oc-5c">
         <name>.data.TIMG14_IRQHandler.count</name>
         <load_address>0x20000224</load_address>
         <readwrite>true</readwrite>
         <run_address>0x20000224</run_address>
         <size>0x4</size>
         <alignment>0x4</alignment>
         <input_file_ref idref="fl-8"/>
      </object_component>
      <object_component id="oc-14f">
         <name>.data.detect_fish_bite_fft.samCnt</name>
         <load_address>0x2000022c</load_address>
         <readwrite>true</readwrite>
         <run_address>0x2000022c</run_address>
         <size>0x4</size>
         <alignment>0x4</alignment>
         <input_file_ref idref="fl-8"/>
      </object_component>
      <object_component id="oc-20c">
         <name>.data.__aeabi_errno</name>
         <load_address>0x20000228</load_address>
         <readwrite>true</readwrite>
         <run_address>0x20000228</run_address>
         <size>0x4</size>
         <alignment>0x4</alignment>
         <input_file_ref idref="fl-34"/>
      </object_component>
      <object_component id="oc-16a">
         <name>.bss.dev_addr</name>
         <uninitialized>true</uninitialized>
         <readwrite>true</readwrite>
         <run_address>0x20000157</run_address>
         <size>0x1</size>
         <alignment>0x1</alignment>
         <input_file_ref idref="fl-7"/>
      </object_component>
      <object_component id="oc-110">
         <name>.common:int_config</name>
         <uninitialized>true</uninitialized>
         <readwrite>true</readwrite>
         <run_address>0x20000170</run_address>
         <size>0x4</size>
         <alignment>0x1</alignment>
      </object_component>
      <object_component id="oc-111">
         <name>.common:int_status</name>
         <uninitialized>true</uninitialized>
         <readwrite>true</readwrite>
         <run_address>0x20000128</run_address>
         <size>0xe</size>
         <alignment>0x1</alignment>
      </object_component>
      <object_component id="oc-112">
         <name>.common:dev</name>
         <uninitialized>true</uninitialized>
         <readwrite>true</readwrite>
         <run_address>0x20000100</run_address>
         <size>0x18</size>
         <alignment>0x4</alignment>
      </object_component>
      <object_component id="oc-113">
         <name>.common:rslt</name>
         <uninitialized>true</uninitialized>
         <readwrite>true</readwrite>
         <run_address>0x2000017e</run_address>
         <size>0x1</size>
         <alignment>0x1</alignment>
      </object_component>
      <object_component id="oc-114">
         <name>.common:int_map</name>
         <uninitialized>true</uninitialized>
         <readwrite>true</readwrite>
         <run_address>0x20000136</run_address>
         <size>0xd</size>
         <alignment>0x1</alignment>
      </object_component>
      <object_component id="oc-115">
         <name>.common:sensor_ctrl</name>
         <uninitialized>true</uninitialized>
         <readwrite>true</readwrite>
         <run_address>0x2000017f</run_address>
         <size>0x1</size>
         <alignment>0x1</alignment>
      </object_component>
      <object_component id="oc-116">
         <name>.common:acc_cfg</name>
         <uninitialized>true</uninitialized>
         <readwrite>true</readwrite>
         <run_address>0x20000150</run_address>
         <size>0x7</size>
         <alignment>0x1</alignment>
      </object_component>
      <object_component id="oc-145">
         <name>.common:status</name>
         <uninitialized>true</uninitialized>
         <readwrite>true</readwrite>
         <run_address>0x20000174</run_address>
         <size>0x3</size>
         <alignment>0x1</alignment>
      </object_component>
      <object_component id="oc-147">
         <name>.common:sens_data</name>
         <uninitialized>true</uninitialized>
         <readwrite>true</readwrite>
         <run_address>0x20000158</run_address>
         <size>0x6</size>
         <alignment>0x2</alignment>
      </object_component>
      <object_component id="oc-5d">
         <name>.common:gTogglePolicy</name>
         <uninitialized>true</uninitialized>
         <readwrite>true</readwrite>
         <run_address>0x2000017c</run_address>
         <size>0x1</size>
         <alignment>0x1</alignment>
      </object_component>
      <object_component id="oc-66">
         <name>.common:gI2cControllerStatus</name>
         <uninitialized>true</uninitialized>
         <readwrite>true</readwrite>
         <run_address>0x2000017a</run_address>
         <size>0x1</size>
         <alignment>0x1</alignment>
      </object_component>
      <object_component id="oc-c2">
         <name>.common:opt300checkCnt</name>
         <uninitialized>true</uninitialized>
         <readwrite>true</readwrite>
         <run_address>0x20000178</run_address>
         <size>0x2</size>
         <alignment>0x2</alignment>
      </object_component>
      <object_component id="oc-c3">
         <name>.common:optlux</name>
         <uninitialized>true</uninitialized>
         <readwrite>true</readwrite>
         <run_address>0x20000148</run_address>
         <size>0x8</size>
         <alignment>0x8</alignment>
      </object_component>
      <object_component id="oc-c4">
         <name>.common:gLED_On</name>
         <uninitialized>true</uninitialized>
         <readwrite>true</readwrite>
         <run_address>0x2000017b</run_address>
         <size>0x1</size>
         <alignment>0x1</alignment>
      </object_component>
      <object_component id="oc-c5">
         <name>.common:gFish_Red</name>
         <uninitialized>true</uninitialized>
         <readwrite>true</readwrite>
         <run_address>0x20000177</run_address>
         <size>0x1</size>
         <alignment>0x1</alignment>
      </object_component>
      <object_component id="oc-c6">
         <name>.common:fishcheckCnt</name>
         <uninitialized>true</uninitialized>
         <readwrite>true</readwrite>
         <run_address>0x2000015e</run_address>
         <size>0x2</size>
         <alignment>0x2</alignment>
      </object_component>
      <object_component id="oc-6a">
         <name>.common:gTxCount</name>
         <uninitialized>true</uninitialized>
         <readwrite>true</readwrite>
         <run_address>0x20000168</run_address>
         <size>0x4</size>
         <alignment>0x4</alignment>
      </object_component>
      <object_component id="oc-6b">
         <name>.common:gTxLen</name>
         <uninitialized>true</uninitialized>
         <readwrite>true</readwrite>
         <run_address>0x2000016c</run_address>
         <size>0x4</size>
         <alignment>0x4</alignment>
      </object_component>
      <object_component id="oc-6d">
         <name>.common:gRxLen</name>
         <uninitialized>true</uninitialized>
         <readwrite>true</readwrite>
         <run_address>0x20000164</run_address>
         <size>0x4</size>
         <alignment>0x4</alignment>
      </object_component>
      <object_component id="oc-6e">
         <name>.common:gRxCount</name>
         <uninitialized>true</uninitialized>
         <readwrite>true</readwrite>
         <run_address>0x20000160</run_address>
[...]
         <object_component_ref idref="oc-1b7"/>
      </symbol>
      <symbol id="sm-f2">
         <name>bma5_i2c_write</name>
         <value>0x37eb</value>
         <object_component_ref idref="oc-16c"/>
      </symbol>
      <symbol id="sm-f3">
         <name>mspm0c1103_I2C_write</name>
         <value>0x24b9</value>
         <object_component_ref idref="oc-1b8"/>
      </symbol>
      <symbol id="sm-f4">
         <name>bma5_delay_us</name>
         <value>0x3101</value>
         <object_component_ref idref="oc-16d"/>
      </symbol>
      <symbol id="sm-f5">
         <name>bma5_interface_init</name>
         <value>0x705</value>
         <object_component_ref idref="oc-f2"/>
      </symbol>
      <symbol id="sm-112">
         <name>main</name>
         <value>0x13b5</value>
         <object_component_ref idref="oc-7d"/>
      </symbol>
      <symbol id="sm-113">
         <name>detect_fish_bite_fft</name>
         <value>0x29ad</value>
         <object_component_ref idref="oc-c1"/>
      </symbol>
      <symbol id="sm-114">
         <name>gTogglePolicy</name>
         <value>0x2000017c</value>
      </symbol>
      <symbol id="sm-115">
         <name>gI2cControllerStatus</name>
         <value>0x2000017a</value>
      </symbol>
      <symbol id="sm-116">
         <name>opt300checkCnt</name>
         <value>0x20000178</value>
      </symbol>
      <symbol id="sm-117">
         <name>optlux</name>
         <value>0x20000148</value>
      </symbol>
      <symbol id="sm-118">
         <name>gLED_On</name>
         <value>0x2000017b</value>
      </symbol>
      <symbol id="sm-119">
         <name>gFish_Red</name>
         <value>0x20000177</value>
      </symbol>
      <symbol id="sm-11a">
         <name>fishcheckCnt</name>
         <value>0x2000015e</value>
      </symbol>
      <symbol id="sm-11b">
         <name>TIMG14_IRQHandler</name>
         <value>0x36a5</value>
         <object_component_ref idref="oc-33"/>
      </symbol>
      <symbol id="sm-11c">
         <name>I2C0_IRQHandler</name>
         <value>0x1f8d</value>
         <object_component_ref idref="oc-38"/>
      </symbol>
      <symbol id="sm-11d">
         <name>gTxCount</name>
         <value>0x20000168</value>
      </symbol>
      <symbol id="sm-11e">
         <name>gTxLen</name>
         <value>0x2000016c</value>
      </symbol>
      <symbol id="sm-11f">
         <name>gTxPacket</name>
         <value>0x20000200</value>
         <object_component_ref idref="oc-6c"/>
      </symbol>
      <symbol id="sm-120">
         <name>gRxLen</name>
         <value>0x20000164</value>
      </symbol>
      <symbol id="sm-121">
         <name>gRxCount</name>
         <value>0x20000160</value>
      </symbol>
      <symbol id="sm-122">
         <name>gRxPacket</name>
         <value>0x20000118</value>
      </symbol>
      <symbol id="sm-123">
         <name>compute_fft</name>
         <value>0xafd</value>
         <object_component_ref idref="oc-14a"/>
      </symbol>
      <symbol id="sm-124">
         <name>z_samples</name>
         <value>0x20000080</value>
      </symbol>
      <symbol id="sm-125">
         <name>fft_mag</name>
         <value>0x20000000</value>
      </symbol>
      <symbol id="sm-134">
         <name>ti_opt3007_setSensorSingleShot</name>
         <value>0x382d</value>
         <object_component_ref idref="oc-ba"/>
      </symbol>
      <symbol id="sm-135">
         <name>ti_opt3007_setRn</name>
         <value>0x3821</value>
         <object_component_ref idref="oc-b3"/>
      </symbol>
      <symbol id="sm-136">
         <name>ti_opt3007_readLux</name>
         <value>0x333d</value>
         <object_component_ref idref="oc-bb"/>
      </symbol>
      <symbol id="sm-144">
         <name>ti_opt3007_I2C_read</name>
         <value>0x1c19</value>
         <object_component_ref idref="oc-11e"/>
      </symbol>
      <symbol id="sm-145">
         <name>resAddr</name>
         <value>0x2000017d</value>
      </symbol>
      <symbol id="sm-146">
         <name>txBuffer</name>
         <value>0x20000143</value>
      </symbol>
      <symbol id="sm-147">
         <name>ti_opt3007_I2C_write</name>
         <value>0x27dd</value>
         <object_component_ref idref="oc-179"/>
      </symbol>
      <symbol id="sm-154">
         <name>ti_opt3007_deviceRegister_write</name>
         <value>0x3261</value>
         <object_component_ref idref="oc-11a"/>
      </symbol>
      <symbol id="sm-155">
         <name>ti_opt3007_assignRegistermap</name>
         <value>0x1959</value>
         <object_component_ref idref="oc-b1"/>
      </symbol>
      <symbol id="sm-156">
         <name>__TI_ATRegion0_src_addr</name>
         <value>0x0</value>
      </symbol>
      <symbol id="sm-157">
         <name>__TI_ATRegion0_trg_addr</name>
         <value>0x0</value>
      </symbol>
      <symbol id="sm-158">
         <name>__TI_ATRegion0_region_sz</name>
         <value>0x0</value>
      </symbol>
      <symbol id="sm-159">
         <name>__TI_ATRegion1_src_addr</name>
         <value>0x0</value>
      </symbol>
      <symbol id="sm-15a">
         <name>__TI_ATRegion1_trg_addr</name>
         <value>0x0</value>
      </symbol>
      <symbol id="sm-15b">
         <name>__TI_ATRegion1_region_sz</name>
         <value>0x0</value>
      </symbol>
      <symbol id="sm-15c">
         <name>__TI_ATRegion2_src_addr</name>
         <value>0x0</value>
      </symbol>
      <symbol id="sm-15d">
         <name>__TI_ATRegion2_trg_addr</name>
         <value>0x0</value>
      </symbol>
      <symbol id="sm-15e">
         <name>__TI_ATRegion2_region_sz</name>
         <value>0x0</value>
      </symbol>
      <symbol id="sm-167">
         <name>DL_Common_delayCycles</name>
         <value>0x3839</value>
         <object_component_ref idref="oc-a8"/>
      </symbol>
      <symbol id="sm-173">
         <name>DL_I2C_setClockConfig</name>
         <value>0x36f5</value>
         <object_component_ref idref="oc-168"/>
      </symbol>
      <symbol id="sm-174">
         <name>DL_I2C_fillControllerTXFIFO</name>
         <value>0x30a3</value>
         <object_component_ref idref="oc-60"/>
      </symbol>
      <symbol id="sm-184">
         <name>DL_Timer_setClockConfig</name>
         <value>0x3765</value>
         <object_component_ref idref="oc-15f"/>
      </symbol>
      <symbol id="sm-185">
         <name>DL_Timer_initTimerMode</name>
         <value>0x1a4d</value>
         <object_component_ref idref="oc-165"/>
      </symbol>
      <symbol id="sm-190">
         <name>DL_SYSCTL_switchMCLKfromLFCLKtoSYSOSC</name>
         <value>0x3571</value>
         <object_component_ref idref="oc-b5"/>
      </symbol>
      <symbol id="sm-19a">
         <name>sqrtf</name>
         <value>0x2605</value>
         <object_component_ref idref="oc-1a1"/>
      </symbol>
      <symbol id="sm-1b9">
         <name>cosf</name>
         <value>0xe85</value>
         <object_component_ref idref="oc-195"/>
      </symbol>
      <symbol id="sm-1d8">
         <name>sinf</name>
         <value>0x1059</value>
         <object_component_ref idref="oc-19b"/>
      </symbol>
      <symbol id="sm-1e3">
         <name>__aeabi_errno_addr</name>
         <value>0x3861</value>
         <object_component_ref idref="oc-1e4"/>
      </symbol>
      <symbol id="sm-1e4">
         <name>__aeabi_errno</name>
         <value>0x20000228</value>
         <object_component_ref idref="oc-20c"/>
      </symbol>
      <symbol id="sm-203">
         <name>__kernel_rem_pio2</name>
         <value>0xc1</value>
         <object_component_ref idref="oc-1d5"/>
      </symbol>
      <symbol id="sm-20d">
         <name>__TI_zero_init_nomemset</name>
         <value>0x37c1</value>
         <object_component_ref idref="oc-4c"/>
      </symbol>
      <symbol id="sm-216">
         <name>__TI_decompress_none</name>
         <value>0x37ff</value>
         <object_component_ref idref="oc-1f"/>
      </symbol>
      <symbol id="sm-221">
         <name>__TI_decompress_lzss</name>
         <value>0x2c59</value>
         <object_component_ref idref="oc-1b"/>
      </symbol>
      <symbol id="sm-22c">
         <name>_c_int00_noargs</name>
         <value>0x36cd</value>
         <object_component_ref idref="oc-55"/>
      </symbol>
      <symbol id="sm-22d">
         <name>__stack</name>
         <value>0x200003c0</value>
         <object_component_ref idref="oc-19"/>
      </symbol>
      <symbol id="sm-238">
         <name>floor</name>
         <value>0x1521</value>
         <object_component_ref idref="oc-1ff"/>
      </symbol>
      <symbol id="sm-239">
         <name>floorl</name>
         <value>0x1521</value>
         <object_component_ref idref="oc-1ff"/>
      </symbol>
      <symbol id="sm-243">
         <name>scalbn</name>
         <value>0x1ddd</value>
         <object_component_ref idref="oc-1fb"/>
      </symbol>
      <symbol id="sm-244">
         <name>ldexp</name>
         <value>0x1ddd</value>
         <object_component_ref idref="oc-1fb"/>
      </symbol>
      <symbol id="sm-245">
         <name>scalbnl</name>
         <value>0x1ddd</value>
         <object_component_ref idref="oc-1fb"/>
      </symbol>
      <symbol id="sm-246">
         <name>ldexpl</name>
         <value>0x1ddd</value>
         <object_component_ref idref="oc-1fb"/>
      </symbol>
      <symbol id="sm-255">
         <name>abort</name>
         <value>0x38ab</value>
         <object_component_ref idref="oc-c7"/>
      </symbol>
      <symbol id="sm-256">
         <name>C$$EXIT</name>
         <value>0x38aa</value>
         <object_component_ref idref="oc-c7"/>
      </symbol>
      <symbol id="sm-263">
         <name>__TI_auto_init_nobinit_nopinit</name>
         <value>0x34bd</value>
         <object_component_ref idref="oc-ce"/>
      </symbol>
      <symbol id="sm-26b">
         <name>_system_pre_init</name>
         <value>0x38a7</value>
         <object_component_ref idref="oc-79"/>
      </symbol>
      <symbol id="sm-28a">
         <name>__aeabi_fadd</name>
         <value>0x1ebf</value>
         <object_component_ref idref="oc-141"/>
      </symbol>
      <symbol id="sm-28b">
         <name>__addsf3</name>
         <value>0x1ebf</value>
         <object_component_ref idref="oc-141"/>
      </symbol>
      <symbol id="sm-28c">
         <name>__aeabi_fsub</name>
         <value>0x1eb5</value>
         <object_component_ref idref="oc-141"/>
      </symbol>
      <symbol id="sm-28d">
         <name>__subsf3</name>
         <value>0x1eb5</value>
         <object_component_ref idref="oc-141"/>
      </symbol>
      <symbol id="sm-293">
         <name>__aeabi_dadd</name>
         <value>0x122b</value>
         <object_component_ref idref="oc-1c8"/>
      </symbol>
      <symbol id="sm-294">
         <name>__adddf3</name>
         <value>0x122b</value>
         <object_component_ref idref="oc-1c8"/>
      </symbol>
      <symbol id="sm-295">
         <name>__aeabi_dsub</name>
         <value>0x1221</value>
         <object_component_ref idref="oc-1c8"/>
      </symbol>
      <symbol id="sm-296">
         <name>__subdf3</name>
         <value>0x1221</value>
         <object_component_ref idref="oc-1c8"/>
      </symbol>
      <symbol id="sm-29f">
         <name>__aeabi_dmul</name>
         <value>0x1b35</value>
         <object_component_ref idref="oc-124"/>
      </symbol>
      <symbol id="sm-2a0">
         <name>__muldf3</name>
         <value>0x1b35</value>
         <object_component_ref idref="oc-124"/>
      </symbol>
      <symbol id="sm-2a9">
         <name>__muldsi3</name>
         <value>0x3535</value>
         <object_component_ref idref="oc-17d"/>
      </symbol>
      <symbol id="sm-2af">
         <name>__aeabi_fmul</name>
         <value>0x2ad1</value>
         <object_component_ref idref="oc-13d"/>
      </symbol>
      <symbol id="sm-2b0">
         <name>__mulsf3</name>
         <value>0x2ad1</value>
         <object_component_ref idref="oc-13d"/>
      </symbol>
      <symbol id="sm-2b6">
         <name>__aeabi_ddiv</name>
         <value>0x1665</value>
         <object_component_ref idref="oc-18d"/>
      </symbol>
      <symbol id="sm-2b7">
         <name>__divdf3</name>
         <value>0x1665</value>
         <object_component_ref idref="oc-18d"/>
      </symbol>
      <symbol id="sm-2bd">
         <name>__aeabi_f2d</name>
         <value>0x3405</value>
         <object_component_ref idref="oc-1d1"/>
      </symbol>
      <symbol id="sm-2be">
         <name>__extendsfdf2</name>
         <value>0x3405</value>
         <object_component_ref idref="oc-1d1"/>
      </symbol>
      <symbol id="sm-2c4">
         <name>__aeabi_d2iz</name>
         <value>0x32ad</value>
         <object_component_ref idref="oc-1cc"/>
      </symbol>
      <symbol id="sm-2c5">
         <name>__fixdfsi</name>
         <value>0x32ad</value>
         <object_component_ref idref="oc-1cc"/>
      </symbol>
      <symbol id="sm-2cb">
         <name>__aeabi_f2iz</name>
         <value>0x35e1</value>
         <object_component_ref idref="oc-1c2"/>
      </symbol>
      <symbol id="sm-2cc">
         <name>__fixsfsi</name>
         <value>0x35e1</value>
         <object_component_ref idref="oc-1c2"/>
      </symbol>
      <symbol id="sm-2d2">
         <name>__aeabi_i2d</name>
         <value>0x3679</value>
         <object_component_ref idref="oc-120"/>
      </symbol>
      <symbol id="sm-2d3">
         <name>__floatsidf</name>
         <value>0x3679</value>
         <object_component_ref idref="oc-120"/>
      </symbol>
      <symbol id="sm-2d9">
         <name>__aeabi_i2f</name>
         <value>0x3445</value>
         <object_component_ref idref="oc-139"/>
      </symbol>
      <symbol id="sm-2da">
         <name>__floatsisf</name>
         <value>0x3445</value>
         <object_component_ref idref="oc-139"/>
      </symbol>
      <symbol id="sm-2e0">
         <name>__aeabi_ui2d</name>
         <value>0x3741</value>
         <object_component_ref idref="oc-128"/>
      </symbol>
      <symbol id="sm-2e1">
         <name>__floatunsidf</name>
         <value>0x3741</value>
         <object_component_ref idref="oc-128"/>
      </symbol>
      <symbol id="sm-2e8">
         <name>__aeabi_d2f</name>
         <value>0x2dc1</value>
         <object_component_ref idref="oc-191"/>
      </symbol>
      <symbol id="sm-2e9">
         <name>__truncdfsf2</name>
         <value>0x2dc1</value>
         <object_component_ref idref="oc-191"/>
      </symbol>
      <symbol id="sm-2ef">
         <name>__aeabi_dcmpeq</name>
         <value>0x2fdd</value>
         <object_component_ref idref="oc-bc"/>
      </symbol>
      <symbol id="sm-2f0">
         <name>__aeabi_dcmplt</name>
         <value>0x2ff1</value>
         <object_component_ref idref="oc-bc"/>
      </symbol>
      <symbol id="sm-2f1">
         <name>__aeabi_dcmple</name>
         <value>0x3005</value>
         <object_component_ref idref="oc-bc"/>
      </symbol>
      <symbol id="sm-2f2">
         <name>__aeabi_dcmpge</name>
         <value>0x3019</value>
         <object_component_ref idref="oc-bc"/>
      </symbol>
      <symbol id="sm-2f3">
         <name>__aeabi_dcmpgt</name>
         <value>0x302d</value>
         <object_component_ref idref="oc-bc"/>
      </symbol>
      <symbol id="sm-2f9">
         <name>__aeabi_fcmpeq</name>
         <value>0x3041</value>
         <object_component_ref idref="oc-14b"/>
      </symbol>
      <symbol id="sm-2fa">
         <name>__aeabi_fcmplt</name>
         <value>0x3055</value>
         <object_component_ref idref="oc-14b"/>
      </symbol>
      <symbol id="sm-2fb">
         <name>__aeabi_fcmple</name>
         <value>0x3069</value>
         <object_component_ref idref="oc-14b"/>
      </symbol>
      <symbol id="sm-2fc">
         <name>__aeabi_fcmpge</name>
         <value>0x307d</value>
         <object_component_ref idref="oc-14b"/>
      </symbol>
      <symbol id="sm-2fd">
         <name>__aeabi_fcmpgt</name>
         <value>0x3091</value>
         <object_component_ref idref="oc-14b"/>
      </symbol>
      <symbol id="sm-303">
         <name>__aeabi_idiv</name>
         <value>0x31b9</value>
         <object_component_ref idref="oc-1f6"/>
      </symbol>
      <symbol id="sm-304">
         <name>__aeabi_idivmod</name>
         <value>0x31b9</value>
         <object_component_ref idref="oc-1f6"/>
      </symbol>
      <symbol id="sm-30a">
         <name>__aeabi_memcpy</name>
         <value>0x3869</value>
         <object_component_ref idref="oc-45"/>
      </symbol>
      <symbol id="sm-30b">
         <name>__aeabi_memcpy4</name>
         <value>0x3869</value>
         <object_component_ref idref="oc-45"/>
      </symbol>
      <symbol id="sm-30c">
         <name>__aeabi_memcpy8</name>
         <value>0x3869</value>
         <object_component_ref idref="oc-45"/>
      </symbol>
      <symbol id="sm-312">
         <name>__aeabi_uidiv</name>
         <value>0x33c5</value>
         <object_component_ref idref="oc-189"/>
      </symbol>
      <symbol id="sm-313">
         <name>__aeabi_uidivmod</name>
         <value>0x33c5</value>
         <object_component_ref idref="oc-189"/>
      </symbol>
      <symbol id="sm-31c">
         <name>__eqsf2</name>
         <value>0x34f9</value>
         <object_component_ref idref="oc-1a5"/>
      </symbol>
      <symbol id="sm-31d">
         <name>__lesf2</name>
         <value>0x34f9</value>
         <object_component_ref idref="oc-1a5"/>
      </symbol>
      <symbol id="sm-31e">
         <name>__ltsf2</name>
         <value>0x34f9</value>
         <object_component_ref idref="oc-1a5"/>
      </symbol>
      <symbol id="sm-31f">
         <name>__nesf2</name>
         <value>0x34f9</value>
         <object_component_ref idref="oc-1a5"/>
      </symbol>
      <symbol id="sm-320">
         <name>__cmpsf2</name>
         <value>0x34f9</value>
         <object_component_ref idref="oc-1a5"/>
      </symbol>
      <symbol id="sm-321">
         <name>__gtsf2</name>
         <value>0x3481</value>
         <object_component_ref idref="oc-1aa"/>
      </symbol>
      <symbol id="sm-322">
         <name>__gesf2</name>
         <value>0x3481</value>
         <object_component_ref idref="oc-1aa"/>
      </symbol>
      <symbol id="sm-330">
         <name>__ledf2</name>
         <value>0x2f0d</value>
         <object_component_ref idref="oc-12c"/>
      </symbol>
      <symbol id="sm-331">
         <name>__gedf2</name>
         <value>0x2d4d</value>
         <object_component_ref idref="oc-132"/>
      </symbol>
      <symbol id="sm-332">
         <name>__cmpdf2</name>
         <value>0x2f0d</value>
         <object_component_ref idref="oc-12c"/>
      </symbol>
      <symbol id="sm-333">
         <name>__eqdf2</name>
         <value>0x2f0d</value>
         <object_component_ref idref="oc-12c"/>
      </symbol>
      <symbol id="sm-334">
         <name>__ltdf2</name>
         <value>0x2f0d</value>
         <object_component_ref idref="oc-12c"/>
      </symbol>
      <symbol id="sm-335">
         <name>__nedf2</name>
         <value>0x2f0d</value>
         <object_component_ref idref="oc-12c"/>
      </symbol>
      <symbol id="sm-336">
         <name>__gtdf2</name>
         <value>0x2d4d</value>
         <object_component_ref idref="oc-132"/>
      </symbol>
      <symbol id="sm-340">
         <name>__aeabi_idiv0</name>
         <value>0x24b7</value>
         <object_component_ref idref="oc-1ba"/>
      </symbol>
      <symbol id="sm-35a">
         <name>memcpy</name>
         <value>0x2913</value>
         <object_component_ref idref="oc-9e"/>
      </symbol>
      <symbol id="sm-35b">
         <name>__TI_static_base__</name>
         <value>0x0</value>
      </symbol>
      <symbol id="sm-35f">
         <name>__mpu_init</name>
         <value>0x0</value>
      </symbol>
      <symbol id="sm-360">
         <name>_system_post_cinit</name>
         <value>0x0</value>
      </symbol>
   </symbol_table>
   <title>Link successful</title>
</link_info>
