******************************************************************************
            TI ARM Clang Linker Unix v4.0.1                    
******************************************************************************
>> Linked Wed Jan  1 11:13:11 2025

OUTPUT FILE NAME:   <i2c_controller_rw_multibyte_fifo_interrupts_LP_MSPM0C1104_nortos_ticlang.out>
ENTRY POINT SYMBOL: "_c_int00_noargs"  address: 00000a99


MEMORY CONFIGURATION

         name            origin    length      used     unused   attr    fill
----------------------  --------  ---------  --------  --------  ----  --------
  FLASH                 00000000   00002000  00000bf0  00001410  R  X
  SRAM                  20000000   00000400  00000077  00000389  RW X
  BCR_CONFIG            41c00000   00000080  00000000  00000080  R   


SEGMENT ALLOCATION MAP

run origin  load origin   length   init length attrs members
----------  ----------- ---------- ----------- ----- -------
00000000    00000000    00000bf0   00000bf0    r-x
  00000000    00000000    000000c0   000000c0    r-- .intvecs
  000000c0    000000c0    00000af8   00000af8    r-x .text
  00000bb8    00000bb8    00000008   00000008    r-- .rodata
  00000bc0    00000bc0    00000030   00000030    r-- .cinit
20000000    20000000    00000037   00000000    rw-
  20000000    20000000    00000027   00000000    rw- .bss
  20000027    20000027    00000010   00000000    rw- .data
200003c0    200003c0    00000040   00000000    rw-
  200003c0    200003c0    00000040   00000000    rw- .stack


SECTION ALLOCATION MAP

 output                                  attributes/
section   page    origin      length       input sections
--------  ----  ----------  ----------   ----------------
.intvecs   0    00000000    000000c0     
                  00000000    000000c0     startup_mspm0c110x_ticlang.o (.intvecs)

.text      0    000000c0    00000af8     
                  000000c0    000000f4     opt3007_registers.o (.text.ti_opt3007_assignRegistermap)
                  000001b4    000000e4     libclang_rt.builtins.a : muldf3.S.obj (.text.__muldf3)
                  00000298    000000d4     main.o (.text.I2C0_IRQHandler)
                  0000036c    000000c4     mxc4005_hostControl.o (.text.mxc4005_I2C_write)
                  00000430    000000c4     opt3007_hostControl.o (.text.ti_opt3007_I2C_write)
                  000004f4    0000009a     libc.a : memcpy16.S.obj (.text:memcpy)
                  0000058e    00000002     startup_mspm0c110x_ticlang.o (.text.Default_Handler)
                  00000590    00000088     mxc4005_hostControl.o (.text.mxc4005_I2C_read)
                  00000618    00000088     opt3007_hostControl.o (.text.ti_opt3007_I2C_read)
                  000006a0    0000007c     libc.a : copy_decompress_lzss.c.obj (.text:decompress:lzss)
                  0000071c    0000006c     ti_msp_dl_config.o (.text.SYSCFG_DL_I2C_init)
                  00000788    00000068     main.o (.text.main)
                  000007f0    00000060     mxc4005_functions.o (.text.mxc4005_readLux)
                  00000850    0000005e     driverlib.a : dl_i2c.o (.text.DL_I2C_fillControllerTXFIFO)
                  000008ae    00000002     --HOLE-- [fill = 0]
                  000008b0    0000004c     opt3007_registers.o (.text.ti_opt3007_deviceRegister_write)
                  000008fc    00000044     opt3007_functions.o (.text.ti_opt3007_readLux)
                  00000940    0000003c     libc.a : autoinit.c.obj (.text:__TI_auto_init_nobinit_nopinit)
                  0000097c    0000003a     libclang_rt.builtins.a : muldsi3.S.obj (.text.__muldsi3)
                  000009b6    00000002     --HOLE-- [fill = 0]
                  000009b8    00000038     ti_msp_dl_config.o (.text.SYSCFG_DL_GPIO_init)
                  000009f0    0000002c     ti_msp_dl_config.o (.text.SYSCFG_DL_initPower)
                  00000a1c    0000002c     libclang_rt.builtins.a : floatsidf.S.obj (.text.__floatsidf)
                  00000a48    00000028     mxc4005_registers.o (.text.mxc4005_deviceRegister_read)
                  00000a70    00000028     opt3007_registers.o (.text.ti_opt3007_deviceRegister_read)
                  00000a98    00000028     libc.a : boot_cortex_m.c.obj (.text:_c_int00_noargs)
                  00000ac0    00000026     driverlib.a : dl_i2c.o (.text.DL_I2C_setClockConfig)
                  00000ae6    00000002     --HOLE-- [fill = 0]
                  00000ae8    00000024     ti_msp_dl_config.o (.text.SYSCFG_DL_SYSCTL_init)
                  00000b0c    00000024     libclang_rt.builtins.a : floatunsidf.S.obj (.text.__floatunsidf)
                  00000b30    00000016     libc.a : copy_zero_init.c.obj (.text:decompress:ZI:__TI_zero_init_nomemset)
                  00000b46    00000014     ti_msp_dl_config.o (.text.SYSCFG_DL_init)
                  00000b5a    00000012     libc.a : copy_decompress_none.c.obj (.text:decompress:none)
                  00000b6c    0000000c     opt3007_functions.o (.text.ti_opt3007_setSensorContinuous)
                  00000b78    0000000c     opt3007_functions.o (.text.ti_opt3007_setSensorConversionTime100mS)
                  00000b84    0000000a     driverlib.a : dl_common.o (.text.DL_Common_delayCycles)
                  00000b8e    0000000a     mxc4005_functions.o (.text.mxc4005_readManufacturerID)
                  00000b98    0000000a     opt3007_functions.o (.text.ti_opt3007_readManufacturerID)
                  00000ba2    00000002     --HOLE-- [fill = 0]
                  00000ba4    00000008     libclang_rt.builtins.a : aeabi_memcpy.S.obj (.text.__aeabi_memcpy)
                  00000bac    00000004     startup_mspm0c110x_ticlang.o (.text.Reset_Handler)
                  00000bb0    00000004     libc.a : pre_init.c.obj (.text._system_pre_init)
                  00000bb4    00000004            : exit.c.obj (.text:abort)

.cinit     0    00000bc0    00000030     
                  00000bc0    0000000c     (__TI_handler_table)
                  00000bcc    00000008     (.cinit..bss.load) [load image, compression = zero_init]
                  00000bd4    00000007     (.cinit..data.load) [load image, compression = lzss]
                  00000bdb    00000001     --HOLE-- [fill = 0]
                  00000bdc    00000010     (__TI_cinit_table)
                  00000bec    00000004     --HOLE-- [fill = 0]

.rodata    0    00000bb8    00000008     
                  00000bb8    00000002     ti_msp_dl_config.o (.rodata.gI2CClockConfig)
                  00000bba    00000006     --HOLE-- [fill = 0]

.init_array 
*          0    00000000    00000000     UNINITIALIZED

.binit     0    00000000    00000000     

.bss       0    20000000    00000027     UNINITIALIZED
                  20000000    00000010     (.common:gRxPacket)
                  20000010    00000004     (.common:gRxCount)
                  20000014    00000004     (.common:gRxLen)
                  20000018    00000004     (.common:gTxCount)
                  2000001c    00000004     (.common:gTxLen)
                  20000020    00000002     (.common:accel_x)
                  20000022    00000002     (.common:accel_y)
                  20000024    00000002     (.common:accel_z)
                  20000026    00000001     (.common:gI2cControllerStatus)

.data      0    20000027    00000010     UNINITIALIZED
                  20000027    00000010     main.o (.data.gTxPacket)

.stack     0    200003c0    00000040     UNINITIALIZED
                  200003c0    00000004     libc.a : boot_cortex_m.c.obj (.stack)
                  200003c4    0000003c     --HOLE--

__llvm_prf_cnts 
*          0    20000000    00000000     UNINITIALIZED

__llvm_prf_bits 
*          0    20000000    00000000     UNINITIALIZED

MODULE SUMMARY

       Module                         code   ro data   rw data
       ------                         ----   -------   -------
    ./
       ti_msp_dl_config.o             264    2         0      
       startup_mspm0c110x_ticlang.o   6      192       0      
    +--+------------------------------+------+---------+---------+
       Total:                         270    194       0      
                                                              
    ./application/
       main.o                         316    0         49     
       opt3007_registers.o            360    0         0      
       mxc4005_hostControl.o          332    0         0      
       opt3007_hostControl.o          332    0         0      
       mxc4005_functions.o            106    0         6      
       opt3007_functions.o            102    0         0      
       mxc4005_registers.o            40     0         0      
    +--+------------------------------+------+---------+---------+
       Total:                         1588   0         55     
                                                              
    /mnt/ccs/ccs/tools/compiler/ti-cgt-armllvm_4.0.1.LTS/lib/armv6m-ti-none-eabi/c/libc.a
       memcpy16.S.obj                 154    0         0      
       copy_decompress_lzss.c.obj     124    0         0      
       autoinit.c.obj                 60     0         0      
       boot_cortex_m.c.obj            40     0         0      
       copy_zero_init.c.obj           22     0         0      
       copy_decompress_none.c.obj     18     0         0      
       exit.c.obj                     4      0         0      
       pre_init.c.obj                 4      0         0      
    +--+------------------------------+------+---------+---------+
       Total:                         426    0         0      
                                                              
    /mnt/ccs/ccs/tools/compiler/ti-cgt-armllvm_4.0.1.LTS/lib/armv6m-ti-none-eabi/libclang_rt.builtins.a
       muldf3.S.obj                   228    0         0      
       muldsi3.S.obj                  58     0         0      
       floatsidf.S.obj                44     0         0      
       floatunsidf.S.obj              36     0         0      
       aeabi_memcpy.S.obj             8      0         0      
    +--+------------------------------+------+---------+---------+
       Total:                         374    0         0      
                                                              
    /mnt/tirex-content/mspm0_sdk_2_03_00_07/source/ti/driverlib/lib/ticlang/m0p/mspm0c110x/driverlib.a
       dl_i2c.o                       132    0         0      
       dl_common.o                    10     0         0      
    +--+------------------------------+------+---------+---------+
       Total:                         142    0         0      
                                                              
       Stack:                         0      0         64     
       Linker Generated:              0      43        0      
    +--+------------------------------+------+---------+---------+
       Grand Total:                   2800   237       119    


LINKER GENERATED COPY TABLES

__TI_cinit_table @ 00000bdc records: 2, size/record: 8, table size: 16
	.bss: load addr=00000bcc, load size=00000008 bytes, run addr=20000000, run size=00000027 bytes, compression=zero_init
	.data: load addr=00000bd4, load size=00000007 bytes, run addr=20000027, run size=00000010 bytes, compression=lzss


LINKER GENERATED HANDLER TABLE

__TI_handler_table @ 00000bc0 records: 3, size/record: 4, table size: 12
	index: 0, handler: __TI_decompress_lzss
	index: 1, handler: __TI_decompress_none
	index: 2, handler: __TI_zero_init


GLOBAL SYMBOLS: SORTED ALPHABETICALLY BY Name 

address   name                                   
-------   ----                                   
0000058f  ADC0_IRQHandler                        
00000bb4  C$$EXIT                                
00000b85  DL_Common_delayCycles                  
00000851  DL_I2C_fillControllerTXFIFO            
00000ac1  DL_I2C_setClockConfig                  
0000058f  DMA_IRQHandler                         
0000058f  Default_Handler                        
0000058f  GPIOA_IRQHandler                       
0000058f  GROUP0_IRQHandler                      
0000058f  HardFault_Handler                      
00000299  I2C0_IRQHandler                        
0000058f  NMI_Handler                            
0000058f  PendSV_Handler                         
00000bad  Reset_Handler                          
0000058f  SPI0_IRQHandler                        
0000058f  SVC_Handler                            
000009b9  SYSCFG_DL_GPIO_init                    
0000071d  SYSCFG_DL_I2C_init                     
00000ae9  SYSCFG_DL_SYSCTL_init                  
00000b47  SYSCFG_DL_init                         
000009f1  SYSCFG_DL_initPower                    
0000058f  SysTick_Handler                        
0000058f  TIMA0_IRQHandler                       
0000058f  TIMG14_IRQHandler                      
0000058f  TIMG8_IRQHandler                       
0000058f  UART0_IRQHandler                       
20000400  __STACK_END                            
00000040  __STACK_SIZE                           
00000000  __TI_ATRegion0_region_sz               
00000000  __TI_ATRegion0_src_addr                
00000000  __TI_ATRegion0_trg_addr                
00000000  __TI_ATRegion1_region_sz               
00000000  __TI_ATRegion1_src_addr                
00000000  __TI_ATRegion1_trg_addr                
00000000  __TI_ATRegion2_region_sz               
00000000  __TI_ATRegion2_src_addr                
00000000  __TI_ATRegion2_trg_addr                
00000bdc  __TI_CINIT_Base                        
00000bec  __TI_CINIT_Limit                       
00000bec  __TI_CINIT_Warm                        
00000bc0  __TI_Handler_Table_Base                
00000bcc  __TI_Handler_Table_Limit               
00000941  __TI_auto_init_nobinit_nopinit         
000006a1  __TI_decompress_lzss                   
00000b5b  __TI_decompress_none                   
ffffffff  __TI_pprof_out_hndl                    
ffffffff  __TI_prof_data_size                    
ffffffff  __TI_prof_data_start                   
00000000  __TI_static_base__                     
00000b31  __TI_zero_init_nomemset                
000001b5  __aeabi_dmul                           
00000a1d  __aeabi_i2d                            
00000ba5  __aeabi_memcpy                         
00000ba5  __aeabi_memcpy4                        
00000ba5  __aeabi_memcpy8                        
00000b0d  __aeabi_ui2d                           
ffffffff  __binit__                              
00000a1d  __floatsidf                            
00000b0d  __floatunsidf                          
UNDEFED   __mpu_init                             
000001b5  __muldf3                               
0000097d  __muldsi3                              
200003c0  __stack                                
20000000  __start___llvm_prf_bits                
20000000  __start___llvm_prf_cnts                
20000000  __stop___llvm_prf_bits                 
20000000  __stop___llvm_prf_cnts                 
00000a99  _c_int00_noargs                        
UNDEFED   _system_post_cinit                     
00000bb1  _system_pre_init                       
00000bb5  abort                                  
20000020  accel_x                                
20000022  accel_y                                
20000024  accel_z                                
ffffffff  binit                                  
20000026  gI2cControllerStatus                   
20000010  gRxCount                               
20000014  gRxLen                                 
20000000  gRxPacket                              
20000018  gTxCount                               
2000001c  gTxLen                                 
20000027  gTxPacket                              
00000000  interruptVectors                       
00000789  main                                   
000004f5  memcpy                                 
00000591  mxc4005_I2C_read                       
0000036d  mxc4005_I2C_write                      
00000a49  mxc4005_deviceRegister_read            
000007f1  mxc4005_readLux                        
00000b8f  mxc4005_readManufacturerID             
00000619  ti_opt3007_I2C_read                    
00000431  ti_opt3007_I2C_write                   
000000c1  ti_opt3007_assignRegistermap           
00000a71  ti_opt3007_deviceRegister_read         
000008b1  ti_opt3007_deviceRegister_write        
000008fd  ti_opt3007_readLux                     
00000b99  ti_opt3007_readManufacturerID          
00000b6d  ti_opt3007_setSensorContinuous         
00000b79  ti_opt3007_setSensorConversionTime100mS


GLOBAL SYMBOLS: SORTED BY Symbol Address 

address   name                                   
-------   ----                                   
00000000  __TI_ATRegion0_region_sz               
00000000  __TI_ATRegion0_src_addr                
00000000  __TI_ATRegion0_trg_addr                
00000000  __TI_ATRegion1_region_sz               
00000000  __TI_ATRegion1_src_addr                
00000000  __TI_ATRegion1_trg_addr                
00000000  __TI_ATRegion2_region_sz               
00000000  __TI_ATRegion2_src_addr                
00000000  __TI_ATRegion2_trg_addr                
00000000  __TI_static_base__                     
00000000  interruptVectors                       
00000040  __STACK_SIZE                           
000000c1  ti_opt3007_assignRegistermap           
000001b5  __aeabi_dmul                           
000001b5  __muldf3                               
00000299  I2C0_IRQHandler                        
0000036d  mxc4005_I2C_write                      
00000431  ti_opt3007_I2C_write                   
000004f5  memcpy                                 
0000058f  ADC0_IRQHandler                        
0000058f  DMA_IRQHandler                         
0000058f  Default_Handler                        
0000058f  GPIOA_IRQHandler                       
0000058f  GROUP0_IRQHandler                      
0000058f  HardFault_Handler                      
0000058f  NMI_Handler                            
0000058f  PendSV_Handler                         
0000058f  SPI0_IRQHandler                        
0000058f  SVC_Handler                            
0000058f  SysTick_Handler                        
0000058f  TIMA0_IRQHandler                       
0000058f  TIMG14_IRQHandler                      
0000058f  TIMG8_IRQHandler                       
0000058f  UART0_IRQHandler                       
00000591  mxc4005_I2C_read                       
00000619  ti_opt3007_I2C_read                    
000006a1  __TI_decompress_lzss                   
0000071d  SYSCFG_DL_I2C_init                     
00000789  main                                   
000007f1  mxc4005_readLux                        
00000851  DL_I2C_fillControllerTXFIFO            
000008b1  ti_opt3007_deviceRegister_write        
000008fd  ti_opt3007_readLux                     
00000941  __TI_auto_init_nobinit_nopinit         
0000097d  __muldsi3                              
000009b9  SYSCFG_DL_GPIO_init                    
000009f1  SYSCFG_DL_initPower                    
00000a1d  __aeabi_i2d                            
00000a1d  __floatsidf                            
00000a49  mxc4005_deviceRegister_read            
00000a71  ti_opt3007_deviceRegister_read         
00000a99  _c_int00_noargs                        
00000ac1  DL_I2C_setClockConfig                  
00000ae9  SYSCFG_DL_SYSCTL_init                  
00000b0d  __aeabi_ui2d                           
00000b0d  __floatunsidf                          
00000b31  __TI_zero_init_nomemset                
00000b47  SYSCFG_DL_init                         
00000b5b  __TI_decompress_none                   
00000b6d  ti_opt3007_setSensorContinuous         
00000b79  ti_opt3007_setSensorConversionTime100mS
00000b85  DL_Common_delayCycles                  
00000b8f  mxc4005_readManufacturerID             
00000b99  ti_opt3007_readManufacturerID          
00000ba5  __aeabi_memcpy                         
00000ba5  __aeabi_memcpy4                        
00000ba5  __aeabi_memcpy8                        
00000bad  Reset_Handler                          
00000bb1  _system_pre_init                       
00000bb4  C$$EXIT                                
00000bb5  abort                                  
00000bc0  __TI_Handler_Table_Base                
00000bcc  __TI_Handler_Table_Limit               
00000bdc  __TI_CINIT_Base                        
00000bec  __TI_CINIT_Limit                       
00000bec  __TI_CINIT_Warm                        
20000000  __start___llvm_prf_bits                
20000000  __start___llvm_prf_cnts                
20000000  __stop___llvm_prf_bits                 
20000000  __stop___llvm_prf_cnts                 
20000000  gRxPacket                              
20000010  gRxCount                               
20000014  gRxLen                                 
20000018  gTxCount                               
2000001c  gTxLen                                 
20000020  accel_x                                
20000022  accel_y                                
20000024  accel_z                                
20000026  gI2cControllerStatus                   
20000027  gTxPacket                              
200003c0  __stack                                
20000400  __STACK_END                            
ffffffff  __TI_pprof_out_hndl                    
ffffffff  __TI_prof_data_size                    
ffffffff  __TI_prof_data_start                   
ffffffff  __binit__                              
ffffffff  binit                                  
UNDEFED   __mpu_init                             
UNDEFED   _system_post_cinit                     

[99 symbols]
