<?xml version="1.0" encoding="ISO-8859-1" ?>
<link_info>
   <banner>TI ARM Clang Linker PC v4.0.1.LTS</banner>
   <copyright>Copyright (c) 1996-2018 Texas Instruments Incorporated</copyright>
   <command_line>C:\ti\ccs2001\ccs\tools\compiler\ti-cgt-armllvm_4.0.1.LTS\bin\tiarmlnk -IC:\ti\ccs2001\ccs\tools\compiler\ti-cgt-armllvm_4.0.1.LTS\lib -o cami_MSPM0C1103.out -mcami_MSPM0C1103.map -iC:/ti/mspm0_sdk_2_04_00_06/source -iC:/_IdeaSpark/FirmWare_Project/4Bdream/CAMI/cami_MSPM0C1103 -iC:/_IdeaSpark/FirmWare_Project/4Bdream/CAMI/cami_MSPM0C1103/Debug/syscfg -iC:/ti/ccs2001/ccs/tools/compiler/ti-cgt-armllvm_4.0.1.LTS/lib --diag_wrap=off --display_error_number --warn_sections --xml_link_info=cami_MSPM0C1103_linkInfo.xml --rom_model ./ti_msp_dl_config.o ./startup_mspm0c110x_ticlang.o ./application/accelerometer.o ./application/bma5.o ./application/bma530.o ./application/bma530_features.o ./application/common.o ./application/main_ver1p2.o ./application/opt3007_functions.o ./application/opt3007_hostControl.o ./application/opt3007_registers.o -l./device_linker.cmd -ldevice.cmd.genlibs -llibc.a --start-group -llibc++.a -llibc++abi.a -llibc.a -llibsys.a -llibsysbm.a -llibclang_rt.builtins.a -llibclang_rt.profile.a --end-group --cg_opt_level=2</command_line>
   <link_time>0x683ec731</link_time>
   <link_errors>0x0</link_errors>
   <output_file>C:\_IdeaSpark\FirmWare_Project\4Bdream\CAMI\cami_MSPM0C1103\Debug\cami_MSPM0C1103.out</output_file>
   <entry_point>
      <name>_c_int00_noargs</name>
      <address>0x2531</address>
   </entry_point>
   <input_file_list>
      <input_file id="fl-1">
         <path>C:\_IdeaSpark\FirmWare_Project\4Bdream\CAMI\cami_MSPM0C1103\Debug\.\</path>
         <kind>object</kind>
         <file>ti_msp_dl_config.o</file>
         <name>ti_msp_dl_config.o</name>
      </input_file>
      <input_file id="fl-2">
         <path>C:\_IdeaSpark\FirmWare_Project\4Bdream\CAMI\cami_MSPM0C1103\Debug\.\</path>
         <kind>object</kind>
         <file>startup_mspm0c110x_ticlang.o</file>
         <name>startup_mspm0c110x_ticlang.o</name>
      </input_file>
      <input_file id="fl-3">
         <path>C:\_IdeaSpark\FirmWare_Project\4Bdream\CAMI\cami_MSPM0C1103\Debug\.\application\</path>
         <kind>object</kind>
         <file>accelerometer.o</file>
         <name>accelerometer.o</name>
      </input_file>
      <input_file id="fl-4">
         <path>C:\_IdeaSpark\FirmWare_Project\4Bdream\CAMI\cami_MSPM0C1103\Debug\.\application\</path>
         <kind>object</kind>
         <file>bma5.o</file>
         <name>bma5.o</name>
      </input_file>
      <input_file id="fl-5">
         <path>C:\_IdeaSpark\FirmWare_Project\4Bdream\CAMI\cami_MSPM0C1103\Debug\.\application\</path>
         <kind>object</kind>
         <file>bma530.o</file>
         <name>bma530.o</name>
      </input_file>
      <input_file id="fl-6">
         <path>C:\_IdeaSpark\FirmWare_Project\4Bdream\CAMI\cami_MSPM0C1103\Debug\.\application\</path>
         <kind>object</kind>
         <file>bma530_features.o</file>
         <name>bma530_features.o</name>
      </input_file>
      <input_file id="fl-7">
         <path>C:\_IdeaSpark\FirmWare_Project\4Bdream\CAMI\cami_MSPM0C1103\Debug\.\application\</path>
         <kind>object</kind>
         <file>common.o</file>
         <name>common.o</name>
      </input_file>
      <input_file id="fl-8">
         <path>C:\_IdeaSpark\FirmWare_Project\4Bdream\CAMI\cami_MSPM0C1103\Debug\.\application\</path>
         <kind>object</kind>
         <file>main_ver1p2.o</file>
         <name>main_ver1p2.o</name>
      </input_file>
      <input_file id="fl-9">
         <path>C:\_IdeaSpark\FirmWare_Project\4Bdream\CAMI\cami_MSPM0C1103\Debug\.\application\</path>
         <kind>object</kind>
         <file>opt3007_functions.o</file>
         <name>opt3007_functions.o</name>
      </input_file>
      <input_file id="fl-a">
         <path>C:\_IdeaSpark\FirmWare_Project\4Bdream\CAMI\cami_MSPM0C1103\Debug\.\application\</path>
         <kind>object</kind>
         <file>opt3007_hostControl.o</file>
         <name>opt3007_hostControl.o</name>
      </input_file>
      <input_file id="fl-b">
         <path>C:\_IdeaSpark\FirmWare_Project\4Bdream\CAMI\cami_MSPM0C1103\Debug\.\application\</path>
         <kind>object</kind>
         <file>opt3007_registers.o</file>
         <name>opt3007_registers.o</name>
      </input_file>
      <input_file id="fl-18">
         <path>C:\_IdeaSpark\FirmWare_Project\4Bdream\CAMI\cami_MSPM0C1103\Debug\</path>
         <kind>object</kind>
         <file>&lt;internal&gt;</file>
         <name>&lt;internal&gt;</name>
      </input_file>
      <input_file id="fl-19">
         <path>C:\ti\mspm0_sdk_2_04_00_06\source\ti\driverlib\lib\ticlang\m0p\mspm0c110x\</path>
         <kind>archive</kind>
         <file>driverlib.a</file>
         <name>dl_common.o</name>
      </input_file>
      <input_file id="fl-1a">
         <path>C:\ti\mspm0_sdk_2_04_00_06\source\ti\driverlib\lib\ticlang\m0p\mspm0c110x\</path>
         <kind>archive</kind>
         <file>driverlib.a</file>
         <name>dl_i2c.o</name>
      </input_file>
      <input_file id="fl-1b">
         <path>C:\ti\mspm0_sdk_2_04_00_06\source\ti\driverlib\lib\ticlang\m0p\mspm0c110x\</path>
         <kind>archive</kind>
         <file>driverlib.a</file>
         <name>dl_timer.o</name>
      </input_file>
      <input_file id="fl-1c">
         <path>C:\ti\mspm0_sdk_2_04_00_06\source\ti\driverlib\lib\ticlang\m0p\mspm0c110x\</path>
         <kind>archive</kind>
         <file>driverlib.a</file>
         <name>dl_sysctl_mspm0c110x.o</name>
      </input_file>
      <input_file id="fl-31">
         <path>C:\ti\ccs2001\ccs\tools\compiler\ti-cgt-armllvm_4.0.1.LTS\lib\armv6m-ti-none-eabi\c\</path>
         <kind>archive</kind>
         <file>libc.a</file>
         <name>e_sqrtf.c.obj</name>
      </input_file>
      <input_file id="fl-32">
         <path>C:\ti\ccs2001\ccs\tools\compiler\ti-cgt-armllvm_4.0.1.LTS\lib\armv6m-ti-none-eabi\c\</path>
         <kind>archive</kind>
         <file>libc.a</file>
         <name>aeabi_portable.c.obj</name>
      </input_file>
      <input_file id="fl-33">
         <path>C:\ti\ccs2001\ccs\tools\compiler\ti-cgt-armllvm_4.0.1.LTS\lib\armv6m-ti-none-eabi\c\</path>
         <kind>archive</kind>
         <file>libc.a</file>
         <name>assert.c.obj</name>
      </input_file>
      <input_file id="fl-34">
         <path>C:\ti\ccs2001\ccs\tools\compiler\ti-cgt-armllvm_4.0.1.LTS\lib\armv6m-ti-none-eabi\c\</path>
         <kind>archive</kind>
         <file>libc.a</file>
         <name>defs.c.obj</name>
      </input_file>
      <input_file id="fl-35">
         <path>C:\ti\ccs2001\ccs\tools\compiler\ti-cgt-armllvm_4.0.1.LTS\lib\armv6m-ti-none-eabi\c\</path>
         <kind>archive</kind>
         <file>libc.a</file>
         <name>memory.c.obj</name>
      </input_file>
      <input_file id="fl-36">
         <path>C:\ti\ccs2001\ccs\tools\compiler\ti-cgt-armllvm_4.0.1.LTS\lib\armv6m-ti-none-eabi\c\</path>
         <kind>archive</kind>
         <file>libc.a</file>
         <name>copy_zero_init.c.obj</name>
      </input_file>
      <input_file id="fl-37">
         <path>C:\ti\ccs2001\ccs\tools\compiler\ti-cgt-armllvm_4.0.1.LTS\lib\armv6m-ti-none-eabi\c\</path>
         <kind>archive</kind>
         <file>libc.a</file>
         <name>copy_decompress_none.c.obj</name>
      </input_file>
      <input_file id="fl-38">
         <path>C:\ti\ccs2001\ccs\tools\compiler\ti-cgt-armllvm_4.0.1.LTS\lib\armv6m-ti-none-eabi\c\</path>
         <kind>archive</kind>
         <file>libc.a</file>
         <name>copy_decompress_lzss.c.obj</name>
      </input_file>
      <input_file id="fl-39">
         <path>C:\ti\ccs2001\ccs\tools\compiler\ti-cgt-armllvm_4.0.1.LTS\lib\armv6m-ti-none-eabi\c\</path>
         <kind>archive</kind>
         <file>libc.a</file>
         <name>boot_cortex_m.c.obj</name>
      </input_file>
      <input_file id="fl-3a">
         <path>C:\ti\ccs2001\ccs\tools\compiler\ti-cgt-armllvm_4.0.1.LTS\lib\armv6m-ti-none-eabi\c\</path>
         <kind>archive</kind>
         <file>libc.a</file>
         <name>mathacl_init.c.obj</name>
      </input_file>
      <input_file id="fl-3b">
         <path>C:\ti\ccs2001\ccs\tools\compiler\ti-cgt-armllvm_4.0.1.LTS\lib\armv6m-ti-none-eabi\c\</path>
         <kind>archive</kind>
         <file>libc.a</file>
         <name>sprintf.c.obj</name>
      </input_file>
      <input_file id="fl-3c">
         <path>C:\ti\ccs2001\ccs\tools\compiler\ti-cgt-armllvm_4.0.1.LTS\lib\armv6m-ti-none-eabi\c\</path>
         <kind>archive</kind>
         <file>libc.a</file>
         <name>fflush.c.obj</name>
      </input_file>
      <input_file id="fl-3d">
         <path>C:\ti\ccs2001\ccs\tools\compiler\ti-cgt-armllvm_4.0.1.LTS\lib\armv6m-ti-none-eabi\c\</path>
         <kind>archive</kind>
         <file>libc.a</file>
         <name>fputs.c.obj</name>
      </input_file>
      <input_file id="fl-3e">
         <path>C:\ti\ccs2001\ccs\tools\compiler\ti-cgt-armllvm_4.0.1.LTS\lib\armv6m-ti-none-eabi\c\</path>
         <kind>archive</kind>
         <file>libc.a</file>
         <name>_io_perm.c.obj</name>
      </input_file>
      <input_file id="fl-3f">
         <path>C:\ti\ccs2001\ccs\tools\compiler\ti-cgt-armllvm_4.0.1.LTS\lib\armv6m-ti-none-eabi\c\</path>
         <kind>archive</kind>
         <file>libc.a</file>
         <name>setvbuf.c.obj</name>
      </input_file>
      <input_file id="fl-40">
         <path>C:\ti\ccs2001\ccs\tools\compiler\ti-cgt-armllvm_4.0.1.LTS\lib\armv6m-ti-none-eabi\c\</path>
         <kind>archive</kind>
         <file>libc.a</file>
         <name>exit.c.obj</name>
      </input_file>
      <input_file id="fl-41">
         <path>C:\ti\ccs2001\ccs\tools\compiler\ti-cgt-armllvm_4.0.1.LTS\lib\armv6m-ti-none-eabi\c\</path>
         <kind>archive</kind>
         <file>libc.a</file>
         <name>_lock.c.obj</name>
      </input_file>
      <input_file id="fl-42">
         <path>C:\ti\ccs2001\ccs\tools\compiler\ti-cgt-armllvm_4.0.1.LTS\lib\armv6m-ti-none-eabi\c\</path>
         <kind>archive</kind>
         <file>libc.a</file>
         <name>args_main.c.obj</name>
      </input_file>
      <input_file id="fl-43">
         <path>C:\ti\ccs2001\ccs\tools\compiler\ti-cgt-armllvm_4.0.1.LTS\lib\armv6m-ti-none-eabi\c\</path>
         <kind>archive</kind>
         <file>libc.a</file>
         <name>autoinit.c.obj</name>
      </input_file>
      <input_file id="fl-44">
         <path>C:\ti\ccs2001\ccs\tools\compiler\ti-cgt-armllvm_4.0.1.LTS\lib\armv6m-ti-none-eabi\c\</path>
         <kind>archive</kind>
         <file>libc.a</file>
         <name>pre_init.c.obj</name>
      </input_file>
      <input_file id="fl-45">
         <path>C:\ti\ccs2001\ccs\tools\compiler\ti-cgt-armllvm_4.0.1.LTS\lib\armv6m-ti-none-eabi\c\</path>
         <kind>archive</kind>
         <file>libc.a</file>
         <name>cpy_tbl.c.obj</name>
      </input_file>
      <input_file id="fl-46">
         <path>C:\ti\ccs2001\ccs\tools\compiler\ti-cgt-armllvm_4.0.1.LTS\lib\armv6m-ti-none-eabi\c\</path>
         <kind>archive</kind>
         <file>libc.a</file>
         <name>_printfi.c.obj</name>
      </input_file>
      <input_file id="fl-47">
         <path>C:\ti\ccs2001\ccs\tools\compiler\ti-cgt-armllvm_4.0.1.LTS\lib\armv6m-ti-none-eabi\c\</path>
         <kind>archive</kind>
         <file>libc.a</file>
         <name>fopen.c.obj</name>
      </input_file>
      <input_file id="fl-48">
         <path>C:\ti\ccs2001\ccs\tools\compiler\ti-cgt-armllvm_4.0.1.LTS\lib\armv6m-ti-none-eabi\c\</path>
         <kind>archive</kind>
         <file>libc.a</file>
         <name>fseek.c.obj</name>
      </input_file>
      <input_file id="fl-49">
         <path>C:\ti\ccs2001\ccs\tools\compiler\ti-cgt-armllvm_4.0.1.LTS\lib\armv6m-ti-none-eabi\c\</path>
         <kind>archive</kind>
         <file>libc.a</file>
         <name>wcslen.c.obj</name>
      </input_file>
      <input_file id="fl-4a">
         <path>C:\ti\ccs2001\ccs\tools\compiler\ti-cgt-armllvm_4.0.1.LTS\lib\armv6m-ti-none-eabi\c\</path>
         <kind>archive</kind>
         <file>libc.a</file>
         <name>_ltoa.c.obj</name>
      </input_file>
      <input_file id="fl-4b">
         <path>C:\ti\ccs2001\ccs\tools\compiler\ti-cgt-armllvm_4.0.1.LTS\lib\armv6m-ti-none-eabi\c\</path>
         <kind>archive</kind>
         <file>libc.a</file>
         <name>atoi.c.obj</name>
      </input_file>
      <input_file id="fl-4c">
         <path>C:\ti\ccs2001\ccs\tools\compiler\ti-cgt-armllvm_4.0.1.LTS\lib\armv6m-ti-none-eabi\c\</path>
         <kind>archive</kind>
         <file>libc.a</file>
         <name>memccpy.c.obj</name>
      </input_file>
      <input_file id="fl-4d">
         <path>C:\ti\ccs2001\ccs\tools\compiler\ti-cgt-armllvm_4.0.1.LTS\lib\armv6m-ti-none-eabi\c\</path>
         <kind>archive</kind>
         <file>libc.a</file>
         <name>s_frexp.c.obj</name>
      </input_file>
      <input_file id="fl-4e">
         <path>C:\ti\ccs2001\ccs\tools\compiler\ti-cgt-armllvm_4.0.1.LTS\lib\armv6m-ti-none-eabi\c\</path>
         <kind>archive</kind>
         <file>libc.a</file>
         <name>s_scalbn.c.obj</name>
      </input_file>
      <input_file id="fl-4f">
         <path>C:\ti\ccs2001\ccs\tools\compiler\ti-cgt-armllvm_4.0.1.LTS\lib\armv6m-ti-none-eabi\c\</path>
         <kind>archive</kind>
         <file>libc.a</file>
         <name>fclose.c.obj</name>
      </input_file>
      <input_file id="fl-50">
         <path>C:\ti\ccs2001\ccs\tools\compiler\ti-cgt-armllvm_4.0.1.LTS\lib\armv6m-ti-none-eabi\c\</path>
         <kind>archive</kind>
         <file>libc.a</file>
         <name>aeabi_ctype.S.obj</name>
      </input_file>
      <input_file id="fl-e6">
         <path>C:\ti\ccs2001\ccs\tools\compiler\ti-cgt-armllvm_4.0.1.LTS\lib\armv6m-ti-none-eabi\c\</path>
         <kind>archive</kind>
         <file>libsysbm.a</file>
         <name>write.c.obj</name>
      </input_file>
      <input_file id="fl-e7">
         <path>C:\ti\ccs2001\ccs\tools\compiler\ti-cgt-armllvm_4.0.1.LTS\lib\armv6m-ti-none-eabi\c\</path>
         <kind>archive</kind>
         <file>libsysbm.a</file>
         <name>host_device.c.obj</name>
      </input_file>
      <input_file id="fl-e8">
         <path>C:\ti\ccs2001\ccs\tools\compiler\ti-cgt-armllvm_4.0.1.LTS\lib\armv6m-ti-none-eabi\c\</path>
         <kind>archive</kind>
         <file>libsysbm.a</file>
         <name>remove.c.obj</name>
      </input_file>
      <input_file id="fl-e9">
         <path>C:\ti\ccs2001\ccs\tools\compiler\ti-cgt-armllvm_4.0.1.LTS\lib\armv6m-ti-none-eabi\c\</path>
         <kind>archive</kind>
         <file>libsysbm.a</file>
         <name>open.c.obj</name>
      </input_file>
      <input_file id="fl-ea">
         <path>C:\ti\ccs2001\ccs\tools\compiler\ti-cgt-armllvm_4.0.1.LTS\lib\armv6m-ti-none-eabi\c\</path>
         <kind>archive</kind>
         <file>libsysbm.a</file>
         <name>lseek.c.obj</name>
      </input_file>
      <input_file id="fl-eb">
         <path>C:\ti\ccs2001\ccs\tools\compiler\ti-cgt-armllvm_4.0.1.LTS\lib\armv6m-ti-none-eabi\c\</path>
         <kind>archive</kind>
         <file>libsysbm.a</file>
         <name>close.c.obj</name>
      </input_file>
      <input_file id="fl-ec">
         <path>C:\ti\ccs2001\ccs\tools\compiler\ti-cgt-armllvm_4.0.1.LTS\lib\armv6m-ti-none-eabi\c\</path>
         <kind>archive</kind>
         <file>libsysbm.a</file>
         <name>unlink.c.obj</name>
      </input_file>
      <input_file id="fl-ed">
         <path>C:\ti\ccs2001\ccs\tools\compiler\ti-cgt-armllvm_4.0.1.LTS\lib\armv6m-ti-none-eabi\c\</path>
         <kind>archive</kind>
         <file>libsysbm.a</file>
         <name>hostclose.c.obj</name>
      </input_file>
      <input_file id="fl-ee">
         <path>C:\ti\ccs2001\ccs\tools\compiler\ti-cgt-armllvm_4.0.1.LTS\lib\armv6m-ti-none-eabi\c\</path>
         <kind>archive</kind>
         <file>libsysbm.a</file>
         <name>hostlseek.c.obj</name>
      </input_file>
      <input_file id="fl-ef">
         <path>C:\ti\ccs2001\ccs\tools\compiler\ti-cgt-armllvm_4.0.1.LTS\lib\armv6m-ti-none-eabi\c\</path>
         <kind>archive</kind>
         <file>libsysbm.a</file>
         <name>hostopen.c.obj</name>
      </input_file>
      <input_file id="fl-f0">
         <path>C:\ti\ccs2001\ccs\tools\compiler\ti-cgt-armllvm_4.0.1.LTS\lib\armv6m-ti-none-eabi\c\</path>
         <kind>archive</kind>
         <file>libsysbm.a</file>
         <name>hostread.c.obj</name>
      </input_file>
      <input_file id="fl-f1">
         <path>C:\ti\ccs2001\ccs\tools\compiler\ti-cgt-armllvm_4.0.1.LTS\lib\armv6m-ti-none-eabi\c\</path>
         <kind>archive</kind>
         <file>libsysbm.a</file>
         <name>hostrename.c.obj</name>
      </input_file>
      <input_file id="fl-f2">
         <path>C:\ti\ccs2001\ccs\tools\compiler\ti-cgt-armllvm_4.0.1.LTS\lib\armv6m-ti-none-eabi\c\</path>
         <kind>archive</kind>
         <file>libsysbm.a</file>
         <name>hostunlink.c.obj</name>
      </input_file>
      <input_file id="fl-f3">
         <path>C:\ti\ccs2001\ccs\tools\compiler\ti-cgt-armllvm_4.0.1.LTS\lib\armv6m-ti-none-eabi\c\</path>
         <kind>archive</kind>
         <file>libsysbm.a</file>
         <name>hostwrite.c.obj</name>
      </input_file>
      <input_file id="fl-f4">
         <path>C:\ti\ccs2001\ccs\tools\compiler\ti-cgt-armllvm_4.0.1.LTS\lib\armv6m-ti-none-eabi\c\</path>
         <kind>archive</kind>
         <file>libsysbm.a</file>
         <name>trgmsg.c.obj</name>
      </input_file>
      <input_file id="fl-f5">
         <path>C:\ti\ccs2001\ccs\tools\compiler\ti-cgt-armllvm_4.0.1.LTS\lib\armv6m-ti-none-eabi\</path>
         <kind>archive</kind>
         <file>libclang_rt.builtins.a</file>
         <name>addsf3.S.obj</name>
      </input_file>
      <input_file id="fl-f6">
         <path>C:\ti\ccs2001\ccs\tools\compiler\ti-cgt-armllvm_4.0.1.LTS\lib\armv6m-ti-none-eabi\</path>
         <kind>archive</kind>
         <file>libclang_rt.builtins.a</file>
         <name>adddf3.S.obj</name>
      </input_file>
      <input_file id="fl-f7">
         <path>C:\ti\ccs2001\ccs\tools\compiler\ti-cgt-armllvm_4.0.1.LTS\lib\armv6m-ti-none-eabi\</path>
         <kind>archive</kind>
         <file>libclang_rt.builtins.a</file>
         <name>muldf3.S.obj</name>
      </input_file>
      <input_file id="fl-f8">
         <path>C:\ti\ccs2001\ccs\tools\compiler\ti-cgt-armllvm_4.0.1.LTS\lib\armv6m-ti-none-eabi\</path>
         <kind>archive</kind>
         <file>libclang_rt.builtins.a</file>
         <name>muldsi3.S.obj</name>
      </input_file>
      <input_file id="fl-f9">
         <path>C:\ti\ccs2001\ccs\tools\compiler\ti-cgt-armllvm_4.0.1.LTS\lib\armv6m-ti-none-eabi\</path>
         <kind>archive</kind>
         <file>libclang_rt.builtins.a</file>
         <name>mulsf3.S.obj</name>
      </input_file>
      <input_file id="fl-fa">
         <path>C:\ti\ccs2001\ccs\tools\compiler\ti-cgt-armllvm_4.0.1.LTS\lib\armv6m-ti-none-eabi\</path>
         <kind>archive</kind>
         <file>libclang_rt.builtins.a</file>
         <name>divsf3.S.obj</name>
      </input_file>
      <input_file id="fl-fb">
         <path>C:\ti\ccs2001\ccs\tools\compiler\ti-cgt-armllvm_4.0.1.LTS\lib\armv6m-ti-none-eabi\</path>
         <kind>archive</kind>
         <file>libclang_rt.builtins.a</file>
         <name>divdf3.S.obj</name>
      </input_file>
      <input_file id="fl-fc">
         <path>C:\ti\ccs2001\ccs\tools\compiler\ti-cgt-armllvm_4.0.1.LTS\lib\armv6m-ti-none-eabi\</path>
         <kind>archive</kind>
         <file>libclang_rt.builtins.a</file>
         <name>extendsfdf2.S.obj</name>
      </input_file>
      <input_file id="fl-fd">
         <path>C:\ti\ccs2001\ccs\tools\compiler\ti-cgt-armllvm_4.0.1.LTS\lib\armv6m-ti-none-eabi\</path>
         <kind>archive</kind>
         <file>libclang_rt.builtins.a</file>
         <name>fixdfsi.S.obj</name>
      </input_file>
      <input_file id="fl-fe">
         <path>C:\ti\ccs2001\ccs\tools\compiler\ti-cgt-armllvm_4.0.1.LTS\lib\armv6m-ti-none-eabi\</path>
         <kind>archive</kind>
         <file>libclang_rt.builtins.a</file>
         <name>floatsidf.S.obj</name>
      </input_file>
      <input_file id="fl-ff">
         <path>C:\ti\ccs2001\ccs\tools\compiler\ti-cgt-armllvm_4.0.1.LTS\lib\armv6m-ti-none-eabi\</path>
         <kind>archive</kind>
         <file>libclang_rt.builtins.a</file>
         <name>floatsisf.S.obj</name>
      </input_file>
      <input_file id="fl-100">
         <path>C:\ti\ccs2001\ccs\tools\compiler\ti-cgt-armllvm_4.0.1.LTS\lib\armv6m-ti-none-eabi\</path>
         <kind>archive</kind>
         <file>libclang_rt.builtins.a</file>
         <name>floatunsidf.S.obj</name>
      </input_file>
      <input_file id="fl-101">
         <path>C:\ti\ccs2001\ccs\tools\compiler\ti-cgt-armllvm_4.0.1.LTS\lib\armv6m-ti-none-eabi\</path>
         <kind>archive</kind>
         <file>libclang_rt.builtins.a</file>
         <name>muldi3.S.obj</name>
      </input_file>
      <input_file id="fl-102">
         <path>C:\ti\ccs2001\ccs\tools\compiler\ti-cgt-armllvm_4.0.1.LTS\lib\armv6m-ti-none-eabi\</path>
         <kind>archive</kind>
         <file>libclang_rt.builtins.a</file>
         <name>truncdfsf2.S.obj</name>
      </input_file>
      <input_file id="fl-103">
         <path>C:\ti\ccs2001\ccs\tools\compiler\ti-cgt-armllvm_4.0.1.LTS\lib\armv6m-ti-none-eabi\</path>
         <kind>archive</kind>
         <file>libclang_rt.builtins.a</file>
         <name>aeabi_dcmp.S.obj</name>
      </input_file>
      <input_file id="fl-104">
         <path>C:\ti\ccs2001\ccs\tools\compiler\ti-cgt-armllvm_4.0.1.LTS\lib\armv6m-ti-none-eabi\</path>
         <kind>archive</kind>
         <file>libclang_rt.builtins.a</file>
         <name>aeabi_fcmp.S.obj</name>
      </input_file>
      <input_file id="fl-105">
         <path>C:\ti\ccs2001\ccs\tools\compiler\ti-cgt-armllvm_4.0.1.LTS\lib\armv6m-ti-none-eabi\</path>
         <kind>archive</kind>
         <file>libclang_rt.builtins.a</file>
         <name>aeabi_idivmod.S.obj</name>
      </input_file>
      <input_file id="fl-106">
         <path>C:\ti\ccs2001\ccs\tools\compiler\ti-cgt-armllvm_4.0.1.LTS\lib\armv6m-ti-none-eabi\</path>
         <kind>archive</kind>
         <file>libclang_rt.builtins.a</file>
         <name>aeabi_memcpy.S.obj</name>
      </input_file>
      <input_file id="fl-107">
         <path>C:\ti\ccs2001\ccs\tools\compiler\ti-cgt-armllvm_4.0.1.LTS\lib\armv6m-ti-none-eabi\</path>
         <kind>archive</kind>
         <file>libclang_rt.builtins.a</file>
         <name>aeabi_memset.S.obj</name>
      </input_file>
      <input_file id="fl-108">
         <path>C:\ti\ccs2001\ccs\tools\compiler\ti-cgt-armllvm_4.0.1.LTS\lib\armv6m-ti-none-eabi\</path>
         <kind>archive</kind>
         <file>libclang_rt.builtins.a</file>
         <name>aeabi_uidivmod.S.obj</name>
      </input_file>
      <input_file id="fl-109">
         <path>C:\ti\ccs2001\ccs\tools\compiler\ti-cgt-armllvm_4.0.1.LTS\lib\armv6m-ti-none-eabi\</path>
         <kind>archive</kind>
         <file>libclang_rt.builtins.a</file>
         <name>aeabi_uldivmod.S.obj</name>
      </input_file>
      <input_file id="fl-10a">
         <path>C:\ti\ccs2001\ccs\tools\compiler\ti-cgt-armllvm_4.0.1.LTS\lib\armv6m-ti-none-eabi\</path>
         <kind>archive</kind>
         <file>libclang_rt.builtins.a</file>
         <name>comparesf2.S.obj</name>
      </input_file>
      <input_file id="fl-10b">
         <path>C:\ti\ccs2001\ccs\tools\compiler\ti-cgt-armllvm_4.0.1.LTS\lib\armv6m-ti-none-eabi\</path>
         <kind>archive</kind>
         <file>libclang_rt.builtins.a</file>
         <name>udivmoddi4.S.obj</name>
      </input_file>
      <input_file id="fl-10c">
         <path>C:\ti\ccs2001\ccs\tools\compiler\ti-cgt-armllvm_4.0.1.LTS\lib\armv6m-ti-none-eabi\</path>
         <kind>archive</kind>
         <file>libclang_rt.builtins.a</file>
         <name>ashldi3.S.obj</name>
      </input_file>
      <input_file id="fl-10d">
         <path>C:\ti\ccs2001\ccs\tools\compiler\ti-cgt-armllvm_4.0.1.LTS\lib\armv6m-ti-none-eabi\</path>
         <kind>archive</kind>
         <file>libclang_rt.builtins.a</file>
         <name>comparedf2.c.obj</name>
      </input_file>
      <input_file id="fl-10e">
         <path>C:\ti\ccs2001\ccs\tools\compiler\ti-cgt-armllvm_4.0.1.LTS\lib\armv6m-ti-none-eabi\</path>
         <kind>archive</kind>
         <file>libclang_rt.builtins.a</file>
         <name>aeabi_div0.c.obj</name>
      </input_file>
      <input_file id="fl-10f">
         <path>C:\ti\ccs2001\ccs\tools\compiler\ti-cgt-armllvm_4.0.1.LTS\lib\armv6m-ti-none-eabi\c\</path>
         <kind>archive</kind>
         <file>libc.a</file>
         <name>getdevice.c.obj</name>
      </input_file>
      <input_file id="fl-110">
         <path>C:\ti\ccs2001\ccs\tools\compiler\ti-cgt-armllvm_4.0.1.LTS\lib\armv6m-ti-none-eabi\c\</path>
         <kind>archive</kind>
         <file>libc.a</file>
         <name>memcpy16.S.obj</name>
      </input_file>
      <input_file id="fl-111">
         <path>C:\ti\ccs2001\ccs\tools\compiler\ti-cgt-armllvm_4.0.1.LTS\lib\armv6m-ti-none-eabi\c\</path>
         <kind>archive</kind>
         <file>libc.a</file>
         <name>memset16.S.obj</name>
      </input_file>
      <input_file id="fl-112">
         <path>C:\ti\ccs2001\ccs\tools\compiler\ti-cgt-armllvm_4.0.1.LTS\lib\armv6m-ti-none-eabi\c\</path>
         <kind>archive</kind>
         <file>libc.a</file>
         <name>strcmp-armv6m.S.obj</name>
      </input_file>
   </input_file_list>
   <object_component_list>
      <object_component id="oc-17">
         <name>.intvecs</name>
         <load_address>0x0</load_address>
         <readonly>true</readonly>
         <run_address>0x0</run_address>
         <size>0xc0</size>
         <alignment>0x4</alignment>
         <input_file_ref idref="fl-2"/>
      </object_component>
      <object_component id="oc-80">
         <name>.text.main</name>
         <load_address>0xc0</load_address>
         <readonly>true</readonly>
         <executable>true</executable>
         <run_address>0xc0</run_address>
         <size>0x6e4</size>
         <alignment>0x4</alignment>
         <input_file_ref idref="fl-8"/>
      </object_component>
      <object_component id="oc-127">
         <name>.text.bma5_interface_init</name>
         <load_address>0x7a4</load_address>
         <readonly>true</readonly>
         <executable>true</executable>
         <run_address>0x7a4</run_address>
         <size>0x3f8</size>
         <alignment>0x4</alignment>
         <input_file_ref idref="fl-7"/>
      </object_component>
      <object_component id="oc-c9">
         <name>.text.adddf3_subdf3</name>
         <load_address>0xb9c</load_address>
         <readonly>true</readonly>
         <executable>true</executable>
         <run_address>0xb9c</run_address>
         <size>0x192</size>
         <alignment>0x4</alignment>
         <input_file_ref idref="fl-f6"/>
      </object_component>
      <object_component id="oc-32">
         <name>.text.Default_Handler</name>
         <load_address>0xd2e</load_address>
         <readonly>true</readonly>
         <executable>true</executable>
         <run_address>0xd2e</run_address>
         <size>0x2</size>
         <alignment>0x2</alignment>
         <input_file_ref idref="fl-2"/>
      </object_component>
      <object_component id="oc-1a5">
         <name>.text.bma5_get_regs</name>
         <load_address>0xd30</load_address>
         <readonly>true</readonly>
         <executable>true</executable>
         <run_address>0xd30</run_address>
         <size>0xf4</size>
         <alignment>0x4</alignment>
         <input_file_ref idref="fl-4"/>
      </object_component>
      <object_component id="oc-1c4">
         <name>.text.mspm0c1103_I2C_read</name>
         <load_address>0xe24</load_address>
         <readonly>true</readonly>
         <executable>true</executable>
         <run_address>0xe24</run_address>
         <size>0xf4</size>
         <alignment>0x4</alignment>
         <input_file_ref idref="fl-7"/>
      </object_component>
      <object_component id="oc-ab">
         <name>.text.ti_opt3007_assignRegistermap</name>
         <load_address>0xf18</load_address>
         <readonly>true</readonly>
         <executable>true</executable>
         <run_address>0xf18</run_address>
         <size>0xf4</size>
         <alignment>0x2</alignment>
         <input_file_ref idref="fl-b"/>
      </object_component>
      <object_component id="oc-199">
         <name>.text.DL_Timer_initTimerMode</name>
         <load_address>0x100c</load_address>
         <readonly>true</readonly>
         <executable>true</executable>
         <run_address>0x100c</run_address>
         <size>0xe8</size>
         <alignment>0x4</alignment>
         <input_file_ref idref="fl-1b"/>
      </object_component>
      <object_component id="oc-16a">
         <name>.text.__muldf3</name>
         <load_address>0x10f4</load_address>
         <readonly>true</readonly>
         <executable>true</executable>
         <run_address>0x10f4</run_address>
         <size>0xe4</size>
         <alignment>0x4</alignment>
         <input_file_ref idref="fl-f7"/>
      </object_component>
      <object_component id="oc-164">
         <name>.text.ti_opt3007_I2C_read</name>
         <load_address>0x11d8</load_address>
         <readonly>true</readonly>
         <executable>true</executable>
         <run_address>0x11d8</run_address>
         <size>0xe4</size>
         <alignment>0x4</alignment>
         <input_file_ref idref="fl-a"/>
      </object_component>
      <object_component id="oc-e6">
         <name>.text</name>
         <load_address>0x12bc</load_address>
         <readonly>true</readonly>
         <executable>true</executable>
         <run_address>0x12bc</run_address>
         <size>0xd8</size>
         <alignment>0x4</alignment>
         <input_file_ref idref="fl-f5"/>
      </object_component>
      <object_component id="oc-39">
         <name>.text.I2C0_IRQHandler</name>
         <load_address>0x1394</load_address>
         <readonly>true</readonly>
         <executable>true</executable>
         <run_address>0x1394</run_address>
         <size>0xd4</size>
         <alignment>0x4</alignment>
         <input_file_ref idref="fl-8"/>
      </object_component>
      <object_component id="oc-b5">
         <name>.text.bma530Accel_init</name>
         <load_address>0x1468</load_address>
         <readonly>true</readonly>
         <executable>true</executable>
         <run_address>0x1468</run_address>
         <size>0xd0</size>
         <alignment>0x4</alignment>
         <input_file_ref idref="fl-3"/>
      </object_component>
      <object_component id="oc-143">
         <name>.text.bma5_get_int_conf</name>
         <load_address>0x1538</load_address>
         <readonly>true</readonly>
         <executable>true</executable>
         <run_address>0x1538</run_address>
         <size>0xb8</size>
         <alignment>0x4</alignment>
         <input_file_ref idref="fl-4"/>
      </object_component>
      <object_component id="oc-144">
         <name>.text.bma5_set_int_conf</name>
         <load_address>0x15f0</load_address>
         <readonly>true</readonly>
         <executable>true</executable>
         <run_address>0x15f0</run_address>
         <size>0xaa</size>
         <alignment>0x2</alignment>
         <input_file_ref idref="fl-4"/>
      </object_component>
      <object_component id="oc-1ca">
         <name>.text.__aeabi_idiv0</name>
         <load_address>0x169a</load_address>
         <readonly>true</readonly>
         <executable>true</executable>
         <run_address>0x169a</run_address>
         <size>0x2</size>
         <alignment>0x2</alignment>
         <input_file_ref idref="fl-10e"/>
      </object_component>
      <object_component id="oc-bf">
         <name>.text.bma530_readAccel</name>
         <load_address>0x169c</load_address>
         <readonly>true</readonly>
         <executable>true</executable>
         <run_address>0x169c</run_address>
         <size>0xa8</size>
         <alignment>0x4</alignment>
         <input_file_ref idref="fl-3"/>
      </object_component>
      <object_component id="oc-1c5">
         <name>.text.mspm0c1103_I2C_write</name>
         <load_address>0x1744</load_address>
         <readonly>true</readonly>
         <executable>true</executable>
         <run_address>0x1744</run_address>
         <size>0xa8</size>
         <alignment>0x4</alignment>
         <input_file_ref idref="fl-7"/>
      </object_component>
      <object_component id="oc-19e">
         <name>.text.ti_opt3007_I2C_write</name>
         <load_address>0x17ec</load_address>
         <readonly>true</readonly>
         <executable>true</executable>
         <run_address>0x17ec</run_address>
         <size>0x9c</size>
         <alignment>0x4</alignment>
         <input_file_ref idref="fl-a"/>
      </object_component>
      <object_component id="oc-139">
         <name>.text.bma530_set_int_map</name>
         <load_address>0x1888</load_address>
         <readonly>true</readonly>
         <executable>true</executable>
         <run_address>0x1888</run_address>
         <size>0x9a</size>
         <alignment>0x2</alignment>
         <input_file_ref idref="fl-5"/>
      </object_component>
      <object_component id="oc-a1">
         <name>.text:memcpy</name>
         <load_address>0x1922</load_address>
         <readonly>true</readonly>
         <executable>true</executable>
         <run_address>0x1922</run_address>
         <size>0x9a</size>
         <alignment>0x1</alignment>
         <input_file_ref idref="fl-110"/>
      </object_component>
      <object_component id="oc-153">
         <name>.text.bma5_get_acc</name>
         <load_address>0x19bc</load_address>
         <readonly>true</readonly>
         <executable>true</executable>
         <run_address>0x19bc</run_address>
         <size>0x90</size>
         <alignment>0x4</alignment>
         <input_file_ref idref="fl-4"/>
      </object_component>
      <object_component id="oc-e2">
         <name>.text.__mulsf3</name>
         <load_address>0x1a4c</load_address>
         <readonly>true</readonly>
         <executable>true</executable>
         <run_address>0x1a4c</run_address>
         <size>0x8c</size>
         <alignment>0x4</alignment>
         <input_file_ref idref="fl-f9"/>
      </object_component>
      <object_component id="oc-140">
         <name>.text.bma5_get_acc_conf</name>
         <load_address>0x1ad8</load_address>
         <readonly>true</readonly>
         <executable>true</executable>
         <run_address>0x1ad8</run_address>
         <size>0x80</size>
         <alignment>0x4</alignment>
         <input_file_ref idref="fl-4"/>
      </object_component>
      <object_component id="oc-133">
         <name>.text.bma530_get_int_map</name>
         <load_address>0x1b58</load_address>
         <readonly>true</readonly>
         <executable>true</executable>
         <run_address>0x1b58</run_address>
         <size>0x7c</size>
         <alignment>0x2</alignment>
         <input_file_ref idref="fl-5"/>
      </object_component>
      <object_component id="oc-1b">
         <name>.text:decompress:lzss</name>
         <load_address>0x1bd4</load_address>
         <readonly>true</readonly>
         <executable>true</executable>
         <run_address>0x1bd4</run_address>
         <size>0x7c</size>
         <alignment>0x4</alignment>
         <input_file_ref idref="fl-38"/>
      </object_component>
      <object_component id="oc-141">
         <name>.text.bma5_set_acc_conf</name>
         <load_address>0x1c50</load_address>
         <readonly>true</readonly>
         <executable>true</executable>
         <run_address>0x1c50</run_address>
         <size>0x76</size>
         <alignment>0x2</alignment>
         <input_file_ref idref="fl-4"/>
      </object_component>
      <object_component id="oc-162">
         <name>.text.__gedf2</name>
         <load_address>0x1cc8</load_address>
         <readonly>true</readonly>
         <executable>true</executable>
         <run_address>0x1cc8</run_address>
         <size>0x74</size>
         <alignment>0x4</alignment>
         <input_file_ref idref="fl-10d"/>
      </object_component>
      <object_component id="oc-12d">
         <name>.text.bma530_init</name>
         <load_address>0x1d3c</load_address>
         <readonly>true</readonly>
         <executable>true</executable>
         <run_address>0x1d3c</run_address>
         <size>0x6c</size>
         <alignment>0x2</alignment>
         <input_file_ref idref="fl-6"/>
      </object_component>
      <object_component id="oc-15c">
         <name>.text.__ledf2</name>
         <load_address>0x1da8</load_address>
         <readonly>true</readonly>
         <executable>true</executable>
         <run_address>0x1da8</run_address>
         <size>0x68</size>
         <alignment>0x4</alignment>
         <input_file_ref idref="fl-10d"/>
      </object_component>
      <object_component id="oc-152">
         <name>.text.bma5_get_sensor_status</name>
         <load_address>0x1e10</load_address>
         <readonly>true</readonly>
         <executable>true</executable>
         <run_address>0x1e10</run_address>
         <size>0x68</size>
         <alignment>0x4</alignment>
         <input_file_ref idref="fl-4"/>
      </object_component>
      <object_component id="oc-11e">
         <name>.text.SYSCFG_DL_I2C_init</name>
         <load_address>0x1e78</load_address>
         <readonly>true</readonly>
         <executable>true</executable>
         <run_address>0x1e78</run_address>
         <size>0x64</size>
         <alignment>0x4</alignment>
         <input_file_ref idref="fl-1"/>
      </object_component>
      <object_component id="oc-c8">
         <name>.text.ti_opt3007_readLux</name>
         <load_address>0x1edc</load_address>
         <readonly>true</readonly>
         <executable>true</executable>
         <run_address>0x1edc</run_address>
         <size>0x64</size>
         <alignment>0x4</alignment>
         <input_file_ref idref="fl-9"/>
      </object_component>
      <object_component id="oc-c4">
         <name>.text.__aeabi_dcmp</name>
         <load_address>0x1f40</load_address>
         <readonly>true</readonly>
         <executable>true</executable>
         <run_address>0x1f40</run_address>
         <size>0x62</size>
         <alignment>0x4</alignment>
         <input_file_ref idref="fl-103"/>
      </object_component>
      <object_component id="oc-cd">
         <name>.text.__aeabi_fcmp</name>
         <load_address>0x1fa4</load_address>
         <readonly>true</readonly>
         <executable>true</executable>
         <run_address>0x1fa4</run_address>
         <size>0x62</size>
         <alignment>0x4</alignment>
         <input_file_ref idref="fl-104"/>
      </object_component>
      <object_component id="oc-63">
         <name>.text.DL_I2C_fillControllerTXFIFO</name>
         <load_address>0x2006</load_address>
         <readonly>true</readonly>
         <executable>true</executable>
         <run_address>0x2006</run_address>
         <size>0x5e</size>
         <alignment>0x2</alignment>
         <input_file_ref idref="fl-1a"/>
      </object_component>
      <object_component id="oc-1a2">
         <name>.text.bma5_delay_us</name>
         <load_address>0x2064</load_address>
         <readonly>true</readonly>
         <executable>true</executable>
         <run_address>0x2064</run_address>
         <size>0x5c</size>
         <alignment>0x2</alignment>
         <input_file_ref idref="fl-7"/>
      </object_component>
      <object_component id="oc-13a">
         <name>.text.bma5_get_acc_conf_0</name>
         <load_address>0x20c0</load_address>
         <readonly>true</readonly>
         <executable>true</executable>
         <run_address>0x20c0</run_address>
         <size>0x5c</size>
         <alignment>0x4</alignment>
         <input_file_ref idref="fl-4"/>
      </object_component>
      <object_component id="oc-123">
         <name>.text.ti_opt3007_deviceRegister_write</name>
         <load_address>0x211c</load_address>
         <readonly>true</readonly>
         <executable>true</executable>
         <run_address>0x211c</run_address>
         <size>0x4c</size>
         <alignment>0x4</alignment>
         <input_file_ref idref="fl-b"/>
      </object_component>
      <object_component id="oc-1aa">
         <name>.text.bma5_set_regs</name>
         <load_address>0x2168</load_address>
         <readonly>true</readonly>
         <executable>true</executable>
         <run_address>0x2168</run_address>
         <size>0x44</size>
         <alignment>0x2</alignment>
         <input_file_ref idref="fl-4"/>
      </object_component>
      <object_component id="oc-142">
         <name>.text.bma5_set_acc_conf_0</name>
         <load_address>0x21ac</load_address>
         <readonly>true</readonly>
         <executable>true</executable>
         <run_address>0x21ac</run_address>
         <size>0x42</size>
         <alignment>0x2</alignment>
         <input_file_ref idref="fl-4"/>
      </object_component>
      <object_component id="oc-11c">
         <name>.text.SYSCFG_DL_SYSCTL_init</name>
         <load_address>0x21f0</load_address>
         <readonly>true</readonly>
         <executable>true</executable>
         <run_address>0x21f0</run_address>
         <size>0x40</size>
         <alignment>0x4</alignment>
         <input_file_ref idref="fl-1"/>
      </object_component>
      <object_component id="oc-11a">
         <name>.text.SYSCFG_DL_initPower</name>
         <load_address>0x2230</load_address>
         <readonly>true</readonly>
         <executable>true</executable>
         <run_address>0x2230</run_address>
         <size>0x40</size>
         <alignment>0x4</alignment>
         <input_file_ref idref="fl-1"/>
      </object_component>
      <object_component id="oc-38">
         <name>.text.TIMG14_IRQHandler</name>
         <load_address>0x2270</load_address>
         <readonly>true</readonly>
         <executable>true</executable>
         <run_address>0x2270</run_address>
         <size>0x40</size>
         <alignment>0x4</alignment>
         <input_file_ref idref="fl-8"/>
      </object_component>
      <object_component id="oc-1c6">
         <name>.text.__aeabi_uidivmod</name>
         <load_address>0x22b0</load_address>
         <readonly>true</readonly>
         <executable>true</executable>
         <run_address>0x22b0</run_address>
         <size>0x40</size>
         <alignment>0x4</alignment>
         <input_file_ref idref="fl-108"/>
      </object_component>
      <object_component id="oc-c0">
         <name>.text.__extendsfdf2</name>
         <load_address>0x22f0</load_address>
         <readonly>true</readonly>
         <executable>true</executable>
         <run_address>0x22f0</run_address>
         <size>0x40</size>
         <alignment>0x4</alignment>
         <input_file_ref idref="fl-fc"/>
      </object_component>
      <object_component id="oc-154">
         <name>.text.__floatsisf</name>
         <load_address>0x2330</load_address>
         <readonly>true</readonly>
         <executable>true</executable>
         <run_address>0x2330</run_address>
         <size>0x3c</size>
         <alignment>0x4</alignment>
         <input_file_ref idref="fl-ff"/>
      </object_component>
      <object_component id="oc-17c">
         <name>.text.__gtsf2</name>
         <load_address>0x236c</load_address>
         <readonly>true</readonly>
         <executable>true</executable>
         <run_address>0x236c</run_address>
         <size>0x3c</size>
         <alignment>0x4</alignment>
         <input_file_ref idref="fl-10a"/>
      </object_component>
      <object_component id="oc-101">
         <name>.text:__TI_auto_init_nobinit_nopinit</name>
         <load_address>0x23a8</load_address>
         <readonly>true</readonly>
         <executable>true</executable>
         <run_address>0x23a8</run_address>
         <size>0x3c</size>
         <alignment>0x4</alignment>
         <input_file_ref idref="fl-43"/>
      </object_component>
      <object_component id="oc-177">
         <name>.text.__eqsf2</name>
         <load_address>0x23e4</load_address>
         <readonly>true</readonly>
         <executable>true</executable>
         <run_address>0x23e4</run_address>
         <size>0x3a</size>
         <alignment>0x4</alignment>
         <input_file_ref idref="fl-10a"/>
      </object_component>
      <object_component id="oc-17e">
         <name>.text.__muldsi3</name>
         <load_address>0x2420</load_address>
         <readonly>true</readonly>
         <executable>true</executable>
         <run_address>0x2420</run_address>
         <size>0x3a</size>
         <alignment>0x4</alignment>
         <input_file_ref idref="fl-f8"/>
      </object_component>
      <object_component id="oc-ba">
         <name>.text.DL_SYSCTL_switchMCLKfromLFCLKtoSYSOSC</name>
         <load_address>0x245c</load_address>
         <readonly>true</readonly>
         <executable>true</executable>
         <run_address>0x245c</run_address>
         <size>0x38</size>
         <alignment>0x4</alignment>
         <input_file_ref idref="fl-1c"/>
      </object_component>
      <object_component id="oc-11f">
         <name>.text.SYSCFG_DL_TIMER_0_init</name>
         <load_address>0x2494</load_address>
         <readonly>true</readonly>
         <executable>true</executable>
         <run_address>0x2494</run_address>
         <size>0x38</size>
         <alignment>0x4</alignment>
         <input_file_ref idref="fl-1"/>
      </object_component>
      <object_component id="oc-120">
         <name>.text.SYSCFG_DL_TIMER_1_init</name>
         <load_address>0x24cc</load_address>
         <readonly>true</readonly>
         <executable>true</executable>
         <run_address>0x24cc</run_address>
         <size>0x38</size>
         <alignment>0x4</alignment>
         <input_file_ref idref="fl-1"/>
      </object_component>
      <object_component id="oc-166">
         <name>.text.__floatsidf</name>
         <load_address>0x2504</load_address>
         <readonly>true</readonly>
         <executable>true</executable>
         <run_address>0x2504</run_address>
         <size>0x2c</size>
         <alignment>0x4</alignment>
         <input_file_ref idref="fl-fe"/>
      </object_component>
      <object_component id="oc-56">
         <name>.text:_c_int00_noargs</name>
         <load_address>0x2530</load_address>
         <readonly>true</readonly>
         <executable>true</executable>
         <run_address>0x2530</run_address>
         <size>0x28</size>
         <alignment>0x4</alignment>
         <input_file_ref idref="fl-39"/>
      </object_component>
      <object_component id="oc-191">
         <name>.text.DL_I2C_setClockConfig</name>
         <load_address>0x2558</load_address>
         <readonly>true</readonly>
         <executable>true</executable>
         <run_address>0x2558</run_address>
         <size>0x26</size>
         <alignment>0x2</alignment>
         <input_file_ref idref="fl-1a"/>
      </object_component>
      <object_component id="oc-11b">
         <name>.text.SYSCFG_DL_GPIO_init</name>
         <load_address>0x2580</load_address>
         <readonly>true</readonly>
         <executable>true</executable>
         <run_address>0x2580</run_address>
         <size>0x24</size>
         <alignment>0x4</alignment>
         <input_file_ref idref="fl-1"/>
      </object_component>
      <object_component id="oc-16e">
         <name>.text.__floatunsidf</name>
         <load_address>0x25a4</load_address>
         <readonly>true</readonly>
         <executable>true</executable>
         <run_address>0x25a4</run_address>
         <size>0x24</size>
         <alignment>0x4</alignment>
         <input_file_ref idref="fl-100"/>
      </object_component>
      <object_component id="oc-193">
         <name>.text.DL_Timer_setClockConfig</name>
         <load_address>0x25c8</load_address>
         <readonly>true</readonly>
         <executable>true</executable>
         <run_address>0x25c8</run_address>
         <size>0x1c</size>
         <alignment>0x4</alignment>
         <input_file_ref idref="fl-1b"/>
      </object_component>
      <object_component id="oc-a6">
         <name>.text.SYSCFG_DL_init</name>
         <load_address>0x25e4</load_address>
         <readonly>true</readonly>
         <executable>true</executable>
         <run_address>0x25e4</run_address>
         <size>0x1c</size>
         <alignment>0x2</alignment>
         <input_file_ref idref="fl-1"/>
      </object_component>
      <object_component id="oc-4d">
         <name>.text:decompress:ZI:__TI_zero_init_nomemset</name>
         <load_address>0x2600</load_address>
         <readonly>true</readonly>
         <executable>true</executable>
         <run_address>0x2600</run_address>
         <size>0x16</size>
         <alignment>0x2</alignment>
         <input_file_ref idref="fl-36"/>
      </object_component>
      <object_component id="oc-1a0">
         <name>.text.bma5_i2c_read</name>
         <load_address>0x2616</load_address>
         <readonly>true</readonly>
         <executable>true</executable>
         <run_address>0x2616</run_address>
         <size>0x14</size>
         <alignment>0x2</alignment>
         <input_file_ref idref="fl-7"/>
      </object_component>
      <object_component id="oc-1a1">
         <name>.text.bma5_i2c_write</name>
         <load_address>0x262a</load_address>
         <readonly>true</readonly>
         <executable>true</executable>
         <run_address>0x262a</run_address>
         <size>0x14</size>
         <alignment>0x2</alignment>
         <input_file_ref idref="fl-7"/>
      </object_component>
      <object_component id="oc-1f">
         <name>.text:decompress:none</name>
         <load_address>0x263e</load_address>
         <readonly>true</readonly>
         <executable>true</executable>
         <run_address>0x263e</run_address>
         <size>0x12</size>
         <alignment>0x2</alignment>
         <input_file_ref idref="fl-37"/>
      </object_component>
      <object_component id="oc-33">
         <name>.text.TIMG8_IRQHandler</name>
         <load_address>0x2650</load_address>
         <readonly>true</readonly>
         <executable>true</executable>
         <run_address>0x2650</run_address>
         <size>0xc</size>
         <alignment>0x4</alignment>
         <input_file_ref idref="fl-8"/>
      </object_component>
      <object_component id="oc-ad">
         <name>.text.ti_opt3007_setRn</name>
         <load_address>0x265c</load_address>
         <readonly>true</readonly>
         <executable>true</executable>
         <run_address>0x265c</run_address>
         <size>0xc</size>
         <alignment>0x2</alignment>
         <input_file_ref idref="fl-9"/>
      </object_component>
      <object_component id="oc-af">
         <name>.text.ti_opt3007_setSensorContinuous</name>
         <load_address>0x2668</load_address>
         <readonly>true</readonly>
         <executable>true</executable>
         <run_address>0x2668</run_address>
         <size>0xc</size>
         <alignment>0x2</alignment>
         <input_file_ref idref="fl-9"/>
      </object_component>
      <object_component id="oc-b0">
         <name>.text.ti_opt3007_setSensorConversionTime100mS</name>
         <load_address>0x2674</load_address>
         <readonly>true</readonly>
         <executable>true</executable>
         <run_address>0x2674</run_address>
         <size>0xc</size>
         <alignment>0x2</alignment>
         <input_file_ref idref="fl-9"/>
      </object_component>
      <object_component id="oc-b1">
         <name>.text.DL_Common_delayCycles</name>
         <load_address>0x2680</load_address>
         <readonly>true</readonly>
         <executable>true</executable>
         <run_address>0x2680</run_address>
         <size>0xa</size>
         <alignment>0x2</alignment>
         <input_file_ref idref="fl-19"/>
      </object_component>
      <object_component id="oc-46">
         <name>.text.__aeabi_memcpy</name>
         <load_address>0x268c</load_address>
         <readonly>true</readonly>
         <executable>true</executable>
         <run_address>0x268c</run_address>
         <size>0x8</size>
         <alignment>0x4</alignment>
         <input_file_ref idref="fl-106"/>
      </object_component>
      <object_component id="oc-2e">
         <name>.text.Reset_Handler</name>
         <load_address>0x2694</load_address>
         <readonly>true</readonly>
         <executable>true</executable>
         <run_address>0x2694</run_address>
         <size>0x4</size>
         <alignment>0x2</alignment>
         <input_file_ref idref="fl-2"/>
      </object_component>
      <object_component id="oc-7c">
         <name>.text._system_pre_init</name>
         <load_address>0x2698</load_address>
         <readonly>true</readonly>
         <executable>true</executable>
         <run_address>0x2698</run_address>
         <size>0x4</size>
         <alignment>0x2</alignment>
         <input_file_ref idref="fl-44"/>
      </object_component>
      <object_component id="oc-fa">
         <name>.text:abort</name>
         <load_address>0x269c</load_address>
         <readonly>true</readonly>
         <executable>true</executable>
         <run_address>0x269c</run_address>
         <size>0x4</size>
         <alignment>0x2</alignment>
         <input_file_ref idref="fl-40"/>
      </object_component>
      <object_component id="oc-213">
         <name>.cinit..data.load</name>
         <load_address>0x26d0</load_address>
         <readonly>true</readonly>
         <run_address>0x26d0</run_address>
         <size>0x11</size>
         <alignment>0x1</alignment>
      </object_component>
      <object_component id="oc-211">
         <name>__TI_handler_table</name>
         <load_address>0x26e4</load_address>
         <readonly>true</readonly>
         <run_address>0x26e4</run_address>
         <size>0xc</size>
         <alignment>0x4</alignment>
      </object_component>
      <object_component id="oc-214">
         <name>.cinit..bss.load</name>
         <load_address>0x26f0</load_address>
         <readonly>true</readonly>
         <run_address>0x26f0</run_address>
         <size>0x8</size>
         <alignment>0x4</alignment>
      </object_component>
      <object_component id="oc-212">
         <name>__TI_cinit_table</name>
         <load_address>0x26f8</load_address>
         <readonly>true</readonly>
         <run_address>0x26f8</run_address>
         <size>0x10</size>
         <alignment>0x4</alignment>
      </object_component>
      <object_component id="oc-19b">
         <name>.rodata.gTIMER_0TimerConfig</name>
         <load_address>0x26a0</load_address>
         <readonly>true</readonly>
         <run_address>0x26a0</run_address>
         <size>0x14</size>
         <alignment>0x4</alignment>
         <input_file_ref idref="fl-1"/>
      </object_component>
      <object_component id="oc-19d">
         <name>.rodata.gTIMER_1TimerConfig</name>
         <load_address>0x26b4</load_address>
         <readonly>true</readonly>
         <run_address>0x26b4</run_address>
         <size>0x14</size>
         <alignment>0x4</alignment>
         <input_file_ref idref="fl-1"/>
      </object_component>
      <object_component id="oc-19a">
         <name>.rodata.gTIMER_0ClockConfig</name>
         <load_address>0x26c8</load_address>
         <readonly>true</readonly>
         <run_address>0x26c8</run_address>
         <size>0x3</size>
         <alignment>0x1</alignment>
         <input_file_ref idref="fl-1"/>
      </object_component>
      <object_component id="oc-19c">
         <name>.rodata.gTIMER_1ClockConfig</name>
         <load_address>0x26cb</load_address>
         <readonly>true</readonly>
         <run_address>0x26cb</run_address>
         <size>0x3</size>
         <alignment>0x1</alignment>
         <input_file_ref idref="fl-1"/>
      </object_component>
      <object_component id="oc-192">
         <name>.rodata.gI2CClockConfig</name>
         <load_address>0x26ce</load_address>
         <readonly>true</readonly>
         <run_address>0x26ce</run_address>
         <size>0x2</size>
         <alignment>0x1</alignment>
         <input_file_ref idref="fl-1"/>
      </object_component>
      <object_component id="oc-1dc">
         <name>.binit</name>
         <load_address>0x0</load_address>
         <readonly>true</readonly>
         <run_address>0x0</run_address>
         <size>0x0</size>
         <alignment>0x4</alignment>
      </object_component>
      <object_component id="oc-d4">
         <name>.data.cami_accel</name>
         <load_address>0x200001f4</load_address>
         <readwrite>true</readwrite>
         <run_address>0x200001f4</run_address>
         <size>0xc</size>
         <alignment>0x4</alignment>
         <input_file_ref idref="fl-3"/>
      </object_component>
      <object_component id="oc-14c">
         <name>.data.n_conf</name>
         <load_address>0x2000022a</load_address>
         <readwrite>true</readwrite>
         <run_address>0x2000022a</run_address>
         <size>0x1</size>
         <alignment>0x1</alignment>
         <input_file_ref idref="fl-3"/>
      </object_component>
      <object_component id="oc-15a">
         <name>.data.loop</name>
         <load_address>0x20000229</load_address>
         <readwrite>true</readwrite>
         <run_address>0x20000229</run_address>
         <size>0x1</size>
         <alignment>0x1</alignment>
         <input_file_ref idref="fl-3"/>
      </object_component>
      <object_component id="oc-1ae">
         <name>.data.acceldata</name>
         <load_address>0x20000200</load_address>
         <readwrite>true</readwrite>
         <run_address>0x20000200</run_address>
         <size>0x6</size>
         <alignment>0x1</alignment>
         <input_file_ref idref="fl-4"/>
      </object_component>
      <object_component id="oc-1ab">
         <name>.data.temp_buf</name>
         <load_address>0x20000164</load_address>
         <readwrite>true</readwrite>
         <run_address>0x20000164</run_address>
         <size>0x80</size>
         <alignment>0x1</alignment>
         <input_file_ref idref="fl-4"/>
      </object_component>
      <object_component id="oc-6f">
         <name>.data.gTxPacket</name>
         <load_address>0x200001e4</load_address>
         <readwrite>true</readwrite>
         <run_address>0x200001e4</run_address>
         <size>0x10</size>
         <alignment>0x1</alignment>
         <input_file_ref idref="fl-8"/>
      </object_component>
      <object_component id="oc-d8">
         <name>.data.bUpstate</name>
         <load_address>0x20000225</load_address>
         <readwrite>true</readwrite>
         <run_address>0x20000225</run_address>
         <size>0x1</size>
         <alignment>0x1</alignment>
         <input_file_ref idref="fl-8"/>
      </object_component>
      <object_component id="oc-d6">
         <name>.data.bDownstate</name>
         <load_address>0x20000224</load_address>
         <readwrite>true</readwrite>
         <run_address>0x20000224</run_address>
         <size>0x1</size>
         <alignment>0x1</alignment>
         <input_file_ref idref="fl-8"/>
      </object_component>
      <object_component id="oc-e0">
         <name>.data.upCnt_zAxis</name>
         <load_address>0x20000222</load_address>
         <readwrite>true</readwrite>
         <run_address>0x20000222</run_address>
         <size>0x2</size>
         <alignment>0x2</alignment>
         <input_file_ref idref="fl-8"/>
      </object_component>
      <object_component id="oc-d7">
         <name>.data.downCnt_zAxis</name>
         <load_address>0x2000021c</load_address>
         <readwrite>true</readwrite>
         <run_address>0x2000021c</run_address>
         <size>0x2</size>
         <alignment>0x2</alignment>
         <input_file_ref idref="fl-8"/>
      </object_component>
      <object_component id="oc-e1">
         <name>.data.modeCheckCnt</name>
         <load_address>0x2000021e</load_address>
         <readwrite>true</readwrite>
         <run_address>0x2000021e</run_address>
         <size>0x2</size>
         <alignment>0x2</alignment>
         <input_file_ref idref="fl-8"/>
      </object_component>
      <object_component id="oc-f3">
         <name>.data.significant_movement_count</name>
         <load_address>0x20000220</load_address>
         <readwrite>true</readwrite>
         <run_address>0x20000220</run_address>
         <size>0x2</size>
         <alignment>0x2</alignment>
         <input_file_ref idref="fl-8"/>
      </object_component>
      <object_component id="oc-f0">
         <name>.data.threshold_level_z</name>
         <load_address>0x20000218</load_address>
         <readwrite>true</readwrite>
         <run_address>0x20000218</run_address>
         <size>0x4</size>
         <alignment>0x4</alignment>
         <input_file_ref idref="fl-8"/>
      </object_component>
      <object_component id="oc-f9">
         <name>.data.bSensitivityLevel</name>
         <load_address>0x20000206</load_address>
         <readwrite>true</readwrite>
         <run_address>0x20000206</run_address>
         <size>0x2</size>
         <alignment>0x2</alignment>
         <input_file_ref idref="fl-8"/>
      </object_component>
      <object_component id="oc-ec">
         <name>.data.ewma_z</name>
         <load_address>0x2000020c</load_address>
         <readwrite>true</readwrite>
         <run_address>0x2000020c</run_address>
         <size>0x4</size>
         <alignment>0x4</alignment>
         <input_file_ref idref="fl-8"/>
      </object_component>
      <object_component id="oc-ee">
         <name>.data.hpf_z_prev</name>
         <load_address>0x20000210</load_address>
         <readwrite>true</readwrite>
         <run_address>0x20000210</run_address>
         <size>0x4</size>
         <alignment>0x4</alignment>
         <input_file_ref idref="fl-8"/>
      </object_component>
      <object_component id="oc-dc">
         <name>.data.gNowNight</name>
         <load_address>0x20000227</load_address>
         <readwrite>true</readwrite>
         <run_address>0x20000227</run_address>
         <size>0x1</size>
         <alignment>0x1</alignment>
         <input_file_ref idref="fl-8"/>
      </object_component>
      <object_component id="oc-dd">
         <name>.data.gLowVoltage</name>
         <load_address>0x20000226</load_address>
         <readwrite>true</readwrite>
         <run_address>0x20000226</run_address>
         <size>0x1</size>
         <alignment>0x1</alignment>
         <input_file_ref idref="fl-8"/>
      </object_component>
      <object_component id="oc-f4">
         <name>.data.in_lockout</name>
         <load_address>0x20000228</load_address>
         <readwrite>true</readwrite>
         <run_address>0x20000228</run_address>
         <size>0x1</size>
         <alignment>0x1</alignment>
         <input_file_ref idref="fl-8"/>
      </object_component>
      <object_component id="oc-f5">
         <name>.data.lockout_cnt</name>
         <load_address>0x20000214</load_address>
         <readwrite>true</readwrite>
         <run_address>0x20000214</run_address>
         <size>0x4</size>
         <alignment>0x4</alignment>
         <input_file_ref idref="fl-8"/>
      </object_component>
      <object_component id="oc-5f">
         <name>.data.TIMG14_IRQHandler.count</name>
         <load_address>0x20000208</load_address>
         <readwrite>true</readwrite>
         <run_address>0x20000208</run_address>
         <size>0x4</size>
         <alignment>0x4</alignment>
         <input_file_ref idref="fl-8"/>
      </object_component>
      <object_component id="oc-19f">
         <name>.bss.dev_addr</name>
         <uninitialized>true</uninitialized>
         <readwrite>true</readwrite>
         <run_address>0x200000e7</run_address>
         <size>0x1</size>
         <alignment>0x1</alignment>
         <input_file_ref idref="fl-7"/>
      </object_component>
      <object_component id="oc-ea">
         <name>.bss.gFish_Red</name>
         <uninitialized>true</uninitialized>
         <readwrite>true</readwrite>
         <run_address>0x2000010f</run_address>
         <size>0x1</size>
         <alignment>0x1</alignment>
         <input_file_ref idref="fl-8"/>
      </object_component>
      <object_component id="oc-145">
         <name>.common:int_config</name>
         <uninitialized>true</uninitialized>
         <readwrite>true</readwrite>
         <run_address>0x20000138</run_address>
         <size>0x4</size>
         <alignment>0x1</alignment>
      </object_component>
      <object_component id="oc-146">
         <name>.common:int_status</name>
         <uninitialized>true</uninitialized>
         <readwrite>true</readwrite>
         <run_address>0x200000cc</run_address>
         <size>0xe</size>
         <alignment>0x1</alignment>
      </object_component>
      <object_component id="oc-147">
         <name>.common:dev</name>
         <uninitialized>true</uninitialized>
         <readwrite>true</readwrite>
         <run_address>0x20000090</run_address>
         <size>0x18</size>
         <alignment>0x4</alignment>
      </object_component>
      <object_component id="oc-148">
         <name>.common:rslt</name>
         <uninitialized>true</uninitialized>
         <readwrite>true</readwrite>
         <run_address>0x20000162</run_address>
         <size>0x1</size>
         <alignment>0x1</alignment>
      </object_component>
      <object_component id="oc-149">
         <name>.common:int_map</name>
         <uninitialized>true</uninitialized>
         <readwrite>true</readwrite>
         <run_address>0x200000da</run_address>
         <size>0xd</size>
         <alignment>0x1</alignment>
      </object_component>
      <object_component id="oc-14a">
         <name>.common:sensor_ctrl</name>
         <uninitialized>true</uninitialized>
         <readwrite>true</readwrite>
         <run_address>0x20000163</run_address>
         <size>0x1</size>
         <alignment>0x1</alignment>
      </object_component>
      <object_component id="oc-14b">
         <name>.common:acc_cfg</name>
         <uninitialized>true</uninitialized>
         <readwrite>true</readwrite>
         <run_address>0x20000108</run_address>
         <size>0x7</size>
         <alignment>0x1</alignment>
      </object_component>
      <object_component id="oc-158">
         <name>.common:status</name>
         <uninitialized>true</uninitialized>
         <readwrite>true</readwrite>
         <run_address>0x2000014c</run_address>
         <size>0x3</size>
         <alignment>0x1</alignment>
      </object_component>
      <object_component id="oc-159">
         <name>.common:sens_data</name>
         <uninitialized>true</uninitialized>
         <readwrite>true</readwrite>
         <run_address>0x20000110</run_address>
         <size>0x6</size>
         <alignment>0x2</alignment>
      </object_component>
      <object_component id="oc-d5">
         <name>.common:current_accel</name>
         <uninitialized>true</uninitialized>
         <readwrite>true</readwrite>
         <run_address>0x20000078</run_address>
         <size>0x18</size>
         <alignment>0x8</alignment>
      </object_component>
      <object_component id="oc-62">
         <name>.common:gVerticalCnt_100ms</name>
         <uninitialized>true</uninitialized>
         <readwrite>true</readwrite>
         <run_address>0x20000134</run_address>
         <size>0x4</size>
         <alignment>0x4</alignment>
      </object_component>
      <object_component id="oc-d2">
         <name>.common:accel_history</name>
         <uninitialized>true</uninitialized>
         <readwrite>true</readwrite>
         <run_address>0x20000000</run_address>
         <size>0x78</size>
         <alignment>0x8</alignment>
      </object_component>
      <object_component id="oc-ed">
         <name>.common:low_freq</name>
         <uninitialized>true</uninitialized>
         <readwrite>true</readwrite>
         <run_address>0x2000013c</run_address>
         <size>0x4</size>
         <alignment>0x4</alignment>
      </object_component>
      <object_component id="oc-60">
         <name>.common:gTogglePolicy</name>
         <uninitialized>true</uninitialized>
         <readwrite>true</readwrite>
         <run_address>0x2000014f</run_address>
         <size>0x1</size>
         <alignment>0x1</alignment>
      </object_component>
      <object_component id="oc-69">
         <name>.common:gI2cControllerStatus</name>
         <uninitialized>true</uninitialized>
         <readwrite>true</readwrite>
         <run_address>0x2000011b</run_address>
         <size>0x1</size>
         <alignment>0x1</alignment>
      </object_component>
      <object_component id="oc-d1">
         <name>.common:opt300checkCnt</name>
         <uninitialized>true</uninitialized>
         <readwrite>true</readwrite>
         <run_address>0x20000158</run_address>
         <size>0x2</size>
         <alignment>0x2</alignment>
      </object_component>
      <object_component id="oc-d3">
         <name>.common:modeSel</name>
         <uninitialized>true</uninitialized>
         <readwrite>true</readwrite>
         <run_address>0x20000156</run_address>
         <size>0x2</size>
         <alignment>0x2</alignment>
      </object_component>
      <object_component id="oc-d9">
         <name>.common:ledOn_lux</name>
         <uninitialized>true</uninitialized>
         <readwrite>true</readwrite>
         <run_address>0x200000f0</run_address>
         <size>0x8</size>
         <alignment>0x8</alignment>
      </object_component>
      <object_component id="oc-da">
         <name>.common:ledOff_lux</name>
         <uninitialized>true</uninitialized>
         <readwrite>true</readwrite>
         <run_address>0x200000e8</run_address>
         <size>0x8</size>
         <alignment>0x8</alignment>
      </object_component>
      <object_component id="oc-db">
         <name>.common:optlux</name>
         <uninitialized>true</uninitialized>
         <readwrite>true</readwrite>
         <run_address>0x20000100</run_address>
         <size>0x8</size>
         <alignment>0x8</alignment>
      </object_component>
      <object_component id="oc-de">
         <name>.common:optDarkCnt</name>
         <uninitialized>true</uninitialized>
         <readwrite>true</readwrite>
         <run_address>0x2000015c</run_address>
         <size>0x2</size>
         <alignment>0x2</alignment>
      </object_component>
      <object_component id="oc-df">
         <name>.common:optBrightCnt</name>
         <uninitialized>true</uninitialized>
         <readwrite>true</readwrite>
         <run_address>0x2000015a</run_address>
         <size>0x2</size>
         <alignment>0x2</alignment>
      </object_component>
      <object_component id="oc-eb">
         <name>.common:raw_z</name>
         <uninitialized>true</uninitialized>
         <readwrite>true</readwrite>
         <run_address>0x20000144</run_address>
         <size>0x4</size>
         <alignment>0x4</alignment>
      </object_component>
      <object_component id="oc-ef">
         <name>.common:z_delta</name>
         <uninitialized>true</uninitialized>
         <readwrite>true</readwrite>
         <run_address>0x20000148</run_address>
         <size>0x4</size>
         <alignment>0x4</alignment>
      </object_component>
      <object_component id="oc-f1">
         <name>.common:prev_raw_z</name>
         <uninitialized>true</uninitialized>
         <readwrite>true</readwrite>
         <run_address>0x20000140</run_address>
         <size>0x4</size>
         <alignment>0x4</alignment>
      </object_component>
      <object_component id="oc-f2">
         <name>.common:drop</name>
         <uninitialized>true</uninitialized>
         <readwrite>true</readwrite>
         <run_address>0x2000011c</run_address>
         <size>0x4</size>
         <alignment>0x4</alignment>
      </object_component>
      <object_component id="oc-f6">
         <name>.common:lowVoltCnt</name>
         <uninitialized>true</uninitialized>
         <readwrite>true</readwrite>
         <run_address>0x20000152</run_address>
         <size>0x2</size>
         <alignment>0x2</alignment>
      </object_component>
      <object_component id="oc-f7">
         <name>.common:testcnt</name>
         <uninitialized>true</uninitialized>
         <readwrite>true</readwrite>
         <run_address>0x200000a8</run_address>
         <size>0x14</size>
         <alignment>0x2</alignment>
      </object_component>
      <object_component id="oc-f8">
         <name>.common:fishcheckCnt</name>
         <uninitialized>true</uninitialized>
         <readwrite>true</readwrite>
         <run_address>0x20000150</run_address>
         <size>0x2</size>
         <alignment>0x2</alignment>
      </object_component>
      <object_component id="oc-61">
         <name>.common:gCnt_100ms</name>
         <uninitialized>true</uninitialized>
         <readwrite>true</readwrite>
         <run_address>0x20000120</run_address>
         <size>0x4</size>
         <alignment>0x4</alignment>
      </object_component>
      <object_component id="oc-6d">
         <name>.common:gTxCount</name>
         <uninitialized>true</uninitialized>
         <readwrite>true</readwrite>
         <run_address>0x2000012c</run_address>
         <size>0x4</size>
         <alignment>0x4</alignment>
      </object_component>
      <object_component id="oc-6e">
         <name>.common:gTxLen</name>
         <uninitialized>true</uninitialized>
         <readwrite>true</readwrite>
         <run_address>0x20000130</run_address>
         <size>0x4</size>
         <alignment>0x4</alignment>
      </object_component>
      <object_component id="oc-70">
         <name>.common:gRxLen</name>
         <uninitialized>true</uninitialized>
         <readwrite>true</readwrite>
         <run_address>0x20000128</run_address>
         <size>0x4</size>
         <alignment>0x4</alignment>
      </object_component>
      <object_component id="oc-71">
         <name>.common:gRxCount</name>
         <uninitialized>true</uninitialized>
         <readwrite>true</readwrite>
         <run_address>0x20000124</run_address>
         <size>0x4</size>
         <alignment>0x4</alignment>
      </object_component>
      <object_component id="oc-72">
         <name>.common:gRxPacket</name>
         <uninitialized>true</uninitialized>
         <readwrite>true</readwrite>
         <run_address>0x200000bc</run_address>
         <size>0x10</size>
         <alignment>0x1</alignment>
      </object_component>
      <object_component id="oc-172">
         <name>.common:readValue</name>
         <uninitialized>true</uninitialized>
         <readwrite>true</readwrite>
         <run_address>0x2000015e</run_address>
         <size>0x2</size>
         <alignment>0x2</alignment>
      </object_component>
      <object_component id="oc-173">
         <name>.common:mantissa</name>
         <uninitialized>true</uninitialized>
         <readwrite>true</readwrite>
         <run_address>0x20000154</run_address>
         <size>0x2</size>
         <alignment>0x2</alignment>
      </object_component>
      <object_component id="oc-174">
         <name>.common:myexp</name>
         <uninitialized>true</uninitialized>
         <readwrite>true</readwrite>
         <run_address>0x20000160</run_address>
         <size>0x1</size>
         <alignment>0x1</alignment>
      </object_component>
      <object_component id="oc-175">
         <name>.common:lux</name>
         <uninitialized>true</uninitialized>
         <readwrite>true</readwrite>
         <run_address>0x200000f8</run_address>
         <size>0x8</size>
         <alignment>0x8</alignment>
      </object_component>
      <object_component id="oc-1b2">
         <name>.common:resAddr</name>
         <uninitialized>true</uninitialized>
         <readwrite>true</readwrite>
         <run_address>0x20000161</run_address>
         <size>0x1</size>
         <alignment>0x1</alignment>
      </object_component>
      <object_component id="oc-1b3">
         <name>.common:txBuffer</name>
         <uninitialized>true</uninitialized>
         <readwrite>true</readwrite>
         <run_address>0x20000116</run_address>
         <size>0x5</size>
         <alignment>0x1</alignment>
      </object_component>
      <object_component id="oc-19">
         <name>.stack</name>
         <uninitialized>true</uninitialized>
         <readwrite>true</readwrite>
         <run_address>0x200003c0</run_address>
         <size>0x4</size>
         <alignment>0x4</alignment>
         <input_file_ref idref="fl-39"/>
      </object_component>
      <object_component id="oc-216">
         <name>.stack</name>
         <uninitialized>true</uninitialized>
         <readwrite>true</readwrite>
         <run_address>0x200003c0</run_address>
         <size>0x0</size>
         <alignment>0x8</alignment>
      </object_component>
      <object_component id="oc-11d">
         <name>.debug_loc</name>
         <load_address>0x0</load_address>
         <run_address>0x0</run_address>
         <size>0x6c</size>
         <alignment>0x1</alignment>
         <input_file_ref idref="fl-1"/>
      </object_component>
      <object_component id="oc-13d">
         <name>.debug_loc</name>
         <load_address>0x6c</load_address>
         <run_address>0x6c</run_address>
         <size>0x2e60</size>
         <alignment>0x1</alignment>
         <input_file_ref idref="fl-4"/>
      </object_component>
      <object_component id="oc-134">
         <name>.debug_loc</name>
         <load_address>0x2ecc</load_address>
         <run_address>0x2ecc</run_address>
         <size>0xb57</size>
         <alignment>0x1</alignment>
         <input_file_ref idref="fl-5"/>
      </object_component>
      <object_component id="oc-12e">
         <name>.debug_loc</name>
         <load_address>0x3a23</load_address>
         <run_address>0x3a23</run_address>
         <size>0x1eb4</size>
         <alignment>0x1</alignment>
         <input_file_ref idref="fl-6"/>
      </object_component>
      <object_component id="oc-12b">
         <name>.debug_loc</name>
         <load_address>0x58d7</load_address>
         <run_address>0x58d7</run_address>
         <size>0x637</size>
         <alignment>0x1</alignment>
         <input_file_ref idref="fl-7"/>
      </object_component>
      <object_component id="oc-3a">
         <name>.debug_loc</name>
         <load_address>0x5f0e</load_address>
         <run_address>0x5f0e</run_address>
         <size>0x779</size>
         <alignment>0x1</alignment>
         <input_file_ref idref="fl-8"/>
      </object_component>
      <object_component id="oc-91">
         <name>.debug_loc</name>
         <load_address>0x6687</load_address>
         <run_address>0x6687</run_address>
         <size>0x140</size>
         <alignment>0x1</alignment>
         <input_file_ref idref="fl-9"/>
      </object_component>
      <object_component id="oc-96">
         <name>.debug_loc</name>
         <load_address>0x67c7</load_address>
         <run_address>0x67c7</run_address>
         <size>0x238</size>
         <alignment>0x1</alignment>
         <input_file_ref idref="fl-a"/>
      </object_component>
      <object_component id="oc-9b">
         <name>.debug_loc</name>
         <load_address>0x69ff</load_address>
         <run_address>0x69ff</run_address>
         <size>0x12c</size>
         <alignment>0x1</alignment>
         <input_file_ref idref="fl-b"/>
      </object_component>
      <object_component id="oc-126">
         <name>.debug_loc</name>
         <load_address>0x6b2b</load_address>
         <run_address>0x6b2b</run_address>
         <size>0x13</size>
         <alignment>0x1</alignment>
         <input_file_ref idref="fl-19"/>
      </object_component>
      <object_component id="oc-64">
[...]
         <value>0x1d3d</value>
         <object_component_ref idref="oc-12d"/>
      </symbol>
      <symbol id="sm-ed">
         <name>bma5_i2c_read</name>
         <value>0x2617</value>
         <object_component_ref idref="oc-1a0"/>
      </symbol>
      <symbol id="sm-ee">
         <name>mspm0c1103_I2C_read</name>
         <value>0xe25</value>
         <object_component_ref idref="oc-1c4"/>
      </symbol>
      <symbol id="sm-ef">
         <name>bma5_i2c_write</name>
         <value>0x262b</value>
         <object_component_ref idref="oc-1a1"/>
      </symbol>
      <symbol id="sm-f0">
         <name>mspm0c1103_I2C_write</name>
         <value>0x1745</value>
         <object_component_ref idref="oc-1c5"/>
      </symbol>
      <symbol id="sm-f1">
         <name>bma5_delay_us</name>
         <value>0x2065</value>
         <object_component_ref idref="oc-1a2"/>
      </symbol>
      <symbol id="sm-f2">
         <name>bma5_interface_init</name>
         <value>0x7a5</value>
         <object_component_ref idref="oc-127"/>
      </symbol>
      <symbol id="sm-11a">
         <name>current_accel</name>
         <value>0x20000078</value>
      </symbol>
      <symbol id="sm-11b">
         <name>gVerticalCnt_100ms</name>
         <value>0x20000134</value>
      </symbol>
      <symbol id="sm-11c">
         <name>accel_history</name>
         <value>0x20000000</value>
      </symbol>
      <symbol id="sm-11d">
         <name>threshold_level_z</name>
         <value>0x20000218</value>
         <object_component_ref idref="oc-f0"/>
      </symbol>
      <symbol id="sm-11e">
         <name>bSensitivityLevel</name>
         <value>0x20000206</value>
         <object_component_ref idref="oc-f9"/>
      </symbol>
      <symbol id="sm-11f">
         <name>low_freq</name>
         <value>0x2000013c</value>
      </symbol>
      <symbol id="sm-120">
         <name>main</name>
         <value>0xc1</value>
         <object_component_ref idref="oc-80"/>
      </symbol>
      <symbol id="sm-121">
         <name>gTogglePolicy</name>
         <value>0x2000014f</value>
      </symbol>
      <symbol id="sm-122">
         <name>gI2cControllerStatus</name>
         <value>0x2000011b</value>
      </symbol>
      <symbol id="sm-123">
         <name>opt300checkCnt</name>
         <value>0x20000158</value>
      </symbol>
      <symbol id="sm-124">
         <name>modeSel</name>
         <value>0x20000156</value>
      </symbol>
      <symbol id="sm-125">
         <name>bDownstate</name>
         <value>0x20000224</value>
         <object_component_ref idref="oc-d6"/>
      </symbol>
      <symbol id="sm-126">
         <name>downCnt_zAxis</name>
         <value>0x2000021c</value>
         <object_component_ref idref="oc-d7"/>
      </symbol>
      <symbol id="sm-127">
         <name>bUpstate</name>
         <value>0x20000225</value>
         <object_component_ref idref="oc-d8"/>
      </symbol>
      <symbol id="sm-128">
         <name>ledOn_lux</name>
         <value>0x200000f0</value>
      </symbol>
      <symbol id="sm-129">
         <name>ledOff_lux</name>
         <value>0x200000e8</value>
      </symbol>
      <symbol id="sm-12a">
         <name>optlux</name>
         <value>0x20000100</value>
      </symbol>
      <symbol id="sm-12b">
         <name>optDarkCnt</name>
         <value>0x2000015c</value>
      </symbol>
      <symbol id="sm-12c">
         <name>optBrightCnt</name>
         <value>0x2000015a</value>
      </symbol>
      <symbol id="sm-12d">
         <name>upCnt_zAxis</name>
         <value>0x20000222</value>
         <object_component_ref idref="oc-e0"/>
      </symbol>
      <symbol id="sm-12e">
         <name>modeCheckCnt</name>
         <value>0x2000021e</value>
         <object_component_ref idref="oc-e1"/>
      </symbol>
      <symbol id="sm-12f">
         <name>raw_z</name>
         <value>0x20000144</value>
      </symbol>
      <symbol id="sm-130">
         <name>z_delta</name>
         <value>0x20000148</value>
      </symbol>
      <symbol id="sm-131">
         <name>prev_raw_z</name>
         <value>0x20000140</value>
      </symbol>
      <symbol id="sm-132">
         <name>drop</name>
         <value>0x2000011c</value>
      </symbol>
      <symbol id="sm-133">
         <name>significant_movement_count</name>
         <value>0x20000220</value>
         <object_component_ref idref="oc-f3"/>
      </symbol>
      <symbol id="sm-134">
         <name>lowVoltCnt</name>
         <value>0x20000152</value>
      </symbol>
      <symbol id="sm-135">
         <name>testcnt</name>
         <value>0x200000a8</value>
      </symbol>
      <symbol id="sm-136">
         <name>fishcheckCnt</name>
         <value>0x20000150</value>
      </symbol>
      <symbol id="sm-137">
         <name>TIMG14_IRQHandler</name>
         <value>0x2271</value>
         <object_component_ref idref="oc-38"/>
      </symbol>
      <symbol id="sm-138">
         <name>gCnt_100ms</name>
         <value>0x20000120</value>
      </symbol>
      <symbol id="sm-139">
         <name>TIMG8_IRQHandler</name>
         <value>0x2651</value>
         <object_component_ref idref="oc-33"/>
      </symbol>
      <symbol id="sm-13a">
         <name>I2C0_IRQHandler</name>
         <value>0x1395</value>
         <object_component_ref idref="oc-39"/>
      </symbol>
      <symbol id="sm-13b">
         <name>gTxCount</name>
         <value>0x2000012c</value>
      </symbol>
      <symbol id="sm-13c">
         <name>gTxLen</name>
         <value>0x20000130</value>
      </symbol>
      <symbol id="sm-13d">
         <name>gTxPacket</name>
         <value>0x200001e4</value>
         <object_component_ref idref="oc-6f"/>
      </symbol>
      <symbol id="sm-13e">
         <name>gRxLen</name>
         <value>0x20000128</value>
      </symbol>
      <symbol id="sm-13f">
         <name>gRxCount</name>
         <value>0x20000124</value>
      </symbol>
      <symbol id="sm-140">
         <name>gRxPacket</name>
         <value>0x200000bc</value>
      </symbol>
      <symbol id="sm-151">
         <name>ti_opt3007_setSensorContinuous</name>
         <value>0x2669</value>
         <object_component_ref idref="oc-af"/>
      </symbol>
      <symbol id="sm-152">
         <name>ti_opt3007_setSensorConversionTime100mS</name>
         <value>0x2675</value>
         <object_component_ref idref="oc-b0"/>
      </symbol>
      <symbol id="sm-153">
         <name>ti_opt3007_setRn</name>
         <value>0x265d</value>
         <object_component_ref idref="oc-ad"/>
      </symbol>
      <symbol id="sm-154">
         <name>ti_opt3007_readLux</name>
         <value>0x1edd</value>
         <object_component_ref idref="oc-c8"/>
      </symbol>
      <symbol id="sm-155">
         <name>readValue</name>
         <value>0x2000015e</value>
      </symbol>
      <symbol id="sm-156">
         <name>mantissa</name>
         <value>0x20000154</value>
      </symbol>
      <symbol id="sm-157">
         <name>myexp</name>
         <value>0x20000160</value>
      </symbol>
      <symbol id="sm-158">
         <name>lux</name>
         <value>0x200000f8</value>
      </symbol>
      <symbol id="sm-166">
         <name>ti_opt3007_I2C_read</name>
         <value>0x11d9</value>
         <object_component_ref idref="oc-164"/>
      </symbol>
      <symbol id="sm-167">
         <name>resAddr</name>
         <value>0x20000161</value>
      </symbol>
      <symbol id="sm-168">
         <name>txBuffer</name>
         <value>0x20000116</value>
      </symbol>
      <symbol id="sm-169">
         <name>ti_opt3007_I2C_write</name>
         <value>0x17ed</value>
         <object_component_ref idref="oc-19e"/>
      </symbol>
      <symbol id="sm-176">
         <name>ti_opt3007_deviceRegister_write</name>
         <value>0x211d</value>
         <object_component_ref idref="oc-123"/>
      </symbol>
      <symbol id="sm-177">
         <name>ti_opt3007_assignRegistermap</name>
         <value>0xf19</value>
         <object_component_ref idref="oc-ab"/>
      </symbol>
      <symbol id="sm-178">
         <name>__TI_ATRegion0_src_addr</name>
         <value>0x0</value>
      </symbol>
      <symbol id="sm-179">
         <name>__TI_ATRegion0_trg_addr</name>
         <value>0x0</value>
      </symbol>
      <symbol id="sm-17a">
         <name>__TI_ATRegion0_region_sz</name>
         <value>0x0</value>
      </symbol>
      <symbol id="sm-17b">
         <name>__TI_ATRegion1_src_addr</name>
         <value>0x0</value>
      </symbol>
      <symbol id="sm-17c">
         <name>__TI_ATRegion1_trg_addr</name>
         <value>0x0</value>
      </symbol>
      <symbol id="sm-17d">
         <name>__TI_ATRegion1_region_sz</name>
         <value>0x0</value>
      </symbol>
      <symbol id="sm-17e">
         <name>__TI_ATRegion2_src_addr</name>
         <value>0x0</value>
      </symbol>
      <symbol id="sm-17f">
         <name>__TI_ATRegion2_trg_addr</name>
         <value>0x0</value>
      </symbol>
      <symbol id="sm-180">
         <name>__TI_ATRegion2_region_sz</name>
         <value>0x0</value>
      </symbol>
      <symbol id="sm-189">
         <name>DL_Common_delayCycles</name>
         <value>0x2681</value>
         <object_component_ref idref="oc-b1"/>
      </symbol>
      <symbol id="sm-195">
         <name>DL_I2C_setClockConfig</name>
         <value>0x2559</value>
         <object_component_ref idref="oc-191"/>
      </symbol>
      <symbol id="sm-196">
         <name>DL_I2C_fillControllerTXFIFO</name>
         <value>0x2007</value>
         <object_component_ref idref="oc-63"/>
      </symbol>
      <symbol id="sm-1a6">
         <name>DL_Timer_setClockConfig</name>
         <value>0x25c9</value>
         <object_component_ref idref="oc-193"/>
      </symbol>
      <symbol id="sm-1a7">
         <name>DL_Timer_initTimerMode</name>
         <value>0x100d</value>
         <object_component_ref idref="oc-199"/>
      </symbol>
      <symbol id="sm-1b2">
         <name>DL_SYSCTL_switchMCLKfromLFCLKtoSYSOSC</name>
         <value>0x245d</value>
         <object_component_ref idref="oc-ba"/>
      </symbol>
      <symbol id="sm-1c1">
         <name>__TI_zero_init_nomemset</name>
         <value>0x2601</value>
         <object_component_ref idref="oc-4d"/>
      </symbol>
      <symbol id="sm-1ca">
         <name>__TI_decompress_none</name>
         <value>0x263f</value>
         <object_component_ref idref="oc-1f"/>
      </symbol>
      <symbol id="sm-1d5">
         <name>__TI_decompress_lzss</name>
         <value>0x1bd5</value>
         <object_component_ref idref="oc-1b"/>
      </symbol>
      <symbol id="sm-1e0">
         <name>_c_int00_noargs</name>
         <value>0x2531</value>
         <object_component_ref idref="oc-56"/>
      </symbol>
      <symbol id="sm-1e1">
         <name>__stack</name>
         <value>0x200003c0</value>
         <object_component_ref idref="oc-19"/>
      </symbol>
      <symbol id="sm-1f1">
         <name>abort</name>
         <value>0x269d</value>
         <object_component_ref idref="oc-fa"/>
      </symbol>
      <symbol id="sm-1f2">
         <name>C$$EXIT</name>
         <value>0x269c</value>
         <object_component_ref idref="oc-fa"/>
      </symbol>
      <symbol id="sm-1ff">
         <name>__TI_auto_init_nobinit_nopinit</name>
         <value>0x23a9</value>
         <object_component_ref idref="oc-101"/>
      </symbol>
      <symbol id="sm-207">
         <name>_system_pre_init</name>
         <value>0x2699</value>
         <object_component_ref idref="oc-7c"/>
      </symbol>
      <symbol id="sm-227">
         <name>__aeabi_fadd</name>
         <value>0x12c7</value>
         <object_component_ref idref="oc-e6"/>
      </symbol>
      <symbol id="sm-228">
         <name>__addsf3</name>
         <value>0x12c7</value>
         <object_component_ref idref="oc-e6"/>
      </symbol>
      <symbol id="sm-229">
         <name>__aeabi_fsub</name>
         <value>0x12bd</value>
         <object_component_ref idref="oc-e6"/>
      </symbol>
      <symbol id="sm-22a">
         <name>__subsf3</name>
         <value>0x12bd</value>
         <object_component_ref idref="oc-e6"/>
      </symbol>
      <symbol id="sm-230">
         <name>__aeabi_dadd</name>
         <value>0xba7</value>
         <object_component_ref idref="oc-c9"/>
      </symbol>
      <symbol id="sm-231">
         <name>__adddf3</name>
         <value>0xba7</value>
         <object_component_ref idref="oc-c9"/>
      </symbol>
      <symbol id="sm-232">
         <name>__aeabi_dsub</name>
         <value>0xb9d</value>
         <object_component_ref idref="oc-c9"/>
      </symbol>
      <symbol id="sm-233">
         <name>__subdf3</name>
         <value>0xb9d</value>
         <object_component_ref idref="oc-c9"/>
      </symbol>
      <symbol id="sm-239">
         <name>__aeabi_dmul</name>
         <value>0x10f5</value>
         <object_component_ref idref="oc-16a"/>
      </symbol>
      <symbol id="sm-23a">
         <name>__muldf3</name>
         <value>0x10f5</value>
         <object_component_ref idref="oc-16a"/>
      </symbol>
      <symbol id="sm-240">
         <name>__muldsi3</name>
         <value>0x2421</value>
         <object_component_ref idref="oc-17e"/>
      </symbol>
      <symbol id="sm-246">
         <name>__aeabi_fmul</name>
         <value>0x1a4d</value>
         <object_component_ref idref="oc-e2"/>
      </symbol>
      <symbol id="sm-247">
         <name>__mulsf3</name>
         <value>0x1a4d</value>
         <object_component_ref idref="oc-e2"/>
      </symbol>
      <symbol id="sm-24d">
         <name>__aeabi_f2d</name>
         <value>0x22f1</value>
         <object_component_ref idref="oc-c0"/>
      </symbol>
      <symbol id="sm-24e">
         <name>__extendsfdf2</name>
         <value>0x22f1</value>
         <object_component_ref idref="oc-c0"/>
      </symbol>
      <symbol id="sm-254">
         <name>__aeabi_i2d</name>
         <value>0x2505</value>
         <object_component_ref idref="oc-166"/>
      </symbol>
      <symbol id="sm-255">
         <name>__floatsidf</name>
         <value>0x2505</value>
         <object_component_ref idref="oc-166"/>
      </symbol>
      <symbol id="sm-25b">
         <name>__aeabi_i2f</name>
         <value>0x2331</value>
         <object_component_ref idref="oc-154"/>
      </symbol>
      <symbol id="sm-25c">
         <name>__floatsisf</name>
         <value>0x2331</value>
         <object_component_ref idref="oc-154"/>
      </symbol>
      <symbol id="sm-262">
         <name>__aeabi_ui2d</name>
         <value>0x25a5</value>
         <object_component_ref idref="oc-16e"/>
      </symbol>
      <symbol id="sm-263">
         <name>__floatunsidf</name>
         <value>0x25a5</value>
         <object_component_ref idref="oc-16e"/>
      </symbol>
      <symbol id="sm-269">
         <name>__aeabi_dcmpeq</name>
         <value>0x1f41</value>
         <object_component_ref idref="oc-c4"/>
      </symbol>
      <symbol id="sm-26a">
         <name>__aeabi_dcmplt</name>
         <value>0x1f55</value>
         <object_component_ref idref="oc-c4"/>
      </symbol>
      <symbol id="sm-26b">
         <name>__aeabi_dcmple</name>
         <value>0x1f69</value>
         <object_component_ref idref="oc-c4"/>
      </symbol>
      <symbol id="sm-26c">
         <name>__aeabi_dcmpge</name>
         <value>0x1f7d</value>
         <object_component_ref idref="oc-c4"/>
      </symbol>
      <symbol id="sm-26d">
         <name>__aeabi_dcmpgt</name>
         <value>0x1f91</value>
         <object_component_ref idref="oc-c4"/>
      </symbol>
      <symbol id="sm-273">
         <name>__aeabi_fcmpeq</name>
         <value>0x1fa5</value>
         <object_component_ref idref="oc-cd"/>
      </symbol>
      <symbol id="sm-274">
         <name>__aeabi_fcmplt</name>
         <value>0x1fb9</value>
         <object_component_ref idref="oc-cd"/>
      </symbol>
      <symbol id="sm-275">
         <name>__aeabi_fcmple</name>
         <value>0x1fcd</value>
         <object_component_ref idref="oc-cd"/>
      </symbol>
      <symbol id="sm-276">
         <name>__aeabi_fcmpge</name>
         <value>0x1fe1</value>
         <object_component_ref idref="oc-cd"/>
      </symbol>
      <symbol id="sm-277">
         <name>__aeabi_fcmpgt</name>
         <value>0x1ff5</value>
         <object_component_ref idref="oc-cd"/>
      </symbol>
      <symbol id="sm-27d">
         <name>__aeabi_memcpy</name>
         <value>0x268d</value>
         <object_component_ref idref="oc-46"/>
      </symbol>
      <symbol id="sm-27e">
         <name>__aeabi_memcpy4</name>
         <value>0x268d</value>
         <object_component_ref idref="oc-46"/>
      </symbol>
      <symbol id="sm-27f">
         <name>__aeabi_memcpy8</name>
         <value>0x268d</value>
         <object_component_ref idref="oc-46"/>
      </symbol>
      <symbol id="sm-285">
         <name>__aeabi_uidiv</name>
         <value>0x22b1</value>
         <object_component_ref idref="oc-1c6"/>
      </symbol>
      <symbol id="sm-286">
         <name>__aeabi_uidivmod</name>
         <value>0x22b1</value>
         <object_component_ref idref="oc-1c6"/>
      </symbol>
      <symbol id="sm-28f">
         <name>__eqsf2</name>
         <value>0x23e5</value>
         <object_component_ref idref="oc-177"/>
      </symbol>
      <symbol id="sm-290">
         <name>__lesf2</name>
         <value>0x23e5</value>
         <object_component_ref idref="oc-177"/>
      </symbol>
      <symbol id="sm-291">
         <name>__ltsf2</name>
         <value>0x23e5</value>
         <object_component_ref idref="oc-177"/>
      </symbol>
      <symbol id="sm-292">
         <name>__nesf2</name>
         <value>0x23e5</value>
         <object_component_ref idref="oc-177"/>
      </symbol>
      <symbol id="sm-293">
         <name>__cmpsf2</name>
         <value>0x23e5</value>
         <object_component_ref idref="oc-177"/>
      </symbol>
      <symbol id="sm-294">
         <name>__gtsf2</name>
         <value>0x236d</value>
         <object_component_ref idref="oc-17c"/>
      </symbol>
      <symbol id="sm-295">
         <name>__gesf2</name>
         <value>0x236d</value>
         <object_component_ref idref="oc-17c"/>
      </symbol>
      <symbol id="sm-2a3">
         <name>__ledf2</name>
         <value>0x1da9</value>
         <object_component_ref idref="oc-15c"/>
      </symbol>
      <symbol id="sm-2a4">
         <name>__gedf2</name>
         <value>0x1cc9</value>
         <object_component_ref idref="oc-162"/>
      </symbol>
      <symbol id="sm-2a5">
         <name>__cmpdf2</name>
         <value>0x1da9</value>
         <object_component_ref idref="oc-15c"/>
      </symbol>
      <symbol id="sm-2a6">
         <name>__eqdf2</name>
         <value>0x1da9</value>
         <object_component_ref idref="oc-15c"/>
      </symbol>
      <symbol id="sm-2a7">
         <name>__ltdf2</name>
         <value>0x1da9</value>
         <object_component_ref idref="oc-15c"/>
      </symbol>
      <symbol id="sm-2a8">
         <name>__nedf2</name>
         <value>0x1da9</value>
         <object_component_ref idref="oc-15c"/>
      </symbol>
      <symbol id="sm-2a9">
         <name>__gtdf2</name>
         <value>0x1cc9</value>
         <object_component_ref idref="oc-162"/>
      </symbol>
      <symbol id="sm-2b3">
         <name>__aeabi_idiv0</name>
         <value>0x169b</value>
         <object_component_ref idref="oc-1ca"/>
      </symbol>
      <symbol id="sm-2cd">
         <name>memcpy</name>
         <value>0x1923</value>
         <object_component_ref idref="oc-a1"/>
      </symbol>
      <symbol id="sm-2ce">
         <name>__TI_static_base__</name>
         <value>0x0</value>
      </symbol>
      <symbol id="sm-2d1">
         <name>__mpu_init</name>
         <value>0x0</value>
      </symbol>
      <symbol id="sm-2d2">
         <name>_system_post_cinit</name>
         <value>0x0</value>
      </symbol>
   </symbol_table>
   <title>Link successful</title>
</link_info>
