******************************************************************************
            TI ARM Clang Linker PC v4.0.1                      
******************************************************************************
>> Linked Sun Feb  2 00:15:22 2025

OUTPUT FILE NAME:   <cami_MSPM0C1103.out>
ENTRY POINT SYMBOL: "_c_int00_noargs"  address: 00000f65


MEMORY CONFIGURATION

         name            origin    length      used     unused   attr    fill
----------------------  --------  ---------  --------  --------  ----  --------
  FLASH                 00000000   00002000  000010a8  00000f58  R  X
  SRAM                  20000000   00000400  0000008c  00000374  RW X
  BCR_CONFIG            41c00000   00000080  00000000  00000080  R   


SEGMENT ALLOCATION MAP

run origin  load origin   length   init length attrs members
----------  ----------- ---------- ----------- ----- -------
00000000    00000000    000010a8   000010a8    r-x
  00000000    00000000    000000c0   000000c0    r-- .intvecs
  000000c0    000000c0    00000fb0   00000fb0    r-x .text
  00001070    00001070    00000008   00000008    r-- .rodata
  00001078    00001078    00000030   00000030    r-- .cinit
20000000    20000000    0000004c   00000000    rw-
  20000000    20000000    0000003c   00000000    rw- .bss
  2000003c    2000003c    00000010   00000000    rw- .data
200003c0    200003c0    00000040   00000000    rw-
  200003c0    200003c0    00000040   00000000    rw- .stack


SECTION ALLOCATION MAP

 output                                  attributes/
section   page    origin      length       input sections
--------  ----  ----------  ----------   ----------------
.intvecs   0    00000000    000000c0     
                  00000000    000000c0     startup_mspm0c110x_ticlang.o (.intvecs)

.text      0    000000c0    00000fb0     
                  000000c0    00000292     mxc4005_registers.o (.text.mxc4005_assignRegistermap)
                  00000352    00000002     startup_mspm0c110x_ticlang.o (.text.Default_Handler)
                  00000354    00000194     main.o (.text.main)
                  000004e8    000000f4     opt3007_registers.o (.text.ti_opt3007_assignRegistermap)
                  000005dc    000000e4     libclang_rt.builtins.a : muldf3.S.obj (.text.__muldf3)
                  000006c0    000000e0     mxc4005_hostControl.o (.text.mxc4005_I2C_read)
                  000007a0    000000e0     opt3007_hostControl.o (.text.ti_opt3007_I2C_read)
                  00000880    000000d4     main.o (.text.I2C0_IRQHandler)
                  00000954    000000bc     mxc4005_functions.o (.text.mxc4005_readAccel)
                  00000a10    000000b4     opt3007_hostControl.o (.text.ti_opt3007_I2C_write)
                  00000ac4    0000009a     libc.a : memcpy16.S.obj (.text:memcpy)
                  00000b5e    00000002     --HOLE-- [fill = 0]
                  00000b60    0000007c            : copy_decompress_lzss.c.obj (.text:decompress:lzss)
                  00000bdc    00000074     libclang_rt.builtins.a : comparedf2.c.obj (.text.__gedf2)
                  00000c50    00000068                            : comparedf2.c.obj (.text.__ledf2)
                  00000cb8    00000062                            : aeabi_dcmp.S.obj (.text.__aeabi_dcmp)
                  00000d1a    0000005e     driverlib.a : dl_i2c.o (.text.DL_I2C_fillControllerTXFIFO)
                  00000d78    00000054     ti_msp_dl_config.o (.text.SYSCFG_DL_I2C_init)
                  00000dcc    0000004c     opt3007_registers.o (.text.ti_opt3007_deviceRegister_write)
                  00000e18    00000044     opt3007_functions.o (.text.ti_opt3007_readLux)
                  00000e5c    0000003c     libc.a : autoinit.c.obj (.text:__TI_auto_init_nobinit_nopinit)
                  00000e98    0000003a     libclang_rt.builtins.a : muldsi3.S.obj (.text.__muldsi3)
                  00000ed2    00000002     --HOLE-- [fill = 0]
                  00000ed4    00000038     ti_msp_dl_config.o (.text.SYSCFG_DL_GPIO_init)
                  00000f0c    0000002c     ti_msp_dl_config.o (.text.SYSCFG_DL_initPower)
                  00000f38    0000002c     libclang_rt.builtins.a : floatsidf.S.obj (.text.__floatsidf)
                  00000f64    00000028     libc.a : boot_cortex_m.c.obj (.text:_c_int00_noargs)
                  00000f8c    00000026     driverlib.a : dl_i2c.o (.text.DL_I2C_setClockConfig)
                  00000fb2    00000002     --HOLE-- [fill = 0]
                  00000fb4    00000024     ti_msp_dl_config.o (.text.SYSCFG_DL_SYSCTL_init)
                  00000fd8    00000024     libclang_rt.builtins.a : floatunsidf.S.obj (.text.__floatunsidf)
                  00000ffc    00000016     libc.a : copy_zero_init.c.obj (.text:decompress:ZI:__TI_zero_init_nomemset)
                  00001012    00000014     ti_msp_dl_config.o (.text.SYSCFG_DL_init)
                  00001026    00000012     libc.a : copy_decompress_none.c.obj (.text:decompress:none)
                  00001038    0000000c     opt3007_functions.o (.text.ti_opt3007_setSensorConversionTime100mS)
                  00001044    0000000c     opt3007_functions.o (.text.ti_opt3007_setSensorSingleShot)
                  00001050    0000000a     driverlib.a : dl_common.o (.text.DL_Common_delayCycles)
                  0000105a    00000002     --HOLE-- [fill = 0]
                  0000105c    00000008     libclang_rt.builtins.a : aeabi_memcpy.S.obj (.text.__aeabi_memcpy)
                  00001064    00000004     startup_mspm0c110x_ticlang.o (.text.Reset_Handler)
                  00001068    00000004     libc.a : pre_init.c.obj (.text._system_pre_init)
                  0000106c    00000004            : exit.c.obj (.text:abort)

.cinit     0    00001078    00000030     
                  00001078    0000000c     (__TI_handler_table)
                  00001084    00000008     (.cinit..bss.load) [load image, compression = zero_init]
                  0000108c    00000007     (.cinit..data.load) [load image, compression = lzss]
                  00001093    00000001     --HOLE-- [fill = 0]
                  00001094    00000010     (__TI_cinit_table)
                  000010a4    00000004     --HOLE-- [fill = 0]

.rodata    0    00001070    00000008     
                  00001070    00000002     ti_msp_dl_config.o (.rodata.gI2CClockConfig)
                  00001072    00000006     --HOLE-- [fill = 0]

.init_array 
*          0    00000000    00000000     UNINITIALIZED

.binit     0    00000000    00000000     

.bss       0    20000000    0000003c     UNINITIALIZED
                  20000000    00000010     (.common:gRxPacket)
                  20000010    00000008     (.common:optlux)
                  20000018    00000004     (.common:gRxCount)
                  2000001c    00000004     (.common:gRxLen)
                  20000020    00000004     (.common:gTxCount)
                  20000024    00000004     (.common:gTxLen)
                  20000028    00000002     (.common:accel_x)
                  2000002a    00000002     (.common:accel_y)
                  2000002c    00000002     (.common:accel_z)
                  2000002e    00000002     (.common:axl)
                  20000030    00000002     (.common:axu)
                  20000032    00000002     (.common:ayl)
                  20000034    00000002     (.common:ayu)
                  20000036    00000002     (.common:azl)
                  20000038    00000002     (.common:azu)
                  2000003a    00000001     (.common:bflag)
                  2000003b    00000001     (.common:gI2cControllerStatus)

.data      0    2000003c    00000010     UNINITIALIZED
                  2000003c    00000010     main.o (.data.gTxPacket)

.stack     0    200003c0    00000040     UNINITIALIZED
                  200003c0    00000004     libc.a : boot_cortex_m.c.obj (.stack)
                  200003c4    0000003c     --HOLE--

__llvm_prf_cnts 
*          0    20000000    00000000     UNINITIALIZED

__llvm_prf_bits 
*          0    20000000    00000000     UNINITIALIZED

MODULE SUMMARY

       Module                         code   ro data   rw data
       ------                         ----   -------   -------
    .\
       ti_msp_dl_config.o             240    2         0      
       startup_mspm0c110x_ticlang.o   6      192       0      
    +--+------------------------------+------+---------+---------+
       Total:                         246    194       0      
                                                              
    .\application\
       main.o                         616    0         58     
       mxc4005_registers.o            658    0         0      
       opt3007_hostControl.o          404    0         0      
       opt3007_registers.o            320    0         0      
       mxc4005_hostControl.o          224    0         0      
       mxc4005_functions.o            188    0         18     
       opt3007_functions.o            92     0         0      
    +--+------------------------------+------+---------+---------+
       Total:                         2502   0         76     
                                                              
    C:/ti/mspm0_sdk_2_03_00_07/source/ti/driverlib/lib/ticlang/m0p/mspm0c110x/driverlib.a
       dl_i2c.o                       132    0         0      
       dl_common.o                    10     0         0      
    +--+------------------------------+------+---------+---------+
       Total:                         142    0         0      
                                                              
    C:\ti\ccs2001\ccs\tools\compiler\ti-cgt-armllvm_4.0.1.LTS\lib\armv6m-ti-none-eabi/c/libc.a
       memcpy16.S.obj                 154    0         0      
       copy_decompress_lzss.c.obj     124    0         0      
       autoinit.c.obj                 60     0         0      
       boot_cortex_m.c.obj            40     0         0      
       copy_zero_init.c.obj           22     0         0      
       copy_decompress_none.c.obj     18     0         0      
       exit.c.obj                     4      0         0      
       pre_init.c.obj                 4      0         0      
    +--+------------------------------+------+---------+---------+
       Total:                         426    0         0      
                                                              
    C:\ti\ccs2001\ccs\tools\compiler\ti-cgt-armllvm_4.0.1.LTS\lib\armv6m-ti-none-eabi/libclang_rt.builtins.a
       muldf3.S.obj                   228    0         0      
       comparedf2.c.obj               220    0         0      
       aeabi_dcmp.S.obj               98     0         0      
       muldsi3.S.obj                  58     0         0      
       floatsidf.S.obj                44     0         0      
       floatunsidf.S.obj              36     0         0      
       aeabi_memcpy.S.obj             8      0         0      
    +--+------------------------------+------+---------+---------+
       Total:                         692    0         0      
                                                              
       Stack:                         0      0         64     
       Linker Generated:              0      43        0      
    +--+------------------------------+------+---------+---------+
       Grand Total:                   4008   237       140    


LINKER GENERATED COPY TABLES

__TI_cinit_table @ 00001094 records: 2, size/record: 8, table size: 16
	.bss: load addr=00001084, load size=00000008 bytes, run addr=20000000, run size=0000003c bytes, compression=zero_init
	.data: load addr=0000108c, load size=00000007 bytes, run addr=2000003c, run size=00000010 bytes, compression=lzss


LINKER GENERATED HANDLER TABLE

__TI_handler_table @ 00001078 records: 3, size/record: 4, table size: 12
	index: 0, handler: __TI_decompress_lzss
	index: 1, handler: __TI_decompress_none
	index: 2, handler: __TI_zero_init


GLOBAL SYMBOLS: SORTED ALPHABETICALLY BY Name 

address   name                                   
-------   ----                                   
00000353  ADC0_IRQHandler                        
0000106c  C$$EXIT                                
00001051  DL_Common_delayCycles                  
00000d1b  DL_I2C_fillControllerTXFIFO            
00000f8d  DL_I2C_setClockConfig                  
00000353  DMA_IRQHandler                         
00000353  Default_Handler                        
00000353  GPIOA_IRQHandler                       
00000353  GROUP0_IRQHandler                      
00000353  HardFault_Handler                      
00000881  I2C0_IRQHandler                        
00000353  NMI_Handler                            
00000353  PendSV_Handler                         
00001065  Reset_Handler                          
00000353  SPI0_IRQHandler                        
00000353  SVC_Handler                            
00000ed5  SYSCFG_DL_GPIO_init                    
00000d79  SYSCFG_DL_I2C_init                     
00000fb5  SYSCFG_DL_SYSCTL_init                  
00001013  SYSCFG_DL_init                         
00000f0d  SYSCFG_DL_initPower                    
00000353  SysTick_Handler                        
00000353  TIMA0_IRQHandler                       
00000353  TIMG14_IRQHandler                      
00000353  TIMG8_IRQHandler                       
00000353  UART0_IRQHandler                       
20000400  __STACK_END                            
00000040  __STACK_SIZE                           
00000000  __TI_ATRegion0_region_sz               
00000000  __TI_ATRegion0_src_addr                
00000000  __TI_ATRegion0_trg_addr                
00000000  __TI_ATRegion1_region_sz               
00000000  __TI_ATRegion1_src_addr                
00000000  __TI_ATRegion1_trg_addr                
00000000  __TI_ATRegion2_region_sz               
00000000  __TI_ATRegion2_src_addr                
00000000  __TI_ATRegion2_trg_addr                
00001094  __TI_CINIT_Base                        
000010a4  __TI_CINIT_Limit                       
000010a4  __TI_CINIT_Warm                        
00001078  __TI_Handler_Table_Base                
00001084  __TI_Handler_Table_Limit               
00000e5d  __TI_auto_init_nobinit_nopinit         
00000b61  __TI_decompress_lzss                   
00001027  __TI_decompress_none                   
ffffffff  __TI_pprof_out_hndl                    
ffffffff  __TI_prof_data_size                    
ffffffff  __TI_prof_data_start                   
00000000  __TI_static_base__                     
00000ffd  __TI_zero_init_nomemset                
00000cb9  __aeabi_dcmpeq                         
00000cf5  __aeabi_dcmpge                         
00000d09  __aeabi_dcmpgt                         
00000ce1  __aeabi_dcmple                         
00000ccd  __aeabi_dcmplt                         
000005dd  __aeabi_dmul                           
00000f39  __aeabi_i2d                            
0000105d  __aeabi_memcpy                         
0000105d  __aeabi_memcpy4                        
0000105d  __aeabi_memcpy8                        
00000fd9  __aeabi_ui2d                           
ffffffff  __binit__                              
00000c51  __cmpdf2                               
00000c51  __eqdf2                                
00000f39  __floatsidf                            
00000fd9  __floatunsidf                          
00000bdd  __gedf2                                
00000bdd  __gtdf2                                
00000c51  __ledf2                                
00000c51  __ltdf2                                
UNDEFED   __mpu_init                             
000005dd  __muldf3                               
00000e99  __muldsi3                              
00000c51  __nedf2                                
200003c0  __stack                                
20000000  __start___llvm_prf_bits                
20000000  __start___llvm_prf_cnts                
20000000  __stop___llvm_prf_bits                 
20000000  __stop___llvm_prf_cnts                 
00000f65  _c_int00_noargs                        
UNDEFED   _system_post_cinit                     
00001069  _system_pre_init                       
0000106d  abort                                  
20000028  accel_x                                
2000002a  accel_y                                
2000002c  accel_z                                
2000002e  axl                                    
20000030  axu                                    
20000032  ayl                                    
20000034  ayu                                    
20000036  azl                                    
20000038  azu                                    
2000003a  bflag                                  
ffffffff  binit                                  
2000003b  gI2cControllerStatus                   
20000018  gRxCount                               
2000001c  gRxLen                                 
20000000  gRxPacket                              
20000020  gTxCount                               
20000024  gTxLen                                 
2000003c  gTxPacket                              
00000000  interruptVectors                       
00000355  main                                   
00000ac5  memcpy                                 
000006c1  mxc4005_I2C_read                       
000000c1  mxc4005_assignRegistermap              
00000955  mxc4005_readAccel                      
20000010  optlux                                 
000007a1  ti_opt3007_I2C_read                    
00000a11  ti_opt3007_I2C_write                   
000004e9  ti_opt3007_assignRegistermap           
00000dcd  ti_opt3007_deviceRegister_write        
00000e19  ti_opt3007_readLux                     
00001039  ti_opt3007_setSensorConversionTime100mS
00001045  ti_opt3007_setSensorSingleShot         


GLOBAL SYMBOLS: SORTED BY Symbol Address 

address   name                                   
-------   ----                                   
00000000  __TI_ATRegion0_region_sz               
00000000  __TI_ATRegion0_src_addr                
00000000  __TI_ATRegion0_trg_addr                
00000000  __TI_ATRegion1_region_sz               
00000000  __TI_ATRegion1_src_addr                
00000000  __TI_ATRegion1_trg_addr                
00000000  __TI_ATRegion2_region_sz               
00000000  __TI_ATRegion2_src_addr                
00000000  __TI_ATRegion2_trg_addr                
00000000  __TI_static_base__                     
00000000  interruptVectors                       
00000040  __STACK_SIZE                           
000000c1  mxc4005_assignRegistermap              
00000353  ADC0_IRQHandler                        
00000353  DMA_IRQHandler                         
00000353  Default_Handler                        
00000353  GPIOA_IRQHandler                       
00000353  GROUP0_IRQHandler                      
00000353  HardFault_Handler                      
00000353  NMI_Handler                            
00000353  PendSV_Handler                         
00000353  SPI0_IRQHandler                        
00000353  SVC_Handler                            
00000353  SysTick_Handler                        
00000353  TIMA0_IRQHandler                       
00000353  TIMG14_IRQHandler                      
00000353  TIMG8_IRQHandler                       
00000353  UART0_IRQHandler                       
00000355  main                                   
000004e9  ti_opt3007_assignRegistermap           
000005dd  __aeabi_dmul                           
000005dd  __muldf3                               
000006c1  mxc4005_I2C_read                       
000007a1  ti_opt3007_I2C_read                    
00000881  I2C0_IRQHandler                        
00000955  mxc4005_readAccel                      
00000a11  ti_opt3007_I2C_write                   
00000ac5  memcpy                                 
00000b61  __TI_decompress_lzss                   
00000bdd  __gedf2                                
00000bdd  __gtdf2                                
00000c51  __cmpdf2                               
00000c51  __eqdf2                                
00000c51  __ledf2                                
00000c51  __ltdf2                                
00000c51  __nedf2                                
00000cb9  __aeabi_dcmpeq                         
00000ccd  __aeabi_dcmplt                         
00000ce1  __aeabi_dcmple                         
00000cf5  __aeabi_dcmpge                         
00000d09  __aeabi_dcmpgt                         
00000d1b  DL_I2C_fillControllerTXFIFO            
00000d79  SYSCFG_DL_I2C_init                     
00000dcd  ti_opt3007_deviceRegister_write        
00000e19  ti_opt3007_readLux                     
00000e5d  __TI_auto_init_nobinit_nopinit         
00000e99  __muldsi3                              
00000ed5  SYSCFG_DL_GPIO_init                    
00000f0d  SYSCFG_DL_initPower                    
00000f39  __aeabi_i2d                            
00000f39  __floatsidf                            
00000f65  _c_int00_noargs                        
00000f8d  DL_I2C_setClockConfig                  
00000fb5  SYSCFG_DL_SYSCTL_init                  
00000fd9  __aeabi_ui2d                           
00000fd9  __floatunsidf                          
00000ffd  __TI_zero_init_nomemset                
00001013  SYSCFG_DL_init                         
00001027  __TI_decompress_none                   
00001039  ti_opt3007_setSensorConversionTime100mS
00001045  ti_opt3007_setSensorSingleShot         
00001051  DL_Common_delayCycles                  
0000105d  __aeabi_memcpy                         
0000105d  __aeabi_memcpy4                        
0000105d  __aeabi_memcpy8                        
00001065  Reset_Handler                          
00001069  _system_pre_init                       
0000106c  C$$EXIT                                
0000106d  abort                                  
00001078  __TI_Handler_Table_Base                
00001084  __TI_Handler_Table_Limit               
00001094  __TI_CINIT_Base                        
000010a4  __TI_CINIT_Limit                       
000010a4  __TI_CINIT_Warm                        
20000000  __start___llvm_prf_bits                
20000000  __start___llvm_prf_cnts                
20000000  __stop___llvm_prf_bits                 
20000000  __stop___llvm_prf_cnts                 
20000000  gRxPacket                              
20000010  optlux                                 
20000018  gRxCount                               
2000001c  gRxLen                                 
20000020  gTxCount                               
20000024  gTxLen                                 
20000028  accel_x                                
2000002a  accel_y                                
2000002c  accel_z                                
2000002e  axl                                    
20000030  axu                                    
20000032  ayl                                    
20000034  ayu                                    
20000036  azl                                    
20000038  azu                                    
2000003a  bflag                                  
2000003b  gI2cControllerStatus                   
2000003c  gTxPacket                              
200003c0  __stack                                
20000400  __STACK_END                            
ffffffff  __TI_pprof_out_hndl                    
ffffffff  __TI_prof_data_size                    
ffffffff  __TI_prof_data_start                   
ffffffff  __binit__                              
ffffffff  binit                                  
UNDEFED   __mpu_init                             
UNDEFED   _system_post_cinit                     

[115 symbols]
