******************************************************************************
            TI ARM Clang Linker PC v4.0.1                      
******************************************************************************
>> Linked Wed May 21 22:16:36 2025

OUTPUT FILE NAME:   <cami_MSPM0C1103.out>
ENTRY POINT SYMBOL: "_c_int00_noargs"  address: 000027d1


MEMORY CONFIGURATION

         name            origin    length      used     unused   attr    fill
----------------------  --------  ---------  --------  --------  ----  --------
  FLASH                 00000000   00004000  000029a8  00001658  R  X
  SRAM                  20000000   00000400  00000274  0000018c  RW X
  BCR_CONFIG            41c00000   000000ff  00000000  000000ff  R   


SEGMENT ALLOCATION MAP

run origin  load origin   length   init length attrs members
----------  ----------- ---------- ----------- ----- -------
00000000    00000000    000029a8   000029a8    r-x
  00000000    00000000    000000c0   000000c0    r-- .intvecs
  000000c0    000000c0    00002880   00002880    r-x .text
  00002940    00002940    00000030   00000030    r-- .rodata
  00002970    00002970    00000038   00000038    r-- .cinit
20000000    20000000    00000236   00000000    rw-
  20000000    20000000    0000013e   00000000    rw- .bss
  20000140    20000140    000000f6   00000000    rw- .data
200003c0    200003c0    00000040   00000000    rw-
  200003c0    200003c0    00000040   00000000    rw- .stack


SECTION ALLOCATION MAP

 output                                  attributes/
section   page    origin      length       input sections
--------  ----  ----------  ----------   ----------------
.intvecs   0    00000000    000000c0     
                  00000000    000000c0     startup_mspm0c110x_ticlang.o (.intvecs)

.text      0    000000c0    00002880     
                  000000c0    00000654     main_adc .o (.text.main)
                  00000714    000003f8     common.o (.text.bma5_interface_init)
                  00000b0c    00000204     main_adc .o (.text.apply_filters)
                  00000d10    00000192     libclang_rt.builtins.a : adddf3.S.obj (.text.adddf3_subdf3)
                  00000ea2    00000002     startup_mspm0c110x_ticlang.o (.text.Default_Handler)
                  00000ea4    0000010c     libclang_rt.builtins.a : divdf3.S.obj (.text.__divdf3)
                  00000fb0    000000f4     bma5.o (.text.bma5_get_regs)
                  000010a4    000000f4     common.o (.text.mspm0c1103_I2C_read)
                  00001198    000000f4     opt3007_registers.o (.text.ti_opt3007_assignRegistermap)
                  0000128c    000000e8     driverlib.a : dl_timer.o (.text.DL_Timer_initTimerMode)
                  00001374    000000e4     libclang_rt.builtins.a : muldf3.S.obj (.text.__muldf3)
                  00001458    000000e4     opt3007_hostControl.o (.text.ti_opt3007_I2C_read)
                  0000153c    000000d8     libclang_rt.builtins.a : addsf3.S.obj (.text)
                  00001614    000000d4     main_adc .o (.text.I2C0_IRQHandler)
                  000016e8    000000d0     accelerometer.o (.text.bma530Accel_init)
                  000017b8    000000b8     bma5.o (.text.bma5_get_int_conf)
                  00001870    000000aa     bma5.o (.text.bma5_set_int_conf)
                  0000191a    00000002     libclang_rt.builtins.a : aeabi_div0.c.obj (.text.__aeabi_idiv0)
                  0000191c    000000a8     accelerometer.o (.text.bma530_readAccel)
                  000019c4    000000a8     common.o (.text.mspm0c1103_I2C_write)
                  00001a6c    0000009c     opt3007_hostControl.o (.text.ti_opt3007_I2C_write)
                  00001b08    0000009a     bma530.o (.text.bma530_set_int_map)
                  00001ba2    0000009a     libc.a : memcpy16.S.obj (.text:memcpy)
                  00001c3c    00000090     bma5.o (.text.bma5_get_acc)
                  00001ccc    0000008c     libclang_rt.builtins.a : mulsf3.S.obj (.text.__mulsf3)
                  00001d58    00000080     bma5.o (.text.bma5_get_acc_conf)
                  00001dd8    0000007c     bma530.o (.text.bma530_get_int_map)
                  00001e54    0000007c     libc.a : copy_decompress_lzss.c.obj (.text:decompress:lzss)
                  00001ed0    00000076     bma5.o (.text.bma5_set_acc_conf)
                  00001f46    00000002     --HOLE-- [fill = 0]
                  00001f48    00000074     libclang_rt.builtins.a : comparedf2.c.obj (.text.__gedf2)
                  00001fbc    0000006c     bma530_features.o (.text.bma530_init)
                  00002028    00000068     libclang_rt.builtins.a : comparedf2.c.obj (.text.__ledf2)
                  00002090    00000068     bma5.o (.text.bma5_get_sensor_status)
                  000020f8    00000064     ti_msp_dl_config.o (.text.SYSCFG_DL_I2C_init)
                  0000215c    00000062     libclang_rt.builtins.a : aeabi_dcmp.S.obj (.text.__aeabi_dcmp)
                  000021be    00000002     --HOLE-- [fill = 0]
                  000021c0    00000062                            : aeabi_fcmp.S.obj (.text.__aeabi_fcmp)
                  00002222    0000005e     driverlib.a : dl_i2c.o (.text.DL_I2C_fillControllerTXFIFO)
                  00002280    0000005c     common.o (.text.bma5_delay_us)
                  000022dc    0000005c     bma5.o (.text.bma5_get_acc_conf_0)
                  00002338    00000056     libclang_rt.builtins.a : aeabi_idivmod.S.obj (.text.__aeabi_idivmod)
                  0000238e    00000002     --HOLE-- [fill = 0]
                  00002390    0000004c     opt3007_registers.o (.text.ti_opt3007_deviceRegister_write)
                  000023dc    00000044     bma5.o (.text.bma5_set_regs)
                  00002420    00000044     opt3007_functions.o (.text.ti_opt3007_readLux)
                  00002464    00000042     bma5.o (.text.bma5_set_acc_conf_0)
                  000024a6    00000002     --HOLE-- [fill = 0]
                  000024a8    00000040     ti_msp_dl_config.o (.text.SYSCFG_DL_SYSCTL_init)
                  000024e8    00000040     ti_msp_dl_config.o (.text.SYSCFG_DL_initPower)
                  00002528    00000040     libclang_rt.builtins.a : aeabi_uidivmod.S.obj (.text.__aeabi_uidivmod)
                  00002568    00000040                            : extendsfdf2.S.obj (.text.__extendsfdf2)
                  000025a8    0000003c                            : floatsisf.S.obj (.text.__floatsisf)
                  000025e4    0000003c                            : comparesf2.S.obj (.text.__gtsf2)
                  00002620    0000003c     libc.a : autoinit.c.obj (.text:__TI_auto_init_nobinit_nopinit)
                  0000265c    0000003a     libclang_rt.builtins.a : comparesf2.S.obj (.text.__eqsf2)
                  00002696    00000002     --HOLE-- [fill = 0]
                  00002698    0000003a                            : muldsi3.S.obj (.text.__muldsi3)
                  000026d2    00000002     --HOLE-- [fill = 0]
                  000026d4    00000038     driverlib.a : dl_sysctl_mspm0c110x.o (.text.DL_SYSCTL_switchMCLKfromLFCLKtoSYSOSC)
                  0000270c    00000038     ti_msp_dl_config.o (.text.SYSCFG_DL_TIMER_0_init)
                  00002744    00000038     ti_msp_dl_config.o (.text.SYSCFG_DL_TIMER_1_init)
                  0000277c    0000002c     libclang_rt.builtins.a : floatsidf.S.obj (.text.__floatsidf)
                  000027a8    00000028     main_adc .o (.text.TIMG14_IRQHandler)
                  000027d0    00000028     libc.a : boot_cortex_m.c.obj (.text:_c_int00_noargs)
                  000027f8    00000026     driverlib.a : dl_i2c.o (.text.DL_I2C_setClockConfig)
                  0000281e    00000002     --HOLE-- [fill = 0]
                  00002820    00000024     ti_msp_dl_config.o (.text.SYSCFG_DL_GPIO_init)
                  00002844    00000024     libclang_rt.builtins.a : floatunsidf.S.obj (.text.__floatunsidf)
                  00002868    0000001c     driverlib.a : dl_timer.o (.text.DL_Timer_setClockConfig)
                  00002884    0000001c     ti_msp_dl_config.o (.text.SYSCFG_DL_init)
                  000028a0    00000016     libc.a : copy_zero_init.c.obj (.text:decompress:ZI:__TI_zero_init_nomemset)
                  000028b6    00000014     common.o (.text.bma5_i2c_read)
                  000028ca    00000014     common.o (.text.bma5_i2c_write)
                  000028de    00000012     libc.a : copy_decompress_none.c.obj (.text:decompress:none)
                  000028f0    0000000c     main_adc .o (.text.TIMG8_IRQHandler)
                  000028fc    0000000c     opt3007_functions.o (.text.ti_opt3007_setRn)
                  00002908    0000000c     opt3007_functions.o (.text.ti_opt3007_setSensorContinuous)
                  00002914    0000000c     opt3007_functions.o (.text.ti_opt3007_setSensorConversionTime100mS)
                  00002920    0000000a     driverlib.a : dl_common.o (.text.DL_Common_delayCycles)
                  0000292a    00000002     --HOLE-- [fill = 0]
                  0000292c    00000008     libclang_rt.builtins.a : aeabi_memcpy.S.obj (.text.__aeabi_memcpy)
                  00002934    00000004     startup_mspm0c110x_ticlang.o (.text.Reset_Handler)
                  00002938    00000004     libc.a : pre_init.c.obj (.text._system_pre_init)
                  0000293c    00000004            : exit.c.obj (.text:abort)

.cinit     0    00002970    00000038     
                  00002970    00000010     (.cinit..data.load) [load image, compression = lzss]
                  00002980    0000000c     (__TI_handler_table)
                  0000298c    00000008     (.cinit..bss.load) [load image, compression = zero_init]
                  00002994    00000010     (__TI_cinit_table)
                  000029a4    00000004     --HOLE-- [fill = 0]

.rodata    0    00002940    00000030     
                  00002940    00000014     ti_msp_dl_config.o (.rodata.gTIMER_0TimerConfig)
                  00002954    00000014     ti_msp_dl_config.o (.rodata.gTIMER_1TimerConfig)
                  00002968    00000003     ti_msp_dl_config.o (.rodata.gTIMER_0ClockConfig)
                  0000296b    00000003     ti_msp_dl_config.o (.rodata.gTIMER_1ClockConfig)
                  0000296e    00000002     ti_msp_dl_config.o (.rodata.gI2CClockConfig)

.init_array 
*          0    00000000    00000000     UNINITIALIZED

.binit     0    00000000    00000000     

.bss       0    20000000    0000013e     UNINITIALIZED
                  20000000    00000078     (.common:accel_history)
                  20000078    00000018     (.common:current_accel)
                  20000090    00000018     (.common:dev)
                  200000a8    00000014     (.common:testcnt)
                  200000bc    00000010     (.common:gRxPacket)
                  200000cc    0000000e     (.common:int_status)
                  200000da    0000000d     (.common:int_map)
                  200000e7    00000001     common.o (.bss.dev_addr)
                  200000e8    00000008     (.common:ledOff_lux)
                  200000f0    00000008     (.common:ledOn_lux)
                  200000f8    00000008     (.common:optlux)
                  20000100    00000007     (.common:acc_cfg)
                  20000107    00000001     main_adc .o (.bss.gFish_Red)
                  20000108    00000006     (.common:sens_data)
                  2000010e    00000005     (.common:txBuffer)
                  20000113    00000001     main_adc .o (.bss.gLED_On)
                  20000114    00000004     (.common:gRxCount)
                  20000118    00000004     (.common:gRxLen)
                  2000011c    00000004     (.common:gTxCount)
                  20000120    00000004     (.common:gTxLen)
                  20000124    00000004     (.common:int_config)
                  20000128    00000003     (.common:status)
                  2000012b    00000001     (.common:gI2cControllerStatus)
                  2000012c    00000002     (.common:fishEndCnt)
                  2000012e    00000002     (.common:fishcheckCnt)
                  20000130    00000002     (.common:lowVoltCnt)
                  20000132    00000002     (.common:modeSel)
                  20000134    00000002     (.common:opt300checkCnt)
                  20000136    00000002     (.common:optBrightCnt)
                  20000138    00000002     (.common:optDarkCnt)
                  2000013a    00000001     (.common:gTogglePolicy)
                  2000013b    00000001     (.common:resAddr)
                  2000013c    00000001     (.common:rslt)
                  2000013d    00000001     (.common:sensor_ctrl)

.data      0    20000140    000000f6     UNINITIALIZED
                  20000140    00000080     bma5.o (.data.temp_buf)
                  200001c0    00000018     main_adc .o (.data.previous_filtered_accel)
                  200001d8    00000010     main_adc .o (.data.gTxPacket)
                  200001e8    0000000c     accelerometer.o (.data.cami_accel)
                  200001f4    00000004     main_adc .o (.data.TIMG14_IRQHandler.count)
                  200001f8    00000008     main_adc .o (.data.apply_filters.previous_filtered.0)
                  20000200    00000008     main_adc .o (.data.apply_filters.previous_filtered.1)
                  20000208    00000008     main_adc .o (.data.apply_filters.previous_filtered.2)
                  20000210    00000008     main_adc .o (.data.delta_z)
                  20000218    00000008     main_adc .o (.data.threshold_level_z)
                  20000220    00000006     bma5.o (.data.acceldata)
                  20000226    00000002     main_adc .o (.data.downCnt_zAxis)
                  20000228    00000002     main_adc .o (.data.history_index)
                  2000022a    00000002     main_adc .o (.data.modeCheckCnt)
                  2000022c    00000002     main_adc .o (.data.significant_movement_count)
                  2000022e    00000002     main_adc .o (.data.upCnt_zAxis)
                  20000230    00000001     main_adc .o (.data.bDownstate)
                  20000231    00000001     main_adc .o (.data.bUpstate)
                  20000232    00000001     main_adc .o (.data.gAllLedOff)
                  20000233    00000001     main_adc .o (.data.gLowVoltage)
                  20000234    00000001     accelerometer.o (.data.loop)
                  20000235    00000001     accelerometer.o (.data.n_conf)

.stack     0    200003c0    00000040     UNINITIALIZED
                  200003c0    00000004     libc.a : boot_cortex_m.c.obj (.stack)
                  200003c4    0000003c     --HOLE--

__llvm_prf_cnts 
*          0    20000000    00000000     UNINITIALIZED

__llvm_prf_bits 
*          0    20000000    00000000     UNINITIALIZED

MODULE SUMMARY

       Module                         code    ro data   rw data
       ------                         ----    -------   -------
    .\
       ti_msp_dl_config.o             404     48        0      
       startup_mspm0c110x_ticlang.o   6       192       0      
    +--+------------------------------+-------+---------+---------+
       Total:                         410     240       0      
                                                               
    .\application\
       main_adc .o                    2400    0         336    
       common.o                       1560    0         1      
       bma5.o                         1318    0         134    
       accelerometer.o                376     0         87     
       opt3007_hostControl.o          384     0         6      
       opt3007_registers.o            320     0         0      
       bma530.o                       278     0         0      
       bma530_features.o              108     0         0      
       opt3007_functions.o            104     0         0      
    +--+------------------------------+-------+---------+---------+
       Total:                         6848    0         564    
                                                               
    C:/ti/mspm0_sdk_2_04_00_06/source/ti/driverlib/lib/ticlang/m0p/mspm0c110x/driverlib.a
       dl_timer.o                     260     0         0      
       dl_i2c.o                       132     0         0      
       dl_sysctl_mspm0c110x.o         56      0         0      
       dl_common.o                    10      0         0      
    +--+------------------------------+-------+---------+---------+
       Total:                         458     0         0      
                                                               
    C:\ti\ccs2001\ccs\tools\compiler\ti-cgt-armllvm_4.0.1.LTS\lib\armv6m-ti-none-eabi/c/libc.a
       memcpy16.S.obj                 154     0         0      
       copy_decompress_lzss.c.obj     124     0         0      
       autoinit.c.obj                 60      0         0      
       boot_cortex_m.c.obj            40      0         0      
       copy_zero_init.c.obj           22      0         0      
       copy_decompress_none.c.obj     18      0         0      
       exit.c.obj                     4       0         0      
       pre_init.c.obj                 4       0         0      
    +--+------------------------------+-------+---------+---------+
       Total:                         426     0         0      
                                                               
    C:\ti\ccs2001\ccs\tools\compiler\ti-cgt-armllvm_4.0.1.LTS\lib\armv6m-ti-none-eabi/libclang_rt.builtins.a
       adddf3.S.obj                   402     0         0      
       divdf3.S.obj                   268     0         0      
       muldf3.S.obj                   228     0         0      
       comparedf2.c.obj               220     0         0      
       addsf3.S.obj                   216     0         0      
       mulsf3.S.obj                   140     0         0      
       comparesf2.S.obj               118     0         0      
       aeabi_dcmp.S.obj               98      0         0      
       aeabi_fcmp.S.obj               98      0         0      
       aeabi_idivmod.S.obj            86      0         0      
       aeabi_uidivmod.S.obj           64      0         0      
       extendsfdf2.S.obj              64      0         0      
       floatsisf.S.obj                60      0         0      
       muldsi3.S.obj                  58      0         0      
       floatsidf.S.obj                44      0         0      
       floatunsidf.S.obj              36      0         0      
       aeabi_memcpy.S.obj             8       0         0      
       aeabi_div0.c.obj               2       0         0      
    +--+------------------------------+-------+---------+---------+
       Total:                         2210    0         0      
                                                               
       Stack:                         0       0         64     
       Linker Generated:              0       52        0      
    +--+------------------------------+-------+---------+---------+
       Grand Total:                   10352   292       628    


LINKER GENERATED COPY TABLES

__TI_cinit_table @ 00002994 records: 2, size/record: 8, table size: 16
	.data: load addr=00002970, load size=00000010 bytes, run addr=20000140, run size=000000f6 bytes, compression=lzss
	.bss: load addr=0000298c, load size=00000008 bytes, run addr=20000000, run size=0000013e bytes, compression=zero_init


LINKER GENERATED HANDLER TABLE

__TI_handler_table @ 00002980 records: 3, size/record: 4, table size: 12
	index: 0, handler: __TI_decompress_lzss
	index: 1, handler: __TI_decompress_none
	index: 2, handler: __TI_zero_init


GLOBAL SYMBOLS: SORTED ALPHABETICALLY BY Name 

address   name                                   
-------   ----                                   
00000ea3  ADC0_IRQHandler                        
0000293c  C$$EXIT                                
00002921  DL_Common_delayCycles                  
00002223  DL_I2C_fillControllerTXFIFO            
000027f9  DL_I2C_setClockConfig                  
000026d5  DL_SYSCTL_switchMCLKfromLFCLKtoSYSOSC  
0000128d  DL_Timer_initTimerMode                 
00002869  DL_Timer_setClockConfig                
00000ea3  DMA_IRQHandler                         
00000ea3  Default_Handler                        
00000ea3  GPIOA_IRQHandler                       
00000ea3  GROUP0_IRQHandler                      
00000ea3  HardFault_Handler                      
00001615  I2C0_IRQHandler                        
00000ea3  NMI_Handler                            
00000ea3  PendSV_Handler                         
00002935  Reset_Handler                          
00000ea3  SPI0_IRQHandler                        
00000ea3  SVC_Handler                            
00002821  SYSCFG_DL_GPIO_init                    
000020f9  SYSCFG_DL_I2C_init                     
000024a9  SYSCFG_DL_SYSCTL_init                  
0000270d  SYSCFG_DL_TIMER_0_init                 
00002745  SYSCFG_DL_TIMER_1_init                 
00002885  SYSCFG_DL_init                         
000024e9  SYSCFG_DL_initPower                    
00000ea3  SysTick_Handler                        
00000ea3  TIMA0_IRQHandler                       
000027a9  TIMG14_IRQHandler                      
000028f1  TIMG8_IRQHandler                       
00000ea3  UART0_IRQHandler                       
20000400  __STACK_END                            
00000040  __STACK_SIZE                           
00000000  __TI_ATRegion0_region_sz               
00000000  __TI_ATRegion0_src_addr                
00000000  __TI_ATRegion0_trg_addr                
00000000  __TI_ATRegion1_region_sz               
00000000  __TI_ATRegion1_src_addr                
00000000  __TI_ATRegion1_trg_addr                
00000000  __TI_ATRegion2_region_sz               
00000000  __TI_ATRegion2_src_addr                
00000000  __TI_ATRegion2_trg_addr                
00002994  __TI_CINIT_Base                        
000029a4  __TI_CINIT_Limit                       
000029a4  __TI_CINIT_Warm                        
00002980  __TI_Handler_Table_Base                
0000298c  __TI_Handler_Table_Limit               
00002621  __TI_auto_init_nobinit_nopinit         
00001e55  __TI_decompress_lzss                   
000028df  __TI_decompress_none                   
ffffffff  __TI_pprof_out_hndl                    
ffffffff  __TI_prof_data_size                    
ffffffff  __TI_prof_data_start                   
00000000  __TI_static_base__                     
000028a1  __TI_zero_init_nomemset                
00000d1b  __adddf3                               
00001547  __addsf3                               
00000d1b  __aeabi_dadd                           
0000215d  __aeabi_dcmpeq                         
00002199  __aeabi_dcmpge                         
000021ad  __aeabi_dcmpgt                         
00002185  __aeabi_dcmple                         
00002171  __aeabi_dcmplt                         
00000ea5  __aeabi_ddiv                           
00001375  __aeabi_dmul                           
00000d11  __aeabi_dsub                           
00002569  __aeabi_f2d                            
00001547  __aeabi_fadd                           
000021c1  __aeabi_fcmpeq                         
000021fd  __aeabi_fcmpge                         
00002211  __aeabi_fcmpgt                         
000021e9  __aeabi_fcmple                         
000021d5  __aeabi_fcmplt                         
00001ccd  __aeabi_fmul                           
0000153d  __aeabi_fsub                           
0000277d  __aeabi_i2d                            
000025a9  __aeabi_i2f                            
00002339  __aeabi_idiv                           
0000191b  __aeabi_idiv0                          
00002339  __aeabi_idivmod                        
0000292d  __aeabi_memcpy                         
0000292d  __aeabi_memcpy4                        
0000292d  __aeabi_memcpy8                        
00002845  __aeabi_ui2d                           
00002529  __aeabi_uidiv                          
00002529  __aeabi_uidivmod                       
ffffffff  __binit__                              
00002029  __cmpdf2                               
0000265d  __cmpsf2                               
00000ea5  __divdf3                               
00002029  __eqdf2                                
0000265d  __eqsf2                                
00002569  __extendsfdf2                          
0000277d  __floatsidf                            
000025a9  __floatsisf                            
00002845  __floatunsidf                          
00001f49  __gedf2                                
000025e5  __gesf2                                
00001f49  __gtdf2                                
000025e5  __gtsf2                                
00002029  __ledf2                                
0000265d  __lesf2                                
00002029  __ltdf2                                
0000265d  __ltsf2                                
UNDEFED   __mpu_init                             
00001375  __muldf3                               
00002699  __muldsi3                              
00001ccd  __mulsf3                               
00002029  __nedf2                                
0000265d  __nesf2                                
200003c0  __stack                                
20000000  __start___llvm_prf_bits                
20000000  __start___llvm_prf_cnts                
20000000  __stop___llvm_prf_bits                 
20000000  __stop___llvm_prf_cnts                 
00000d11  __subdf3                               
0000153d  __subsf3                               
000027d1  _c_int00_noargs                        
UNDEFED   _system_post_cinit                     
00002939  _system_pre_init                       
0000293d  abort                                  
20000100  acc_cfg                                
20000000  accel_history                          
20000220  acceldata                              
00000b0d  apply_filters                          
20000230  bDownstate                             
20000231  bUpstate                               
ffffffff  binit                                  
000016e9  bma530Accel_init                       
00001dd9  bma530_get_int_map                     
00001fbd  bma530_init                            
0000191d  bma530_readAccel                       
00001b09  bma530_set_int_map                     
00002281  bma5_delay_us                          
00001c3d  bma5_get_acc                           
00001d59  bma5_get_acc_conf                      
000022dd  bma5_get_acc_conf_0                    
000017b9  bma5_get_int_conf                      
00000fb1  bma5_get_regs                          
00002091  bma5_get_sensor_status                 
000028b7  bma5_i2c_read                          
000028cb  bma5_i2c_write                         
00000715  bma5_interface_init                    
00001ed1  bma5_set_acc_conf                      
00002465  bma5_set_acc_conf_0                    
00001871  bma5_set_int_conf                      
000023dd  bma5_set_regs                          
200001e8  cami_accel                             
20000078  current_accel                          
20000210  delta_z                                
20000090  dev                                    
20000226  downCnt_zAxis                          
2000012c  fishEndCnt                             
2000012e  fishcheckCnt                           
2000012b  gI2cControllerStatus                   
20000114  gRxCount                               
20000118  gRxLen                                 
200000bc  gRxPacket                              
2000013a  gTogglePolicy                          
2000011c  gTxCount                               
20000120  gTxLen                                 
200001d8  gTxPacket                              
20000228  history_index                          
20000124  int_config                             
200000da  int_map                                
200000cc  int_status                             
00000000  interruptVectors                       
200000e8  ledOff_lux                             
200000f0  ledOn_lux                              
20000234  loop                                   
20000130  lowVoltCnt                             
000000c1  main                                   
00001ba3  memcpy                                 
2000022a  modeCheckCnt                           
20000132  modeSel                                
000010a5  mspm0c1103_I2C_read                    
000019c5  mspm0c1103_I2C_write                   
20000235  n_conf                                 
20000134  opt300checkCnt                         
20000136  optBrightCnt                           
20000138  optDarkCnt                             
200000f8  optlux                                 
200001c0  previous_filtered_accel                
2000013b  resAddr                                
2000013c  rslt                                   
20000108  sens_data                              
2000013d  sensor_ctrl                            
2000022c  significant_movement_count             
20000128  status                                 
20000140  temp_buf                               
200000a8  testcnt                                
20000218  threshold_level_z                      
00001459  ti_opt3007_I2C_read                    
00001a6d  ti_opt3007_I2C_write                   
00001199  ti_opt3007_assignRegistermap           
00002391  ti_opt3007_deviceRegister_write        
00002421  ti_opt3007_readLux                     
000028fd  ti_opt3007_setRn                       
00002909  ti_opt3007_setSensorContinuous         
00002915  ti_opt3007_setSensorConversionTime100mS
2000010e  txBuffer                               
2000022e  upCnt_zAxis                            


GLOBAL SYMBOLS: SORTED BY Symbol Address 

address   name                                   
-------   ----                                   
00000000  __TI_ATRegion0_region_sz               
00000000  __TI_ATRegion0_src_addr                
00000000  __TI_ATRegion0_trg_addr                
00000000  __TI_ATRegion1_region_sz               
00000000  __TI_ATRegion1_src_addr                
00000000  __TI_ATRegion1_trg_addr                
00000000  __TI_ATRegion2_region_sz               
00000000  __TI_ATRegion2_src_addr                
00000000  __TI_ATRegion2_trg_addr                
00000000  __TI_static_base__                     
00000000  interruptVectors                       
00000040  __STACK_SIZE                           
000000c1  main                                   
00000715  bma5_interface_init                    
00000b0d  apply_filters                          
00000d11  __aeabi_dsub                           
00000d11  __subdf3                               
00000d1b  __adddf3                               
00000d1b  __aeabi_dadd                           
00000ea3  ADC0_IRQHandler                        
00000ea3  DMA_IRQHandler                         
00000ea3  Default_Handler                        
00000ea3  GPIOA_IRQHandler                       
00000ea3  GROUP0_IRQHandler                      
00000ea3  HardFault_Handler                      
00000ea3  NMI_Handler                            
00000ea3  PendSV_Handler                         
00000ea3  SPI0_IRQHandler                        
00000ea3  SVC_Handler                            
00000ea3  SysTick_Handler                        
00000ea3  TIMA0_IRQHandler                       
00000ea3  UART0_IRQHandler                       
00000ea5  __aeabi_ddiv                           
00000ea5  __divdf3                               
00000fb1  bma5_get_regs                          
000010a5  mspm0c1103_I2C_read                    
00001199  ti_opt3007_assignRegistermap           
0000128d  DL_Timer_initTimerMode                 
00001375  __aeabi_dmul                           
00001375  __muldf3                               
00001459  ti_opt3007_I2C_read                    
0000153d  __aeabi_fsub                           
0000153d  __subsf3                               
00001547  __addsf3                               
00001547  __aeabi_fadd                           
00001615  I2C0_IRQHandler                        
000016e9  bma530Accel_init                       
000017b9  bma5_get_int_conf                      
00001871  bma5_set_int_conf                      
0000191b  __aeabi_idiv0                          
0000191d  bma530_readAccel                       
000019c5  mspm0c1103_I2C_write                   
00001a6d  ti_opt3007_I2C_write                   
00001b09  bma530_set_int_map                     
00001ba3  memcpy                                 
00001c3d  bma5_get_acc                           
00001ccd  __aeabi_fmul                           
00001ccd  __mulsf3                               
00001d59  bma5_get_acc_conf                      
00001dd9  bma530_get_int_map                     
00001e55  __TI_decompress_lzss                   
00001ed1  bma5_set_acc_conf                      
00001f49  __gedf2                                
00001f49  __gtdf2                                
00001fbd  bma530_init                            
00002029  __cmpdf2                               
00002029  __eqdf2                                
00002029  __ledf2                                
00002029  __ltdf2                                
00002029  __nedf2                                
00002091  bma5_get_sensor_status                 
000020f9  SYSCFG_DL_I2C_init                     
0000215d  __aeabi_dcmpeq                         
00002171  __aeabi_dcmplt                         
00002185  __aeabi_dcmple                         
00002199  __aeabi_dcmpge                         
000021ad  __aeabi_dcmpgt                         
000021c1  __aeabi_fcmpeq                         
000021d5  __aeabi_fcmplt                         
000021e9  __aeabi_fcmple                         
000021fd  __aeabi_fcmpge                         
00002211  __aeabi_fcmpgt                         
00002223  DL_I2C_fillControllerTXFIFO            
00002281  bma5_delay_us                          
000022dd  bma5_get_acc_conf_0                    
00002339  __aeabi_idiv                           
00002339  __aeabi_idivmod                        
00002391  ti_opt3007_deviceRegister_write        
000023dd  bma5_set_regs                          
00002421  ti_opt3007_readLux                     
00002465  bma5_set_acc_conf_0                    
000024a9  SYSCFG_DL_SYSCTL_init                  
000024e9  SYSCFG_DL_initPower                    
00002529  __aeabi_uidiv                          
00002529  __aeabi_uidivmod                       
00002569  __aeabi_f2d                            
00002569  __extendsfdf2                          
000025a9  __aeabi_i2f                            
000025a9  __floatsisf                            
000025e5  __gesf2                                
000025e5  __gtsf2                                
00002621  __TI_auto_init_nobinit_nopinit         
0000265d  __cmpsf2                               
0000265d  __eqsf2                                
0000265d  __lesf2                                
0000265d  __ltsf2                                
0000265d  __nesf2                                
00002699  __muldsi3                              
000026d5  DL_SYSCTL_switchMCLKfromLFCLKtoSYSOSC  
0000270d  SYSCFG_DL_TIMER_0_init                 
00002745  SYSCFG_DL_TIMER_1_init                 
0000277d  __aeabi_i2d                            
0000277d  __floatsidf                            
000027a9  TIMG14_IRQHandler                      
000027d1  _c_int00_noargs                        
000027f9  DL_I2C_setClockConfig                  
00002821  SYSCFG_DL_GPIO_init                    
00002845  __aeabi_ui2d                           
00002845  __floatunsidf                          
00002869  DL_Timer_setClockConfig                
00002885  SYSCFG_DL_init                         
000028a1  __TI_zero_init_nomemset                
000028b7  bma5_i2c_read                          
000028cb  bma5_i2c_write                         
000028df  __TI_decompress_none                   
000028f1  TIMG8_IRQHandler                       
000028fd  ti_opt3007_setRn                       
00002909  ti_opt3007_setSensorContinuous         
00002915  ti_opt3007_setSensorConversionTime100mS
00002921  DL_Common_delayCycles                  
0000292d  __aeabi_memcpy                         
0000292d  __aeabi_memcpy4                        
0000292d  __aeabi_memcpy8                        
00002935  Reset_Handler                          
00002939  _system_pre_init                       
0000293c  C$$EXIT                                
0000293d  abort                                  
00002980  __TI_Handler_Table_Base                
0000298c  __TI_Handler_Table_Limit               
00002994  __TI_CINIT_Base                        
000029a4  __TI_CINIT_Limit                       
000029a4  __TI_CINIT_Warm                        
20000000  __start___llvm_prf_bits                
20000000  __start___llvm_prf_cnts                
20000000  __stop___llvm_prf_bits                 
20000000  __stop___llvm_prf_cnts                 
20000000  accel_history                          
20000078  current_accel                          
20000090  dev                                    
200000a8  testcnt                                
200000bc  gRxPacket                              
200000cc  int_status                             
200000da  int_map                                
200000e8  ledOff_lux                             
200000f0  ledOn_lux                              
200000f8  optlux                                 
20000100  acc_cfg                                
20000108  sens_data                              
2000010e  txBuffer                               
20000114  gRxCount                               
20000118  gRxLen                                 
2000011c  gTxCount                               
20000120  gTxLen                                 
20000124  int_config                             
20000128  status                                 
2000012b  gI2cControllerStatus                   
2000012c  fishEndCnt                             
2000012e  fishcheckCnt                           
20000130  lowVoltCnt                             
20000132  modeSel                                
20000134  opt300checkCnt                         
20000136  optBrightCnt                           
20000138  optDarkCnt                             
2000013a  gTogglePolicy                          
2000013b  resAddr                                
2000013c  rslt                                   
2000013d  sensor_ctrl                            
20000140  temp_buf                               
200001c0  previous_filtered_accel                
200001d8  gTxPacket                              
200001e8  cami_accel                             
20000210  delta_z                                
20000218  threshold_level_z                      
20000220  acceldata                              
20000226  downCnt_zAxis                          
20000228  history_index                          
2000022a  modeCheckCnt                           
2000022c  significant_movement_count             
2000022e  upCnt_zAxis                            
20000230  bDownstate                             
20000231  bUpstate                               
20000234  loop                                   
20000235  n_conf                                 
200003c0  __stack                                
20000400  __STACK_END                            
ffffffff  __TI_pprof_out_hndl                    
ffffffff  __TI_prof_data_size                    
ffffffff  __TI_prof_data_start                   
ffffffff  __binit__                              
ffffffff  binit                                  
UNDEFED   __mpu_init                             
UNDEFED   _system_post_cinit                     

[202 symbols]
