******************************************************************************
            TI ARM Clang Linker PC v4.0.1                      
******************************************************************************
>> Linked Wed Mar 26 21:41:22 2025

OUTPUT FILE NAME:   <cami_MSPM0C1103.out>
ENTRY POINT SYMBOL: "_c_int00_noargs"  address: 00000961


MEMORY CONFIGURATION

         name            origin    length      used     unused   attr    fill
----------------------  --------  ---------  --------  --------  ----  --------
  FLASH                 00000000   00002000  00000ab0  00001550  R  X
  SRAM                  20000000   00000400  00000074  0000038c  RW X
  BCR_CONFIG            41c00000   00000080  00000000  00000080  R   


SEGMENT ALLOCATION MAP

run origin  load origin   length   init length attrs members
----------  ----------- ---------- ----------- ----- -------
00000000    00000000    00000ab0   00000ab0    r-x
  00000000    00000000    000000c0   000000c0    r-- .intvecs
  000000c0    000000c0    000009a0   000009a0    r-x .text
  00000a60    00000a60    00000020   00000020    r-- .rodata
  00000a80    00000a80    00000030   00000030    r-- .cinit
20000000    20000000    00000034   00000000    rw-
  20000000    20000000    00000024   00000000    rw- .bss
  20000024    20000024    00000010   00000000    rw- .data
200003c0    200003c0    00000040   00000000    rw-
  200003c0    200003c0    00000040   00000000    rw- .stack


SECTION ALLOCATION MAP

 output                                  attributes/
section   page    origin      length       input sections
--------  ----  ----------  ----------   ----------------
.intvecs   0    00000000    000000c0     
                  00000000    000000c0     startup_mspm0c110x_ticlang.o (.intvecs)

.text      0    000000c0    000009a0     
                  000000c0    000000f4     opt3007_registers.o (.text.ti_opt3007_assignRegistermap)
                  000001b4    000000e8     driverlib.a : dl_timer.o (.text.DL_Timer_initTimerMode)
                  0000029c    000000e8     main.o (.text.main)
                  00000384    000000e0     opt3007_hostControl.o (.text.ti_opt3007_I2C_read)
                  00000464    000000d4     main.o (.text.I2C0_IRQHandler)
                  00000538    000000b4     opt3007_hostControl.o (.text.ti_opt3007_I2C_write)
                  000005ec    0000009a     libc.a : memcpy16.S.obj (.text:memcpy)
                  00000686    00000002     startup_mspm0c110x_ticlang.o (.text.Default_Handler)
                  00000688    0000007c     libc.a : copy_decompress_lzss.c.obj (.text:decompress:lzss)
                  00000704    0000005e     driverlib.a : dl_i2c.o (.text.DL_I2C_fillControllerTXFIFO)
                  00000762    00000002     --HOLE-- [fill = 0]
                  00000764    00000058     ti_msp_dl_config.o (.text.SYSCFG_DL_I2C_init)
                  000007bc    0000004c     opt3007_registers.o (.text.ti_opt3007_deviceRegister_write)
                  00000808    00000040     ti_msp_dl_config.o (.text.SYSCFG_DL_SYSCTL_init)
                  00000848    0000003c     libc.a : autoinit.c.obj (.text:__TI_auto_init_nobinit_nopinit)
                  00000884    00000038     driverlib.a : dl_sysctl_mspm0c110x.o (.text.DL_SYSCTL_switchMCLKfromLFCLKtoSYSOSC)
                  000008bc    00000038     ti_msp_dl_config.o (.text.SYSCFG_DL_GPIO_init)
                  000008f4    00000038     ti_msp_dl_config.o (.text.SYSCFG_DL_TIMER_0_init)
                  0000092c    00000034     ti_msp_dl_config.o (.text.SYSCFG_DL_initPower)
                  00000960    00000028     libc.a : boot_cortex_m.c.obj (.text:_c_int00_noargs)
                  00000988    00000026     driverlib.a : dl_i2c.o (.text.DL_I2C_setClockConfig)
                  000009ae    00000002     --HOLE-- [fill = 0]
                  000009b0    0000001c                 : dl_timer.o (.text.DL_Timer_setClockConfig)
                  000009cc    0000001c     main.o (.text.TIMA0_IRQHandler)
                  000009e8    00000018     ti_msp_dl_config.o (.text.SYSCFG_DL_init)
                  00000a00    00000016     libc.a : copy_zero_init.c.obj (.text:decompress:ZI:__TI_zero_init_nomemset)
                  00000a16    00000012            : copy_decompress_none.c.obj (.text:decompress:none)
                  00000a28    0000000c     opt3007_functions.o (.text.ti_opt3007_setSensorConversionTime100mS)
                  00000a34    0000000c     opt3007_functions.o (.text.ti_opt3007_setSensorShutDown)
                  00000a40    0000000a     driverlib.a : dl_common.o (.text.DL_Common_delayCycles)
                  00000a4a    00000002     --HOLE-- [fill = 0]
                  00000a4c    00000008     libclang_rt.builtins.a : aeabi_memcpy.S.obj (.text.__aeabi_memcpy)
                  00000a54    00000004     startup_mspm0c110x_ticlang.o (.text.Reset_Handler)
                  00000a58    00000004     libc.a : pre_init.c.obj (.text._system_pre_init)
                  00000a5c    00000004            : exit.c.obj (.text:abort)

.cinit     0    00000a80    00000030     
                  00000a80    0000000c     (__TI_handler_table)
                  00000a8c    00000008     (.cinit..bss.load) [load image, compression = zero_init]
                  00000a94    00000007     (.cinit..data.load) [load image, compression = lzss]
                  00000a9b    00000001     --HOLE-- [fill = 0]
                  00000a9c    00000010     (__TI_cinit_table)
                  00000aac    00000004     --HOLE-- [fill = 0]

.rodata    0    00000a60    00000020     
                  00000a60    00000014     ti_msp_dl_config.o (.rodata.gTIMER_0TimerConfig)
                  00000a74    00000003     ti_msp_dl_config.o (.rodata.gTIMER_0ClockConfig)
                  00000a77    00000002     ti_msp_dl_config.o (.rodata.gI2CClockConfig)
                  00000a79    00000007     --HOLE-- [fill = 0]

.init_array 
*          0    00000000    00000000     UNINITIALIZED

.binit     0    00000000    00000000     

.bss       0    20000000    00000024     UNINITIALIZED
                  20000000    00000010     (.common:gRxPacket)
                  20000010    00000004     (.common:gRxCount)
                  20000014    00000004     (.common:gRxLen)
                  20000018    00000004     (.common:gTxCount)
                  2000001c    00000004     (.common:gTxLen)
                  20000020    00000002     (.common:opt300checkCnt)
                  20000022    00000001     (.common:gI2cControllerStatus)
                  20000023    00000001     (.common:gTogglePolicy)

.data      0    20000024    00000010     UNINITIALIZED
                  20000024    00000010     main.o (.data.gTxPacket)

.stack     0    200003c0    00000040     UNINITIALIZED
                  200003c0    00000004     libc.a : boot_cortex_m.c.obj (.stack)
                  200003c4    0000003c     --HOLE--

__llvm_prf_cnts 
*          0    20000000    00000000     UNINITIALIZED

__llvm_prf_bits 
*          0    20000000    00000000     UNINITIALIZED

MODULE SUMMARY

       Module                         code   ro data   rw data
       ------                         ----   -------   -------
    .\
       ti_msp_dl_config.o             340    25        0      
       startup_mspm0c110x_ticlang.o   6      192       0      
    +--+------------------------------+------+---------+---------+
       Total:                         346    217       0      
                                                              
    .\application\
       main.o                         472    0         52     
       opt3007_hostControl.o          404    0         0      
       opt3007_registers.o            320    0         0      
       opt3007_functions.o            24     0         0      
    +--+------------------------------+------+---------+---------+
       Total:                         1220   0         52     
                                                              
    C:/ti/mspm0_sdk_2_03_00_07/source/ti/driverlib/lib/ticlang/m0p/mspm0c110x/driverlib.a
       dl_timer.o                     260    0         0      
       dl_i2c.o                       132    0         0      
       dl_sysctl_mspm0c110x.o         56     0         0      
       dl_common.o                    10     0         0      
    +--+------------------------------+------+---------+---------+
       Total:                         458    0         0      
                                                              
    C:\ti\ccs2001\ccs\tools\compiler\ti-cgt-armllvm_4.0.1.LTS\lib\armv6m-ti-none-eabi/c/libc.a
       memcpy16.S.obj                 154    0         0      
       copy_decompress_lzss.c.obj     124    0         0      
       autoinit.c.obj                 60     0         0      
       boot_cortex_m.c.obj            40     0         0      
       copy_zero_init.c.obj           22     0         0      
       copy_decompress_none.c.obj     18     0         0      
       exit.c.obj                     4      0         0      
       pre_init.c.obj                 4      0         0      
    +--+------------------------------+------+---------+---------+
       Total:                         426    0         0      
                                                              
    C:\ti\ccs2001\ccs\tools\compiler\ti-cgt-armllvm_4.0.1.LTS\lib\armv6m-ti-none-eabi/libclang_rt.builtins.a
       aeabi_memcpy.S.obj             8      0         0      
    +--+------------------------------+------+---------+---------+
       Total:                         8      0         0      
                                                              
       Stack:                         0      0         64     
       Linker Generated:              0      43        0      
    +--+------------------------------+------+---------+---------+
       Grand Total:                   2458   260       116    


LINKER GENERATED COPY TABLES

__TI_cinit_table @ 00000a9c records: 2, size/record: 8, table size: 16
	.bss: load addr=00000a8c, load size=00000008 bytes, run addr=20000000, run size=00000024 bytes, compression=zero_init
	.data: load addr=00000a94, load size=00000007 bytes, run addr=20000024, run size=00000010 bytes, compression=lzss


LINKER GENERATED HANDLER TABLE

__TI_handler_table @ 00000a80 records: 3, size/record: 4, table size: 12
	index: 0, handler: __TI_decompress_lzss
	index: 1, handler: __TI_decompress_none
	index: 2, handler: __TI_zero_init


GLOBAL SYMBOLS: SORTED ALPHABETICALLY BY Name 

address   name                                   
-------   ----                                   
00000687  ADC0_IRQHandler                        
00000a5c  C$$EXIT                                
00000a41  DL_Common_delayCycles                  
00000705  DL_I2C_fillControllerTXFIFO            
00000989  DL_I2C_setClockConfig                  
00000885  DL_SYSCTL_switchMCLKfromLFCLKtoSYSOSC  
000001b5  DL_Timer_initTimerMode                 
000009b1  DL_Timer_setClockConfig                
00000687  DMA_IRQHandler                         
00000687  Default_Handler                        
00000687  GPIOA_IRQHandler                       
00000687  GROUP0_IRQHandler                      
00000687  HardFault_Handler                      
00000465  I2C0_IRQHandler                        
00000687  NMI_Handler                            
00000687  PendSV_Handler                         
00000a55  Reset_Handler                          
00000687  SPI0_IRQHandler                        
00000687  SVC_Handler                            
000008bd  SYSCFG_DL_GPIO_init                    
00000765  SYSCFG_DL_I2C_init                     
00000809  SYSCFG_DL_SYSCTL_init                  
000008f5  SYSCFG_DL_TIMER_0_init                 
000009e9  SYSCFG_DL_init                         
0000092d  SYSCFG_DL_initPower                    
00000687  SysTick_Handler                        
000009cd  TIMA0_IRQHandler                       
00000687  TIMG14_IRQHandler                      
00000687  TIMG8_IRQHandler                       
00000687  UART0_IRQHandler                       
20000400  __STACK_END                            
00000040  __STACK_SIZE                           
00000000  __TI_ATRegion0_region_sz               
00000000  __TI_ATRegion0_src_addr                
00000000  __TI_ATRegion0_trg_addr                
00000000  __TI_ATRegion1_region_sz               
00000000  __TI_ATRegion1_src_addr                
00000000  __TI_ATRegion1_trg_addr                
00000000  __TI_ATRegion2_region_sz               
00000000  __TI_ATRegion2_src_addr                
00000000  __TI_ATRegion2_trg_addr                
00000a9c  __TI_CINIT_Base                        
00000aac  __TI_CINIT_Limit                       
00000aac  __TI_CINIT_Warm                        
00000a80  __TI_Handler_Table_Base                
00000a8c  __TI_Handler_Table_Limit               
00000849  __TI_auto_init_nobinit_nopinit         
00000689  __TI_decompress_lzss                   
00000a17  __TI_decompress_none                   
ffffffff  __TI_pprof_out_hndl                    
ffffffff  __TI_prof_data_size                    
ffffffff  __TI_prof_data_start                   
00000000  __TI_static_base__                     
00000a01  __TI_zero_init_nomemset                
00000a4d  __aeabi_memcpy                         
00000a4d  __aeabi_memcpy4                        
00000a4d  __aeabi_memcpy8                        
ffffffff  __binit__                              
UNDEFED   __mpu_init                             
200003c0  __stack                                
20000000  __start___llvm_prf_bits                
20000000  __start___llvm_prf_cnts                
20000000  __stop___llvm_prf_bits                 
20000000  __stop___llvm_prf_cnts                 
00000961  _c_int00_noargs                        
UNDEFED   _system_post_cinit                     
00000a59  _system_pre_init                       
00000a5d  abort                                  
ffffffff  binit                                  
20000022  gI2cControllerStatus                   
20000010  gRxCount                               
20000014  gRxLen                                 
20000000  gRxPacket                              
20000023  gTogglePolicy                          
20000018  gTxCount                               
2000001c  gTxLen                                 
20000024  gTxPacket                              
00000000  interruptVectors                       
0000029d  main                                   
000005ed  memcpy                                 
20000020  opt300checkCnt                         
00000385  ti_opt3007_I2C_read                    
00000539  ti_opt3007_I2C_write                   
000000c1  ti_opt3007_assignRegistermap           
000007bd  ti_opt3007_deviceRegister_write        
00000a29  ti_opt3007_setSensorConversionTime100mS
00000a35  ti_opt3007_setSensorShutDown           


GLOBAL SYMBOLS: SORTED BY Symbol Address 

address   name                                   
-------   ----                                   
00000000  __TI_ATRegion0_region_sz               
00000000  __TI_ATRegion0_src_addr                
00000000  __TI_ATRegion0_trg_addr                
00000000  __TI_ATRegion1_region_sz               
00000000  __TI_ATRegion1_src_addr                
00000000  __TI_ATRegion1_trg_addr                
00000000  __TI_ATRegion2_region_sz               
00000000  __TI_ATRegion2_src_addr                
00000000  __TI_ATRegion2_trg_addr                
00000000  __TI_static_base__                     
00000000  interruptVectors                       
00000040  __STACK_SIZE                           
000000c1  ti_opt3007_assignRegistermap           
000001b5  DL_Timer_initTimerMode                 
0000029d  main                                   
00000385  ti_opt3007_I2C_read                    
00000465  I2C0_IRQHandler                        
00000539  ti_opt3007_I2C_write                   
000005ed  memcpy                                 
00000687  ADC0_IRQHandler                        
00000687  DMA_IRQHandler                         
00000687  Default_Handler                        
00000687  GPIOA_IRQHandler                       
00000687  GROUP0_IRQHandler                      
00000687  HardFault_Handler                      
00000687  NMI_Handler                            
00000687  PendSV_Handler                         
00000687  SPI0_IRQHandler                        
00000687  SVC_Handler                            
00000687  SysTick_Handler                        
00000687  TIMG14_IRQHandler                      
00000687  TIMG8_IRQHandler                       
00000687  UART0_IRQHandler                       
00000689  __TI_decompress_lzss                   
00000705  DL_I2C_fillControllerTXFIFO            
00000765  SYSCFG_DL_I2C_init                     
000007bd  ti_opt3007_deviceRegister_write        
00000809  SYSCFG_DL_SYSCTL_init                  
00000849  __TI_auto_init_nobinit_nopinit         
00000885  DL_SYSCTL_switchMCLKfromLFCLKtoSYSOSC  
000008bd  SYSCFG_DL_GPIO_init                    
000008f5  SYSCFG_DL_TIMER_0_init                 
0000092d  SYSCFG_DL_initPower                    
00000961  _c_int00_noargs                        
00000989  DL_I2C_setClockConfig                  
000009b1  DL_Timer_setClockConfig                
000009cd  TIMA0_IRQHandler                       
000009e9  SYSCFG_DL_init                         
00000a01  __TI_zero_init_nomemset                
00000a17  __TI_decompress_none                   
00000a29  ti_opt3007_setSensorConversionTime100mS
00000a35  ti_opt3007_setSensorShutDown           
00000a41  DL_Common_delayCycles                  
00000a4d  __aeabi_memcpy                         
00000a4d  __aeabi_memcpy4                        
00000a4d  __aeabi_memcpy8                        
00000a55  Reset_Handler                          
00000a59  _system_pre_init                       
00000a5c  C$$EXIT                                
00000a5d  abort                                  
00000a80  __TI_Handler_Table_Base                
00000a8c  __TI_Handler_Table_Limit               
00000a9c  __TI_CINIT_Base                        
00000aac  __TI_CINIT_Limit                       
00000aac  __TI_CINIT_Warm                        
20000000  __start___llvm_prf_bits                
20000000  __start___llvm_prf_cnts                
20000000  __stop___llvm_prf_bits                 
20000000  __stop___llvm_prf_cnts                 
20000000  gRxPacket                              
20000010  gRxCount                               
20000014  gRxLen                                 
20000018  gTxCount                               
2000001c  gTxLen                                 
20000020  opt300checkCnt                         
20000022  gI2cControllerStatus                   
20000023  gTogglePolicy                          
20000024  gTxPacket                              
200003c0  __stack                                
20000400  __STACK_END                            
ffffffff  __TI_pprof_out_hndl                    
ffffffff  __TI_prof_data_size                    
ffffffff  __TI_prof_data_start                   
ffffffff  __binit__                              
ffffffff  binit                                  
UNDEFED   __mpu_init                             
UNDEFED   _system_post_cinit                     

[87 symbols]
