******************************************************************************
            TI ARM Clang Linker PC v4.0.1                      
******************************************************************************
>> Linked Sun Feb  2 21:41:52 2025

OUTPUT FILE NAME:   <cami_MSPM0C1103.out>
ENTRY POINT SYMBOL: "_c_int00_noargs"  address: 000011f9


MEMORY CONFIGURATION

         name            origin    length      used     unused   attr    fill
----------------------  --------  ---------  --------  --------  ----  --------
  FLASH                 00000000   00002000  00001388  00000c78  R  X
  SRAM                  20000000   00000400  0000008e  00000372  RW X
  BCR_CONFIG            41c00000   00000080  00000000  00000080  R   


SEGMENT ALLOCATION MAP

run origin  load origin   length   init length attrs members
----------  ----------- ---------- ----------- ----- -------
00000000    00000000    00001388   00001388    r-x
  00000000    00000000    000000c0   000000c0    r-- .intvecs
  000000c0    000000c0    00001278   00001278    r-x .text
  00001338    00001338    00000020   00000020    r-- .rodata
  00001358    00001358    00000030   00000030    r-- .cinit
20000000    20000000    0000004e   00000000    rw-
  20000000    20000000    0000003e   00000000    rw- .bss
  2000003e    2000003e    00000010   00000000    rw- .data
200003c0    200003c0    00000040   00000000    rw-
  200003c0    200003c0    00000040   00000000    rw- .stack


SECTION ALLOCATION MAP

 output                                  attributes/
section   page    origin      length       input sections
--------  ----  ----------  ----------   ----------------
.intvecs   0    00000000    000000c0     
                  00000000    000000c0     startup_mspm0c110x_ticlang.o (.intvecs)

.text      0    000000c0    00001278     
                  000000c0    00000292     mxc4005_registers.o (.text.mxc4005_assignRegistermap)
                  00000352    00000002     startup_mspm0c110x_ticlang.o (.text.Default_Handler)
                  00000354    00000188     main.o (.text.main)
                  000004dc    000000f4     opt3007_registers.o (.text.ti_opt3007_assignRegistermap)
                  000005d0    000000e8     driverlib.a : dl_timer.o (.text.DL_Timer_initTimerMode)
                  000006b8    000000e4     libclang_rt.builtins.a : muldf3.S.obj (.text.__muldf3)
                  0000079c    000000e0     mxc4005_hostControl.o (.text.mxc4005_I2C_read)
                  0000087c    000000e0     opt3007_hostControl.o (.text.ti_opt3007_I2C_read)
                  0000095c    000000d4     main.o (.text.I2C0_IRQHandler)
                  00000a30    000000bc     mxc4005_functions.o (.text.mxc4005_readAccel)
                  00000aec    000000b4     mxc4005_hostControl.o (.text.mxc4005_I2C_write)
                  00000ba0    000000b4     opt3007_hostControl.o (.text.ti_opt3007_I2C_write)
                  00000c54    0000009a     libc.a : memcpy16.S.obj (.text:memcpy)
                  00000cee    00000002     --HOLE-- [fill = 0]
                  00000cf0    0000007c            : copy_decompress_lzss.c.obj (.text:decompress:lzss)
                  00000d6c    00000074     libclang_rt.builtins.a : comparedf2.c.obj (.text.__gedf2)
                  00000de0    00000068                            : comparedf2.c.obj (.text.__ledf2)
                  00000e48    00000062                            : aeabi_dcmp.S.obj (.text.__aeabi_dcmp)
                  00000eaa    0000005e     driverlib.a : dl_i2c.o (.text.DL_I2C_fillControllerTXFIFO)
                  00000f08    00000054     ti_msp_dl_config.o (.text.SYSCFG_DL_I2C_init)
                  00000f5c    0000004c     mxc4005_registers.o (.text.mxc4005_deviceRegister_write)
                  00000fa8    0000004c     opt3007_registers.o (.text.ti_opt3007_deviceRegister_write)
                  00000ff4    00000044     opt3007_functions.o (.text.ti_opt3007_readLux)
                  00001038    00000040     ti_msp_dl_config.o (.text.SYSCFG_DL_SYSCTL_init)
                  00001078    0000003c     libc.a : autoinit.c.obj (.text:__TI_auto_init_nobinit_nopinit)
                  000010b4    0000003a     libclang_rt.builtins.a : muldsi3.S.obj (.text.__muldsi3)
                  000010ee    00000002     --HOLE-- [fill = 0]
                  000010f0    00000038     driverlib.a : dl_sysctl_mspm0c110x.o (.text.DL_SYSCTL_switchMCLKfromLFCLKtoSYSOSC)
                  00001128    00000038     ti_msp_dl_config.o (.text.SYSCFG_DL_GPIO_init)
                  00001160    00000038     ti_msp_dl_config.o (.text.SYSCFG_DL_TIMER_0_init)
                  00001198    00000034     ti_msp_dl_config.o (.text.SYSCFG_DL_initPower)
                  000011cc    0000002c     libclang_rt.builtins.a : floatsidf.S.obj (.text.__floatsidf)
                  000011f8    00000028     libc.a : boot_cortex_m.c.obj (.text:_c_int00_noargs)
                  00001220    00000026     driverlib.a : dl_i2c.o (.text.DL_I2C_setClockConfig)
                  00001246    00000002     --HOLE-- [fill = 0]
                  00001248    00000024     libclang_rt.builtins.a : floatunsidf.S.obj (.text.__floatunsidf)
                  0000126c    0000001c     driverlib.a : dl_timer.o (.text.DL_Timer_setClockConfig)
                  00001288    0000001c     main.o (.text.TIMA0_IRQHandler)
                  000012a4    00000018     ti_msp_dl_config.o (.text.SYSCFG_DL_init)
                  000012bc    00000016     libc.a : copy_zero_init.c.obj (.text:decompress:ZI:__TI_zero_init_nomemset)
                  000012d2    00000012            : copy_decompress_none.c.obj (.text:decompress:none)
                  000012e4    00000010     mxc4005_functions.o (.text.mxc4005_powerUp)
                  000012f4    0000000e     mxc4005_functions.o (.text.mxc4005_powerDown)
                  00001302    0000000c     opt3007_functions.o (.text.ti_opt3007_setSensorConversionTime100mS)
                  0000130e    0000000c     opt3007_functions.o (.text.ti_opt3007_setSensorSingleShot)
                  0000131a    0000000a     driverlib.a : dl_common.o (.text.DL_Common_delayCycles)
                  00001324    00000008     libclang_rt.builtins.a : aeabi_memcpy.S.obj (.text.__aeabi_memcpy)
                  0000132c    00000004     startup_mspm0c110x_ticlang.o (.text.Reset_Handler)
                  00001330    00000004     libc.a : pre_init.c.obj (.text._system_pre_init)
                  00001334    00000004            : exit.c.obj (.text:abort)

.cinit     0    00001358    00000030     
                  00001358    0000000c     (__TI_handler_table)
                  00001364    00000008     (.cinit..bss.load) [load image, compression = zero_init]
                  0000136c    00000007     (.cinit..data.load) [load image, compression = lzss]
                  00001373    00000001     --HOLE-- [fill = 0]
                  00001374    00000010     (__TI_cinit_table)
                  00001384    00000004     --HOLE-- [fill = 0]

.rodata    0    00001338    00000020     
                  00001338    00000014     ti_msp_dl_config.o (.rodata.gTIMER_0TimerConfig)
                  0000134c    00000003     ti_msp_dl_config.o (.rodata.gTIMER_0ClockConfig)
                  0000134f    00000002     ti_msp_dl_config.o (.rodata.gI2CClockConfig)
                  00001351    00000007     --HOLE-- [fill = 0]

.init_array 
*          0    00000000    00000000     UNINITIALIZED

.binit     0    00000000    00000000     

.bss       0    20000000    0000003e     UNINITIALIZED
                  20000000    00000010     (.common:gRxPacket)
                  20000010    00000008     (.common:optlux)
                  20000018    00000004     (.common:gRxCount)
                  2000001c    00000004     (.common:gRxLen)
                  20000020    00000004     (.common:gTxCount)
                  20000024    00000004     (.common:gTxLen)
                  20000028    00000002     (.common:accel_x)
                  2000002a    00000002     (.common:accel_y)
                  2000002c    00000002     (.common:accel_z)
                  2000002e    00000002     (.common:axl)
                  20000030    00000002     (.common:axu)
                  20000032    00000002     (.common:ayl)
                  20000034    00000002     (.common:ayu)
                  20000036    00000002     (.common:azl)
                  20000038    00000002     (.common:azu)
                  2000003a    00000002     (.common:opt300checkCnt)
                  2000003c    00000001     (.common:gI2cControllerStatus)
                  2000003d    00000001     (.common:gTogglePolicy)

.data      0    2000003e    00000010     UNINITIALIZED
                  2000003e    00000010     main.o (.data.gTxPacket)

.stack     0    200003c0    00000040     UNINITIALIZED
                  200003c0    00000004     libc.a : boot_cortex_m.c.obj (.stack)
                  200003c4    0000003c     --HOLE--

__llvm_prf_cnts 
*          0    20000000    00000000     UNINITIALIZED

__llvm_prf_bits 
*          0    20000000    00000000     UNINITIALIZED

MODULE SUMMARY

       Module                         code   ro data   rw data
       ------                         ----   -------   -------
    .\
       ti_msp_dl_config.o             336    25        0      
       startup_mspm0c110x_ticlang.o   6      192       0      
    +--+------------------------------+------+---------+---------+
       Total:                         342    217       0      
                                                              
    .\application\
       mxc4005_registers.o            734    0         0      
       main.o                         632    0         60     
       mxc4005_hostControl.o          404    0         0      
       opt3007_hostControl.o          404    0         0      
       opt3007_registers.o            320    0         0      
       mxc4005_functions.o            218    0         18     
       opt3007_functions.o            92     0         0      
    +--+------------------------------+------+---------+---------+
       Total:                         2804   0         78     
                                                              
    C:/ti/mspm0_sdk_2_03_00_07/source/ti/driverlib/lib/ticlang/m0p/mspm0c110x/driverlib.a
       dl_timer.o                     260    0         0      
       dl_i2c.o                       132    0         0      
       dl_sysctl_mspm0c110x.o         56     0         0      
       dl_common.o                    10     0         0      
    +--+------------------------------+------+---------+---------+
       Total:                         458    0         0      
                                                              
    C:\ti\ccs2001\ccs\tools\compiler\ti-cgt-armllvm_4.0.1.LTS\lib\armv6m-ti-none-eabi/c/libc.a
       memcpy16.S.obj                 154    0         0      
       copy_decompress_lzss.c.obj     124    0         0      
       autoinit.c.obj                 60     0         0      
       boot_cortex_m.c.obj            40     0         0      
       copy_zero_init.c.obj           22     0         0      
       copy_decompress_none.c.obj     18     0         0      
       exit.c.obj                     4      0         0      
       pre_init.c.obj                 4      0         0      
    +--+------------------------------+------+---------+---------+
       Total:                         426    0         0      
                                                              
    C:\ti\ccs2001\ccs\tools\compiler\ti-cgt-armllvm_4.0.1.LTS\lib\armv6m-ti-none-eabi/libclang_rt.builtins.a
       muldf3.S.obj                   228    0         0      
       comparedf2.c.obj               220    0         0      
       aeabi_dcmp.S.obj               98     0         0      
       muldsi3.S.obj                  58     0         0      
       floatsidf.S.obj                44     0         0      
       floatunsidf.S.obj              36     0         0      
       aeabi_memcpy.S.obj             8      0         0      
    +--+------------------------------+------+---------+---------+
       Total:                         692    0         0      
                                                              
       Stack:                         0      0         64     
       Linker Generated:              0      43        0      
    +--+------------------------------+------+---------+---------+
       Grand Total:                   4722   260       142    


LINKER GENERATED COPY TABLES

__TI_cinit_table @ 00001374 records: 2, size/record: 8, table size: 16
	.bss: load addr=00001364, load size=00000008 bytes, run addr=20000000, run size=0000003e bytes, compression=zero_init
	.data: load addr=0000136c, load size=00000007 bytes, run addr=2000003e, run size=00000010 bytes, compression=lzss


LINKER GENERATED HANDLER TABLE

__TI_handler_table @ 00001358 records: 3, size/record: 4, table size: 12
	index: 0, handler: __TI_decompress_lzss
	index: 1, handler: __TI_decompress_none
	index: 2, handler: __TI_zero_init


GLOBAL SYMBOLS: SORTED ALPHABETICALLY BY Name 

address   name                                   
-------   ----                                   
00000353  ADC0_IRQHandler                        
00001334  C$$EXIT                                
0000131b  DL_Common_delayCycles                  
00000eab  DL_I2C_fillControllerTXFIFO            
00001221  DL_I2C_setClockConfig                  
000010f1  DL_SYSCTL_switchMCLKfromLFCLKtoSYSOSC  
000005d1  DL_Timer_initTimerMode                 
0000126d  DL_Timer_setClockConfig                
00000353  DMA_IRQHandler                         
00000353  Default_Handler                        
00000353  GPIOA_IRQHandler                       
00000353  GROUP0_IRQHandler                      
00000353  HardFault_Handler                      
0000095d  I2C0_IRQHandler                        
00000353  NMI_Handler                            
00000353  PendSV_Handler                         
0000132d  Reset_Handler                          
00000353  SPI0_IRQHandler                        
00000353  SVC_Handler                            
00001129  SYSCFG_DL_GPIO_init                    
00000f09  SYSCFG_DL_I2C_init                     
00001039  SYSCFG_DL_SYSCTL_init                  
00001161  SYSCFG_DL_TIMER_0_init                 
000012a5  SYSCFG_DL_init                         
00001199  SYSCFG_DL_initPower                    
00000353  SysTick_Handler                        
00001289  TIMA0_IRQHandler                       
00000353  TIMG14_IRQHandler                      
00000353  TIMG8_IRQHandler                       
00000353  UART0_IRQHandler                       
20000400  __STACK_END                            
00000040  __STACK_SIZE                           
00000000  __TI_ATRegion0_region_sz               
00000000  __TI_ATRegion0_src_addr                
00000000  __TI_ATRegion0_trg_addr                
00000000  __TI_ATRegion1_region_sz               
00000000  __TI_ATRegion1_src_addr                
00000000  __TI_ATRegion1_trg_addr                
00000000  __TI_ATRegion2_region_sz               
00000000  __TI_ATRegion2_src_addr                
00000000  __TI_ATRegion2_trg_addr                
00001374  __TI_CINIT_Base                        
00001384  __TI_CINIT_Limit                       
00001384  __TI_CINIT_Warm                        
00001358  __TI_Handler_Table_Base                
00001364  __TI_Handler_Table_Limit               
00001079  __TI_auto_init_nobinit_nopinit         
00000cf1  __TI_decompress_lzss                   
000012d3  __TI_decompress_none                   
ffffffff  __TI_pprof_out_hndl                    
ffffffff  __TI_prof_data_size                    
ffffffff  __TI_prof_data_start                   
00000000  __TI_static_base__                     
000012bd  __TI_zero_init_nomemset                
00000e49  __aeabi_dcmpeq                         
00000e85  __aeabi_dcmpge                         
00000e99  __aeabi_dcmpgt                         
00000e71  __aeabi_dcmple                         
00000e5d  __aeabi_dcmplt                         
000006b9  __aeabi_dmul                           
000011cd  __aeabi_i2d                            
00001325  __aeabi_memcpy                         
00001325  __aeabi_memcpy4                        
00001325  __aeabi_memcpy8                        
00001249  __aeabi_ui2d                           
ffffffff  __binit__                              
00000de1  __cmpdf2                               
00000de1  __eqdf2                                
000011cd  __floatsidf                            
00001249  __floatunsidf                          
00000d6d  __gedf2                                
00000d6d  __gtdf2                                
00000de1  __ledf2                                
00000de1  __ltdf2                                
UNDEFED   __mpu_init                             
000006b9  __muldf3                               
000010b5  __muldsi3                              
00000de1  __nedf2                                
200003c0  __stack                                
20000000  __start___llvm_prf_bits                
20000000  __start___llvm_prf_cnts                
20000000  __stop___llvm_prf_bits                 
20000000  __stop___llvm_prf_cnts                 
000011f9  _c_int00_noargs                        
UNDEFED   _system_post_cinit                     
00001331  _system_pre_init                       
00001335  abort                                  
20000028  accel_x                                
2000002a  accel_y                                
2000002c  accel_z                                
2000002e  axl                                    
20000030  axu                                    
20000032  ayl                                    
20000034  ayu                                    
20000036  azl                                    
20000038  azu                                    
ffffffff  binit                                  
2000003c  gI2cControllerStatus                   
20000018  gRxCount                               
2000001c  gRxLen                                 
20000000  gRxPacket                              
2000003d  gTogglePolicy                          
20000020  gTxCount                               
20000024  gTxLen                                 
2000003e  gTxPacket                              
00000000  interruptVectors                       
00000355  main                                   
00000c55  memcpy                                 
0000079d  mxc4005_I2C_read                       
00000aed  mxc4005_I2C_write                      
000000c1  mxc4005_assignRegistermap              
00000f5d  mxc4005_deviceRegister_write           
000012f5  mxc4005_powerDown                      
000012e5  mxc4005_powerUp                        
00000a31  mxc4005_readAccel                      
2000003a  opt300checkCnt                         
20000010  optlux                                 
0000087d  ti_opt3007_I2C_read                    
00000ba1  ti_opt3007_I2C_write                   
000004dd  ti_opt3007_assignRegistermap           
00000fa9  ti_opt3007_deviceRegister_write        
00000ff5  ti_opt3007_readLux                     
00001303  ti_opt3007_setSensorConversionTime100mS
0000130f  ti_opt3007_setSensorSingleShot         


GLOBAL SYMBOLS: SORTED BY Symbol Address 

address   name                                   
-------   ----                                   
00000000  __TI_ATRegion0_region_sz               
00000000  __TI_ATRegion0_src_addr                
00000000  __TI_ATRegion0_trg_addr                
00000000  __TI_ATRegion1_region_sz               
00000000  __TI_ATRegion1_src_addr                
00000000  __TI_ATRegion1_trg_addr                
00000000  __TI_ATRegion2_region_sz               
00000000  __TI_ATRegion2_src_addr                
00000000  __TI_ATRegion2_trg_addr                
00000000  __TI_static_base__                     
00000000  interruptVectors                       
00000040  __STACK_SIZE                           
000000c1  mxc4005_assignRegistermap              
00000353  ADC0_IRQHandler                        
00000353  DMA_IRQHandler                         
00000353  Default_Handler                        
00000353  GPIOA_IRQHandler                       
00000353  GROUP0_IRQHandler                      
00000353  HardFault_Handler                      
00000353  NMI_Handler                            
00000353  PendSV_Handler                         
00000353  SPI0_IRQHandler                        
00000353  SVC_Handler                            
00000353  SysTick_Handler                        
00000353  TIMG14_IRQHandler                      
00000353  TIMG8_IRQHandler                       
00000353  UART0_IRQHandler                       
00000355  main                                   
000004dd  ti_opt3007_assignRegistermap           
000005d1  DL_Timer_initTimerMode                 
000006b9  __aeabi_dmul                           
000006b9  __muldf3                               
0000079d  mxc4005_I2C_read                       
0000087d  ti_opt3007_I2C_read                    
0000095d  I2C0_IRQHandler                        
00000a31  mxc4005_readAccel                      
00000aed  mxc4005_I2C_write                      
00000ba1  ti_opt3007_I2C_write                   
00000c55  memcpy                                 
00000cf1  __TI_decompress_lzss                   
00000d6d  __gedf2                                
00000d6d  __gtdf2                                
00000de1  __cmpdf2                               
00000de1  __eqdf2                                
00000de1  __ledf2                                
00000de1  __ltdf2                                
00000de1  __nedf2                                
00000e49  __aeabi_dcmpeq                         
00000e5d  __aeabi_dcmplt                         
00000e71  __aeabi_dcmple                         
00000e85  __aeabi_dcmpge                         
00000e99  __aeabi_dcmpgt                         
00000eab  DL_I2C_fillControllerTXFIFO            
00000f09  SYSCFG_DL_I2C_init                     
00000f5d  mxc4005_deviceRegister_write           
00000fa9  ti_opt3007_deviceRegister_write        
00000ff5  ti_opt3007_readLux                     
00001039  SYSCFG_DL_SYSCTL_init                  
00001079  __TI_auto_init_nobinit_nopinit         
000010b5  __muldsi3                              
000010f1  DL_SYSCTL_switchMCLKfromLFCLKtoSYSOSC  
00001129  SYSCFG_DL_GPIO_init                    
00001161  SYSCFG_DL_TIMER_0_init                 
00001199  SYSCFG_DL_initPower                    
000011cd  __aeabi_i2d                            
000011cd  __floatsidf                            
000011f9  _c_int00_noargs                        
00001221  DL_I2C_setClockConfig                  
00001249  __aeabi_ui2d                           
00001249  __floatunsidf                          
0000126d  DL_Timer_setClockConfig                
00001289  TIMA0_IRQHandler                       
000012a5  SYSCFG_DL_init                         
000012bd  __TI_zero_init_nomemset                
000012d3  __TI_decompress_none                   
000012e5  mxc4005_powerUp                        
000012f5  mxc4005_powerDown                      
00001303  ti_opt3007_setSensorConversionTime100mS
0000130f  ti_opt3007_setSensorSingleShot         
0000131b  DL_Common_delayCycles                  
00001325  __aeabi_memcpy                         
00001325  __aeabi_memcpy4                        
00001325  __aeabi_memcpy8                        
0000132d  Reset_Handler                          
00001331  _system_pre_init                       
00001334  C$$EXIT                                
00001335  abort                                  
00001358  __TI_Handler_Table_Base                
00001364  __TI_Handler_Table_Limit               
00001374  __TI_CINIT_Base                        
00001384  __TI_CINIT_Limit                       
00001384  __TI_CINIT_Warm                        
20000000  __start___llvm_prf_bits                
20000000  __start___llvm_prf_cnts                
20000000  __stop___llvm_prf_bits                 
20000000  __stop___llvm_prf_cnts                 
20000000  gRxPacket                              
20000010  optlux                                 
20000018  gRxCount                               
2000001c  gRxLen                                 
20000020  gTxCount                               
20000024  gTxLen                                 
20000028  accel_x                                
2000002a  accel_y                                
2000002c  accel_z                                
2000002e  axl                                    
20000030  axu                                    
20000032  ayl                                    
20000034  ayu                                    
20000036  azl                                    
20000038  azu                                    
2000003a  opt300checkCnt                         
2000003c  gI2cControllerStatus                   
2000003d  gTogglePolicy                          
2000003e  gTxPacket                              
200003c0  __stack                                
20000400  __STACK_END                            
ffffffff  __TI_pprof_out_hndl                    
ffffffff  __TI_prof_data_size                    
ffffffff  __TI_prof_data_start                   
ffffffff  __binit__                              
ffffffff  binit                                  
UNDEFED   __mpu_init                             
UNDEFED   _system_post_cinit                     

[124 symbols]
