******************************************************************************
            TI ARM Clang Linker PC v4.0.1                      
******************************************************************************
>> Linked Tue Jun  3 18:58:09 2025

OUTPUT FILE NAME:   <cami_MSPM0C1103.out>
ENTRY POINT SYMBOL: "_c_int00_noargs"  address: 00002531


MEMORY CONFIGURATION

         name            origin    length      used     unused   attr    fill
----------------------  --------  ---------  --------  --------  ----  --------
  FLASH                 00000000   00004000  00002708  000018f8  R  X
  SRAM                  20000000   00000400  0000026b  00000195  RW X
  BCR_CONFIG            41c00000   000000ff  00000000  000000ff  R   


SEGMENT ALLOCATION MAP

run origin  load origin   length   init length attrs members
----------  ----------- ---------- ----------- ----- -------
00000000    00000000    00002708   00002708    r-x
  00000000    00000000    000000c0   000000c0    r-- .intvecs
  000000c0    000000c0    000025e0   000025e0    r-x .text
  000026a0    000026a0    00000030   00000030    r-- .rodata
  000026d0    000026d0    00000038   00000038    r-- .cinit
20000000    20000000    0000022b   00000000    rw-
  20000000    20000000    00000164   00000000    rw- .bss
  20000164    20000164    000000c7   00000000    rw- .data
200003c0    200003c0    00000040   00000000    rw-
  200003c0    200003c0    00000040   00000000    rw- .stack


SECTION ALLOCATION MAP

 output                                  attributes/
section   page    origin      length       input sections
--------  ----  ----------  ----------   ----------------
.intvecs   0    00000000    000000c0     
                  00000000    000000c0     startup_mspm0c110x_ticlang.o (.intvecs)

.text      0    000000c0    000025e0     
                  000000c0    000006e4     main_ver1p2.o (.text.main)
                  000007a4    000003f8     common.o (.text.bma5_interface_init)
                  00000b9c    00000192     libclang_rt.builtins.a : adddf3.S.obj (.text.adddf3_subdf3)
                  00000d2e    00000002     startup_mspm0c110x_ticlang.o (.text.Default_Handler)
                  00000d30    000000f4     bma5.o (.text.bma5_get_regs)
                  00000e24    000000f4     common.o (.text.mspm0c1103_I2C_read)
                  00000f18    000000f4     opt3007_registers.o (.text.ti_opt3007_assignRegistermap)
                  0000100c    000000e8     driverlib.a : dl_timer.o (.text.DL_Timer_initTimerMode)
                  000010f4    000000e4     libclang_rt.builtins.a : muldf3.S.obj (.text.__muldf3)
                  000011d8    000000e4     opt3007_hostControl.o (.text.ti_opt3007_I2C_read)
                  000012bc    000000d8     libclang_rt.builtins.a : addsf3.S.obj (.text)
                  00001394    000000d4     main_ver1p2.o (.text.I2C0_IRQHandler)
                  00001468    000000d0     accelerometer.o (.text.bma530Accel_init)
                  00001538    000000b8     bma5.o (.text.bma5_get_int_conf)
                  000015f0    000000aa     bma5.o (.text.bma5_set_int_conf)
                  0000169a    00000002     libclang_rt.builtins.a : aeabi_div0.c.obj (.text.__aeabi_idiv0)
                  0000169c    000000a8     accelerometer.o (.text.bma530_readAccel)
                  00001744    000000a8     common.o (.text.mspm0c1103_I2C_write)
                  000017ec    0000009c     opt3007_hostControl.o (.text.ti_opt3007_I2C_write)
                  00001888    0000009a     bma530.o (.text.bma530_set_int_map)
                  00001922    0000009a     libc.a : memcpy16.S.obj (.text:memcpy)
                  000019bc    00000090     bma5.o (.text.bma5_get_acc)
                  00001a4c    0000008c     libclang_rt.builtins.a : mulsf3.S.obj (.text.__mulsf3)
                  00001ad8    00000080     bma5.o (.text.bma5_get_acc_conf)
                  00001b58    0000007c     bma530.o (.text.bma530_get_int_map)
                  00001bd4    0000007c     libc.a : copy_decompress_lzss.c.obj (.text:decompress:lzss)
                  00001c50    00000076     bma5.o (.text.bma5_set_acc_conf)
                  00001cc6    00000002     --HOLE-- [fill = 0]
                  00001cc8    00000074     libclang_rt.builtins.a : comparedf2.c.obj (.text.__gedf2)
                  00001d3c    0000006c     bma530_features.o (.text.bma530_init)
                  00001da8    00000068     libclang_rt.builtins.a : comparedf2.c.obj (.text.__ledf2)
                  00001e10    00000068     bma5.o (.text.bma5_get_sensor_status)
                  00001e78    00000064     ti_msp_dl_config.o (.text.SYSCFG_DL_I2C_init)
                  00001edc    00000064     opt3007_functions.o (.text.ti_opt3007_readLux)
                  00001f40    00000062     libclang_rt.builtins.a : aeabi_dcmp.S.obj (.text.__aeabi_dcmp)
                  00001fa2    00000002     --HOLE-- [fill = 0]
                  00001fa4    00000062                            : aeabi_fcmp.S.obj (.text.__aeabi_fcmp)
                  00002006    0000005e     driverlib.a : dl_i2c.o (.text.DL_I2C_fillControllerTXFIFO)
                  00002064    0000005c     common.o (.text.bma5_delay_us)
                  000020c0    0000005c     bma5.o (.text.bma5_get_acc_conf_0)
                  0000211c    0000004c     opt3007_registers.o (.text.ti_opt3007_deviceRegister_write)
                  00002168    00000044     bma5.o (.text.bma5_set_regs)
                  000021ac    00000042     bma5.o (.text.bma5_set_acc_conf_0)
                  000021ee    00000002     --HOLE-- [fill = 0]
                  000021f0    00000040     ti_msp_dl_config.o (.text.SYSCFG_DL_SYSCTL_init)
                  00002230    00000040     ti_msp_dl_config.o (.text.SYSCFG_DL_initPower)
                  00002270    00000040     main_ver1p2.o (.text.TIMG14_IRQHandler)
                  000022b0    00000040     libclang_rt.builtins.a : aeabi_uidivmod.S.obj (.text.__aeabi_uidivmod)
                  000022f0    00000040                            : extendsfdf2.S.obj (.text.__extendsfdf2)
                  00002330    0000003c                            : floatsisf.S.obj (.text.__floatsisf)
                  0000236c    0000003c                            : comparesf2.S.obj (.text.__gtsf2)
                  000023a8    0000003c     libc.a : autoinit.c.obj (.text:__TI_auto_init_nobinit_nopinit)
                  000023e4    0000003a     libclang_rt.builtins.a : comparesf2.S.obj (.text.__eqsf2)
                  0000241e    00000002     --HOLE-- [fill = 0]
                  00002420    0000003a                            : muldsi3.S.obj (.text.__muldsi3)
                  0000245a    00000002     --HOLE-- [fill = 0]
                  0000245c    00000038     driverlib.a : dl_sysctl_mspm0c110x.o (.text.DL_SYSCTL_switchMCLKfromLFCLKtoSYSOSC)
                  00002494    00000038     ti_msp_dl_config.o (.text.SYSCFG_DL_TIMER_0_init)
                  000024cc    00000038     ti_msp_dl_config.o (.text.SYSCFG_DL_TIMER_1_init)
                  00002504    0000002c     libclang_rt.builtins.a : floatsidf.S.obj (.text.__floatsidf)
                  00002530    00000028     libc.a : boot_cortex_m.c.obj (.text:_c_int00_noargs)
                  00002558    00000026     driverlib.a : dl_i2c.o (.text.DL_I2C_setClockConfig)
                  0000257e    00000002     --HOLE-- [fill = 0]
                  00002580    00000024     ti_msp_dl_config.o (.text.SYSCFG_DL_GPIO_init)
                  000025a4    00000024     libclang_rt.builtins.a : floatunsidf.S.obj (.text.__floatunsidf)
                  000025c8    0000001c     driverlib.a : dl_timer.o (.text.DL_Timer_setClockConfig)
                  000025e4    0000001c     ti_msp_dl_config.o (.text.SYSCFG_DL_init)
                  00002600    00000016     libc.a : copy_zero_init.c.obj (.text:decompress:ZI:__TI_zero_init_nomemset)
                  00002616    00000014     common.o (.text.bma5_i2c_read)
                  0000262a    00000014     common.o (.text.bma5_i2c_write)
                  0000263e    00000012     libc.a : copy_decompress_none.c.obj (.text:decompress:none)
                  00002650    0000000c     main_ver1p2.o (.text.TIMG8_IRQHandler)
                  0000265c    0000000c     opt3007_functions.o (.text.ti_opt3007_setRn)
                  00002668    0000000c     opt3007_functions.o (.text.ti_opt3007_setSensorContinuous)
                  00002674    0000000c     opt3007_functions.o (.text.ti_opt3007_setSensorConversionTime100mS)
                  00002680    0000000a     driverlib.a : dl_common.o (.text.DL_Common_delayCycles)
                  0000268a    00000002     --HOLE-- [fill = 0]
                  0000268c    00000008     libclang_rt.builtins.a : aeabi_memcpy.S.obj (.text.__aeabi_memcpy)
                  00002694    00000004     startup_mspm0c110x_ticlang.o (.text.Reset_Handler)
                  00002698    00000004     libc.a : pre_init.c.obj (.text._system_pre_init)
                  0000269c    00000004            : exit.c.obj (.text:abort)

.cinit     0    000026d0    00000038     
                  000026d0    00000011     (.cinit..data.load) [load image, compression = lzss]
                  000026e1    00000003     --HOLE-- [fill = 0]
                  000026e4    0000000c     (__TI_handler_table)
                  000026f0    00000008     (.cinit..bss.load) [load image, compression = zero_init]
                  000026f8    00000010     (__TI_cinit_table)

.rodata    0    000026a0    00000030     
                  000026a0    00000014     ti_msp_dl_config.o (.rodata.gTIMER_0TimerConfig)
                  000026b4    00000014     ti_msp_dl_config.o (.rodata.gTIMER_1TimerConfig)
                  000026c8    00000003     ti_msp_dl_config.o (.rodata.gTIMER_0ClockConfig)
                  000026cb    00000003     ti_msp_dl_config.o (.rodata.gTIMER_1ClockConfig)
                  000026ce    00000002     ti_msp_dl_config.o (.rodata.gI2CClockConfig)

.init_array 
*          0    00000000    00000000     UNINITIALIZED

.binit     0    00000000    00000000     

.bss       0    20000000    00000164     UNINITIALIZED
                  20000000    00000078     (.common:accel_history)
                  20000078    00000018     (.common:current_accel)
                  20000090    00000018     (.common:dev)
                  200000a8    00000014     (.common:testcnt)
                  200000bc    00000010     (.common:gRxPacket)
                  200000cc    0000000e     (.common:int_status)
                  200000da    0000000d     (.common:int_map)
                  200000e7    00000001     common.o (.bss.dev_addr)
                  200000e8    00000008     (.common:ledOff_lux)
                  200000f0    00000008     (.common:ledOn_lux)
                  200000f8    00000008     (.common:lux)
                  20000100    00000008     (.common:optlux)
                  20000108    00000007     (.common:acc_cfg)
                  2000010f    00000001     main_ver1p2.o (.bss.gFish_Red)
                  20000110    00000006     (.common:sens_data)
                  20000116    00000005     (.common:txBuffer)
                  2000011b    00000001     (.common:gI2cControllerStatus)
                  2000011c    00000004     (.common:drop)
                  20000120    00000004     (.common:gCnt_100ms)
                  20000124    00000004     (.common:gRxCount)
                  20000128    00000004     (.common:gRxLen)
                  2000012c    00000004     (.common:gTxCount)
                  20000130    00000004     (.common:gTxLen)
                  20000134    00000004     (.common:gVerticalCnt_100ms)
                  20000138    00000004     (.common:int_config)
                  2000013c    00000004     (.common:low_freq)
                  20000140    00000004     (.common:prev_raw_z)
                  20000144    00000004     (.common:raw_z)
                  20000148    00000004     (.common:z_delta)
                  2000014c    00000003     (.common:status)
                  2000014f    00000001     (.common:gTogglePolicy)
                  20000150    00000002     (.common:fishcheckCnt)
                  20000152    00000002     (.common:lowVoltCnt)
                  20000154    00000002     (.common:mantissa)
                  20000156    00000002     (.common:modeSel)
                  20000158    00000002     (.common:opt300checkCnt)
                  2000015a    00000002     (.common:optBrightCnt)
                  2000015c    00000002     (.common:optDarkCnt)
                  2000015e    00000002     (.common:readValue)
                  20000160    00000001     (.common:myexp)
                  20000161    00000001     (.common:resAddr)
                  20000162    00000001     (.common:rslt)
                  20000163    00000001     (.common:sensor_ctrl)

.data      0    20000164    000000c7     UNINITIALIZED
                  20000164    00000080     bma5.o (.data.temp_buf)
                  200001e4    00000010     main_ver1p2.o (.data.gTxPacket)
                  200001f4    0000000c     accelerometer.o (.data.cami_accel)
                  20000200    00000006     bma5.o (.data.acceldata)
                  20000206    00000002     main_ver1p2.o (.data.bSensitivityLevel)
                  20000208    00000004     main_ver1p2.o (.data.TIMG14_IRQHandler.count)
                  2000020c    00000004     main_ver1p2.o (.data.ewma_z)
                  20000210    00000004     main_ver1p2.o (.data.hpf_z_prev)
                  20000214    00000004     main_ver1p2.o (.data.lockout_cnt)
                  20000218    00000004     main_ver1p2.o (.data.threshold_level_z)
                  2000021c    00000002     main_ver1p2.o (.data.downCnt_zAxis)
                  2000021e    00000002     main_ver1p2.o (.data.modeCheckCnt)
                  20000220    00000002     main_ver1p2.o (.data.significant_movement_count)
                  20000222    00000002     main_ver1p2.o (.data.upCnt_zAxis)
                  20000224    00000001     main_ver1p2.o (.data.bDownstate)
                  20000225    00000001     main_ver1p2.o (.data.bUpstate)
                  20000226    00000001     main_ver1p2.o (.data.gLowVoltage)
                  20000227    00000001     main_ver1p2.o (.data.gNowNight)
                  20000228    00000001     main_ver1p2.o (.data.in_lockout)
                  20000229    00000001     accelerometer.o (.data.loop)
                  2000022a    00000001     accelerometer.o (.data.n_conf)

.stack     0    200003c0    00000040     UNINITIALIZED
                  200003c0    00000004     libc.a : boot_cortex_m.c.obj (.stack)
                  200003c4    0000003c     --HOLE--

__llvm_prf_cnts 
*          0    20000000    00000000     UNINITIALIZED

__llvm_prf_bits 
*          0    20000000    00000000     UNINITIALIZED

MODULE SUMMARY

       Module                         code   ro data   rw data
       ------                         ----   -------   -------
    .\
       ti_msp_dl_config.o             404    48        0      
       startup_mspm0c110x_ticlang.o   6      192       0      
    +--+------------------------------+------+---------+---------+
       Total:                         410    240       0      
                                                              
    .\application\
       main_ver1p2.o                  2052   0         314    
       common.o                       1560   0         1      
       bma5.o                         1318   0         134    
       accelerometer.o                376    0         87     
       opt3007_hostControl.o          384    0         6      
       opt3007_registers.o            320    0         0      
       bma530.o                       278    0         0      
       opt3007_functions.o            136    0         13     
       bma530_features.o              108    0         0      
    +--+------------------------------+------+---------+---------+
       Total:                         6532   0         555    
                                                              
    C:/ti/mspm0_sdk_2_04_00_06/source/ti/driverlib/lib/ticlang/m0p/mspm0c110x/driverlib.a
       dl_timer.o                     260    0         0      
       dl_i2c.o                       132    0         0      
       dl_sysctl_mspm0c110x.o         56     0         0      
       dl_common.o                    10     0         0      
    +--+------------------------------+------+---------+---------+
       Total:                         458    0         0      
                                                              
    C:\ti\ccs2001\ccs\tools\compiler\ti-cgt-armllvm_4.0.1.LTS\lib\armv6m-ti-none-eabi/c/libc.a
       memcpy16.S.obj                 154    0         0      
       copy_decompress_lzss.c.obj     124    0         0      
       autoinit.c.obj                 60     0         0      
       boot_cortex_m.c.obj            40     0         0      
       copy_zero_init.c.obj           22     0         0      
       copy_decompress_none.c.obj     18     0         0      
       exit.c.obj                     4      0         0      
       pre_init.c.obj                 4      0         0      
    +--+------------------------------+------+---------+---------+
       Total:                         426    0         0      
                                                              
    C:\ti\ccs2001\ccs\tools\compiler\ti-cgt-armllvm_4.0.1.LTS\lib\armv6m-ti-none-eabi/libclang_rt.builtins.a
       adddf3.S.obj                   402    0         0      
       muldf3.S.obj                   228    0         0      
       comparedf2.c.obj               220    0         0      
       addsf3.S.obj                   216    0         0      
       mulsf3.S.obj                   140    0         0      
       comparesf2.S.obj               118    0         0      
       aeabi_dcmp.S.obj               98     0         0      
       aeabi_fcmp.S.obj               98     0         0      
       aeabi_uidivmod.S.obj           64     0         0      
       extendsfdf2.S.obj              64     0         0      
       floatsisf.S.obj                60     0         0      
       muldsi3.S.obj                  58     0         0      
       floatsidf.S.obj                44     0         0      
       floatunsidf.S.obj              36     0         0      
       aeabi_memcpy.S.obj             8      0         0      
       aeabi_div0.c.obj               2      0         0      
    +--+------------------------------+------+---------+---------+
       Total:                         1856   0         0      
                                                              
       Stack:                         0      0         64     
       Linker Generated:              0      53        0      
    +--+------------------------------+------+---------+---------+
       Grand Total:                   9682   293       619    


LINKER GENERATED COPY TABLES

__TI_cinit_table @ 000026f8 records: 2, size/record: 8, table size: 16
	.data: load addr=000026d0, load size=00000011 bytes, run addr=20000164, run size=000000c7 bytes, compression=lzss
	.bss: load addr=000026f0, load size=00000008 bytes, run addr=20000000, run size=00000164 bytes, compression=zero_init


LINKER GENERATED HANDLER TABLE

__TI_handler_table @ 000026e4 records: 3, size/record: 4, table size: 12
	index: 0, handler: __TI_decompress_lzss
	index: 1, handler: __TI_decompress_none
	index: 2, handler: __TI_zero_init


GLOBAL SYMBOLS: SORTED ALPHABETICALLY BY Name 

address   name                                   
-------   ----                                   
00000d2f  ADC0_IRQHandler                        
0000269c  C$$EXIT                                
00002681  DL_Common_delayCycles                  
00002007  DL_I2C_fillControllerTXFIFO            
00002559  DL_I2C_setClockConfig                  
0000245d  DL_SYSCTL_switchMCLKfromLFCLKtoSYSOSC  
0000100d  DL_Timer_initTimerMode                 
000025c9  DL_Timer_setClockConfig                
00000d2f  DMA_IRQHandler                         
00000d2f  Default_Handler                        
00000d2f  GPIOA_IRQHandler                       
00000d2f  GROUP0_IRQHandler                      
00000d2f  HardFault_Handler                      
00001395  I2C0_IRQHandler                        
00000d2f  NMI_Handler                            
00000d2f  PendSV_Handler                         
00002695  Reset_Handler                          
00000d2f  SPI0_IRQHandler                        
00000d2f  SVC_Handler                            
00002581  SYSCFG_DL_GPIO_init                    
00001e79  SYSCFG_DL_I2C_init                     
000021f1  SYSCFG_DL_SYSCTL_init                  
00002495  SYSCFG_DL_TIMER_0_init                 
000024cd  SYSCFG_DL_TIMER_1_init                 
000025e5  SYSCFG_DL_init                         
00002231  SYSCFG_DL_initPower                    
00000d2f  SysTick_Handler                        
00000d2f  TIMA0_IRQHandler                       
00002271  TIMG14_IRQHandler                      
00002651  TIMG8_IRQHandler                       
00000d2f  UART0_IRQHandler                       
20000400  __STACK_END                            
00000040  __STACK_SIZE                           
00000000  __TI_ATRegion0_region_sz               
00000000  __TI_ATRegion0_src_addr                
00000000  __TI_ATRegion0_trg_addr                
00000000  __TI_ATRegion1_region_sz               
00000000  __TI_ATRegion1_src_addr                
00000000  __TI_ATRegion1_trg_addr                
00000000  __TI_ATRegion2_region_sz               
00000000  __TI_ATRegion2_src_addr                
00000000  __TI_ATRegion2_trg_addr                
000026f8  __TI_CINIT_Base                        
00002708  __TI_CINIT_Limit                       
00002708  __TI_CINIT_Warm                        
000026e4  __TI_Handler_Table_Base                
000026f0  __TI_Handler_Table_Limit               
000023a9  __TI_auto_init_nobinit_nopinit         
00001bd5  __TI_decompress_lzss                   
0000263f  __TI_decompress_none                   
ffffffff  __TI_pprof_out_hndl                    
ffffffff  __TI_prof_data_size                    
ffffffff  __TI_prof_data_start                   
00000000  __TI_static_base__                     
00002601  __TI_zero_init_nomemset                
00000ba7  __adddf3                               
000012c7  __addsf3                               
00000ba7  __aeabi_dadd                           
00001f41  __aeabi_dcmpeq                         
00001f7d  __aeabi_dcmpge                         
00001f91  __aeabi_dcmpgt                         
00001f69  __aeabi_dcmple                         
00001f55  __aeabi_dcmplt                         
000010f5  __aeabi_dmul                           
00000b9d  __aeabi_dsub                           
000022f1  __aeabi_f2d                            
000012c7  __aeabi_fadd                           
00001fa5  __aeabi_fcmpeq                         
00001fe1  __aeabi_fcmpge                         
00001ff5  __aeabi_fcmpgt                         
00001fcd  __aeabi_fcmple                         
00001fb9  __aeabi_fcmplt                         
00001a4d  __aeabi_fmul                           
000012bd  __aeabi_fsub                           
00002505  __aeabi_i2d                            
00002331  __aeabi_i2f                            
0000169b  __aeabi_idiv0                          
0000268d  __aeabi_memcpy                         
0000268d  __aeabi_memcpy4                        
0000268d  __aeabi_memcpy8                        
000025a5  __aeabi_ui2d                           
000022b1  __aeabi_uidiv                          
000022b1  __aeabi_uidivmod                       
ffffffff  __binit__                              
00001da9  __cmpdf2                               
000023e5  __cmpsf2                               
00001da9  __eqdf2                                
000023e5  __eqsf2                                
000022f1  __extendsfdf2                          
00002505  __floatsidf                            
00002331  __floatsisf                            
000025a5  __floatunsidf                          
00001cc9  __gedf2                                
0000236d  __gesf2                                
00001cc9  __gtdf2                                
0000236d  __gtsf2                                
00001da9  __ledf2                                
000023e5  __lesf2                                
00001da9  __ltdf2                                
000023e5  __ltsf2                                
UNDEFED   __mpu_init                             
000010f5  __muldf3                               
00002421  __muldsi3                              
00001a4d  __mulsf3                               
00001da9  __nedf2                                
000023e5  __nesf2                                
200003c0  __stack                                
20000000  __start___llvm_prf_bits                
20000000  __start___llvm_prf_cnts                
20000000  __stop___llvm_prf_bits                 
20000000  __stop___llvm_prf_cnts                 
00000b9d  __subdf3                               
000012bd  __subsf3                               
00002531  _c_int00_noargs                        
UNDEFED   _system_post_cinit                     
00002699  _system_pre_init                       
0000269d  abort                                  
20000108  acc_cfg                                
20000000  accel_history                          
20000200  acceldata                              
20000224  bDownstate                             
20000206  bSensitivityLevel                      
20000225  bUpstate                               
ffffffff  binit                                  
00001469  bma530Accel_init                       
00001b59  bma530_get_int_map                     
00001d3d  bma530_init                            
0000169d  bma530_readAccel                       
00001889  bma530_set_int_map                     
00002065  bma5_delay_us                          
000019bd  bma5_get_acc                           
00001ad9  bma5_get_acc_conf                      
000020c1  bma5_get_acc_conf_0                    
00001539  bma5_get_int_conf                      
00000d31  bma5_get_regs                          
00001e11  bma5_get_sensor_status                 
00002617  bma5_i2c_read                          
0000262b  bma5_i2c_write                         
000007a5  bma5_interface_init                    
00001c51  bma5_set_acc_conf                      
000021ad  bma5_set_acc_conf_0                    
000015f1  bma5_set_int_conf                      
00002169  bma5_set_regs                          
200001f4  cami_accel                             
20000078  current_accel                          
20000090  dev                                    
2000021c  downCnt_zAxis                          
2000011c  drop                                   
20000150  fishcheckCnt                           
20000120  gCnt_100ms                             
2000011b  gI2cControllerStatus                   
20000124  gRxCount                               
20000128  gRxLen                                 
200000bc  gRxPacket                              
2000014f  gTogglePolicy                          
2000012c  gTxCount                               
20000130  gTxLen                                 
200001e4  gTxPacket                              
20000134  gVerticalCnt_100ms                     
20000138  int_config                             
200000da  int_map                                
200000cc  int_status                             
00000000  interruptVectors                       
200000e8  ledOff_lux                             
200000f0  ledOn_lux                              
20000229  loop                                   
20000152  lowVoltCnt                             
2000013c  low_freq                               
200000f8  lux                                    
000000c1  main                                   
20000154  mantissa                               
00001923  memcpy                                 
2000021e  modeCheckCnt                           
20000156  modeSel                                
00000e25  mspm0c1103_I2C_read                    
00001745  mspm0c1103_I2C_write                   
20000160  myexp                                  
2000022a  n_conf                                 
20000158  opt300checkCnt                         
2000015a  optBrightCnt                           
2000015c  optDarkCnt                             
20000100  optlux                                 
20000140  prev_raw_z                             
20000144  raw_z                                  
2000015e  readValue                              
20000161  resAddr                                
20000162  rslt                                   
20000110  sens_data                              
20000163  sensor_ctrl                            
20000220  significant_movement_count             
2000014c  status                                 
20000164  temp_buf                               
200000a8  testcnt                                
20000218  threshold_level_z                      
000011d9  ti_opt3007_I2C_read                    
000017ed  ti_opt3007_I2C_write                   
00000f19  ti_opt3007_assignRegistermap           
0000211d  ti_opt3007_deviceRegister_write        
00001edd  ti_opt3007_readLux                     
0000265d  ti_opt3007_setRn                       
00002669  ti_opt3007_setSensorContinuous         
00002675  ti_opt3007_setSensorConversionTime100mS
20000116  txBuffer                               
20000222  upCnt_zAxis                            
20000148  z_delta                                


GLOBAL SYMBOLS: SORTED BY Symbol Address 

address   name                                   
-------   ----                                   
00000000  __TI_ATRegion0_region_sz               
00000000  __TI_ATRegion0_src_addr                
00000000  __TI_ATRegion0_trg_addr                
00000000  __TI_ATRegion1_region_sz               
00000000  __TI_ATRegion1_src_addr                
00000000  __TI_ATRegion1_trg_addr                
00000000  __TI_ATRegion2_region_sz               
00000000  __TI_ATRegion2_src_addr                
00000000  __TI_ATRegion2_trg_addr                
00000000  __TI_static_base__                     
00000000  interruptVectors                       
00000040  __STACK_SIZE                           
000000c1  main                                   
000007a5  bma5_interface_init                    
00000b9d  __aeabi_dsub                           
00000b9d  __subdf3                               
00000ba7  __adddf3                               
00000ba7  __aeabi_dadd                           
00000d2f  ADC0_IRQHandler                        
00000d2f  DMA_IRQHandler                         
00000d2f  Default_Handler                        
00000d2f  GPIOA_IRQHandler                       
00000d2f  GROUP0_IRQHandler                      
00000d2f  HardFault_Handler                      
00000d2f  NMI_Handler                            
00000d2f  PendSV_Handler                         
00000d2f  SPI0_IRQHandler                        
00000d2f  SVC_Handler                            
00000d2f  SysTick_Handler                        
00000d2f  TIMA0_IRQHandler                       
00000d2f  UART0_IRQHandler                       
00000d31  bma5_get_regs                          
00000e25  mspm0c1103_I2C_read                    
00000f19  ti_opt3007_assignRegistermap           
0000100d  DL_Timer_initTimerMode                 
000010f5  __aeabi_dmul                           
000010f5  __muldf3                               
000011d9  ti_opt3007_I2C_read                    
000012bd  __aeabi_fsub                           
000012bd  __subsf3                               
000012c7  __addsf3                               
000012c7  __aeabi_fadd                           
00001395  I2C0_IRQHandler                        
00001469  bma530Accel_init                       
00001539  bma5_get_int_conf                      
000015f1  bma5_set_int_conf                      
0000169b  __aeabi_idiv0                          
0000169d  bma530_readAccel                       
00001745  mspm0c1103_I2C_write                   
000017ed  ti_opt3007_I2C_write                   
00001889  bma530_set_int_map                     
00001923  memcpy                                 
000019bd  bma5_get_acc                           
00001a4d  __aeabi_fmul                           
00001a4d  __mulsf3                               
00001ad9  bma5_get_acc_conf                      
00001b59  bma530_get_int_map                     
00001bd5  __TI_decompress_lzss                   
00001c51  bma5_set_acc_conf                      
00001cc9  __gedf2                                
00001cc9  __gtdf2                                
00001d3d  bma530_init                            
00001da9  __cmpdf2                               
00001da9  __eqdf2                                
00001da9  __ledf2                                
00001da9  __ltdf2                                
00001da9  __nedf2                                
00001e11  bma5_get_sensor_status                 
00001e79  SYSCFG_DL_I2C_init                     
00001edd  ti_opt3007_readLux                     
00001f41  __aeabi_dcmpeq                         
00001f55  __aeabi_dcmplt                         
00001f69  __aeabi_dcmple                         
00001f7d  __aeabi_dcmpge                         
00001f91  __aeabi_dcmpgt                         
00001fa5  __aeabi_fcmpeq                         
00001fb9  __aeabi_fcmplt                         
00001fcd  __aeabi_fcmple                         
00001fe1  __aeabi_fcmpge                         
00001ff5  __aeabi_fcmpgt                         
00002007  DL_I2C_fillControllerTXFIFO            
00002065  bma5_delay_us                          
000020c1  bma5_get_acc_conf_0                    
0000211d  ti_opt3007_deviceRegister_write        
00002169  bma5_set_regs                          
000021ad  bma5_set_acc_conf_0                    
000021f1  SYSCFG_DL_SYSCTL_init                  
00002231  SYSCFG_DL_initPower                    
00002271  TIMG14_IRQHandler                      
000022b1  __aeabi_uidiv                          
000022b1  __aeabi_uidivmod                       
000022f1  __aeabi_f2d                            
000022f1  __extendsfdf2                          
00002331  __aeabi_i2f                            
00002331  __floatsisf                            
0000236d  __gesf2                                
0000236d  __gtsf2                                
000023a9  __TI_auto_init_nobinit_nopinit         
000023e5  __cmpsf2                               
000023e5  __eqsf2                                
000023e5  __lesf2                                
000023e5  __ltsf2                                
000023e5  __nesf2                                
00002421  __muldsi3                              
0000245d  DL_SYSCTL_switchMCLKfromLFCLKtoSYSOSC  
00002495  SYSCFG_DL_TIMER_0_init                 
000024cd  SYSCFG_DL_TIMER_1_init                 
00002505  __aeabi_i2d                            
00002505  __floatsidf                            
00002531  _c_int00_noargs                        
00002559  DL_I2C_setClockConfig                  
00002581  SYSCFG_DL_GPIO_init                    
000025a5  __aeabi_ui2d                           
000025a5  __floatunsidf                          
000025c9  DL_Timer_setClockConfig                
000025e5  SYSCFG_DL_init                         
00002601  __TI_zero_init_nomemset                
00002617  bma5_i2c_read                          
0000262b  bma5_i2c_write                         
0000263f  __TI_decompress_none                   
00002651  TIMG8_IRQHandler                       
0000265d  ti_opt3007_setRn                       
00002669  ti_opt3007_setSensorContinuous         
00002675  ti_opt3007_setSensorConversionTime100mS
00002681  DL_Common_delayCycles                  
0000268d  __aeabi_memcpy                         
0000268d  __aeabi_memcpy4                        
0000268d  __aeabi_memcpy8                        
00002695  Reset_Handler                          
00002699  _system_pre_init                       
0000269c  C$$EXIT                                
0000269d  abort                                  
000026e4  __TI_Handler_Table_Base                
000026f0  __TI_Handler_Table_Limit               
000026f8  __TI_CINIT_Base                        
00002708  __TI_CINIT_Limit                       
00002708  __TI_CINIT_Warm                        
20000000  __start___llvm_prf_bits                
20000000  __start___llvm_prf_cnts                
20000000  __stop___llvm_prf_bits                 
20000000  __stop___llvm_prf_cnts                 
20000000  accel_history                          
20000078  current_accel                          
20000090  dev                                    
200000a8  testcnt                                
200000bc  gRxPacket                              
200000cc  int_status                             
200000da  int_map                                
200000e8  ledOff_lux                             
200000f0  ledOn_lux                              
200000f8  lux                                    
20000100  optlux                                 
20000108  acc_cfg                                
20000110  sens_data                              
20000116  txBuffer                               
2000011b  gI2cControllerStatus                   
2000011c  drop                                   
20000120  gCnt_100ms                             
20000124  gRxCount                               
20000128  gRxLen                                 
2000012c  gTxCount                               
20000130  gTxLen                                 
20000134  gVerticalCnt_100ms                     
20000138  int_config                             
2000013c  low_freq                               
20000140  prev_raw_z                             
20000144  raw_z                                  
20000148  z_delta                                
2000014c  status                                 
2000014f  gTogglePolicy                          
20000150  fishcheckCnt                           
20000152  lowVoltCnt                             
20000154  mantissa                               
20000156  modeSel                                
20000158  opt300checkCnt                         
2000015a  optBrightCnt                           
2000015c  optDarkCnt                             
2000015e  readValue                              
20000160  myexp                                  
20000161  resAddr                                
20000162  rslt                                   
20000163  sensor_ctrl                            
20000164  temp_buf                               
200001e4  gTxPacket                              
200001f4  cami_accel                             
20000200  acceldata                              
20000206  bSensitivityLevel                      
20000218  threshold_level_z                      
2000021c  downCnt_zAxis                          
2000021e  modeCheckCnt                           
20000220  significant_movement_count             
20000222  upCnt_zAxis                            
20000224  bDownstate                             
20000225  bUpstate                               
20000229  loop                                   
2000022a  n_conf                                 
200003c0  __stack                                
20000400  __STACK_END                            
ffffffff  __TI_pprof_out_hndl                    
ffffffff  __TI_prof_data_size                    
ffffffff  __TI_prof_data_start                   
ffffffff  __binit__                              
ffffffff  binit                                  
UNDEFED   __mpu_init                             
UNDEFED   _system_post_cinit                     

[205 symbols]
