******************************************************************************
            TI ARM Clang Linker PC v4.0.1                      
******************************************************************************
>> Linked Thu Jun 12 22:35:15 2025

OUTPUT FILE NAME:   <cami_MSPM0C1103_BMA530.out>
ENTRY POINT SYMBOL: "_c_int00_noargs"  address: 00000b2d


MEMORY CONFIGURATION

         name            origin    length      used     unused   attr    fill
----------------------  --------  ---------  --------  --------  ----  --------
  FLASH                 00000000   00002000  00000ca0  00001360  R  X
  SRAM                  20000000   00000400  00000087  00000379  RW X
  BCR_CONFIG            41c00000   00000080  00000000  00000080  R   


SEGMENT ALLOCATION MAP

run origin  load origin   length   init length attrs members
----------  ----------- ---------- ----------- ----- -------
00000000    00000000    00000ca0   00000ca0    r-x
  00000000    00000000    000000c0   000000c0    r-- .intvecs
  000000c0    000000c0    00000b90   00000b90    r-x .text
  00000c50    00000c50    00000020   00000020    r-- .rodata
  00000c70    00000c70    00000030   00000030    r-- .cinit
20000000    20000000    00000048   00000000    rw-
  20000000    20000000    00000033   00000000    rw- .bss
  20000034    20000034    00000014   00000000    rw- .data
200003c0    200003c0    00000040   00000000    rw-
  200003c0    200003c0    00000040   00000000    rw- .stack


SECTION ALLOCATION MAP

 output                                  attributes/
section   page    origin      length       input sections
--------  ----  ----------  ----------   ----------------
.intvecs   0    00000000    000000c0     
                  00000000    000000c0     startup_mspm0c110x_ticlang.o (.intvecs)

.text      0    000000c0    00000b90     
                  000000c0    00000110     main.o (.text.main)
                  000001d0    000000f4     opt3007_registers.o (.text.ti_opt3007_assignRegistermap)
                  000002c4    000000e8     driverlib.a : dl_timer.o (.text.DL_Timer_initTimerMode)
                  000003ac    000000e4     libclang_rt.builtins.a : muldf3.S.obj (.text.__muldf3)
                  00000490    000000e4     opt3007_hostControl.o (.text.ti_opt3007_I2C_read)
                  00000574    000000d4     main.o (.text.I2C0_IRQHandler)
                  00000648    0000009c     opt3007_hostControl.o (.text.ti_opt3007_I2C_write)
                  000006e4    0000009a     libc.a : memcpy16.S.obj (.text:memcpy)
                  0000077e    00000002     startup_mspm0c110x_ticlang.o (.text.Default_Handler)
                  00000780    0000007c     libc.a : copy_decompress_lzss.c.obj (.text:decompress:lzss)
                  000007fc    0000005e     driverlib.a : dl_i2c.o (.text.DL_I2C_fillControllerTXFIFO)
                  0000085a    00000002     --HOLE-- [fill = 0]
                  0000085c    00000058     ti_msp_dl_config.o (.text.SYSCFG_DL_I2C_init)
                  000008b4    0000004c     opt3007_registers.o (.text.ti_opt3007_deviceRegister_write)
                  00000900    00000044     opt3007_functions.o (.text.ti_opt3007_readLux)
                  00000944    00000040     ti_msp_dl_config.o (.text.SYSCFG_DL_SYSCTL_init)
                  00000984    0000003c     libc.a : autoinit.c.obj (.text:__TI_auto_init_nobinit_nopinit)
                  000009c0    0000003a     libclang_rt.builtins.a : muldsi3.S.obj (.text.__muldsi3)
                  000009fa    00000002     --HOLE-- [fill = 0]
                  000009fc    00000038     driverlib.a : dl_sysctl_mspm0c110x.o (.text.DL_SYSCTL_switchMCLKfromLFCLKtoSYSOSC)
                  00000a34    00000038     ti_msp_dl_config.o (.text.SYSCFG_DL_GPIO_init)
                  00000a6c    00000038     ti_msp_dl_config.o (.text.SYSCFG_DL_TIMER_0_init)
                  00000aa4    00000034     ti_msp_dl_config.o (.text.SYSCFG_DL_initPower)
                  00000ad8    0000002c     libclang_rt.builtins.a : floatsidf.S.obj (.text.__floatsidf)
                  00000b04    00000028     main.o (.text.TIMG14_IRQHandler)
                  00000b2c    00000028     libc.a : boot_cortex_m.c.obj (.text:_c_int00_noargs)
                  00000b54    00000026     driverlib.a : dl_i2c.o (.text.DL_I2C_setClockConfig)
                  00000b7a    00000002     --HOLE-- [fill = 0]
                  00000b7c    00000024     libclang_rt.builtins.a : floatunsidf.S.obj (.text.__floatunsidf)
                  00000ba0    0000001c     driverlib.a : dl_timer.o (.text.DL_Timer_setClockConfig)
                  00000bbc    00000018     ti_msp_dl_config.o (.text.SYSCFG_DL_init)
                  00000bd4    00000016     libc.a : copy_zero_init.c.obj (.text:decompress:ZI:__TI_zero_init_nomemset)
                  00000bea    00000012            : copy_decompress_none.c.obj (.text:decompress:none)
                  00000bfc    0000000c     opt3007_functions.o (.text.ti_opt3007_setRn)
                  00000c08    0000000c     opt3007_functions.o (.text.ti_opt3007_setSensorContinuous)
                  00000c14    0000000c     opt3007_functions.o (.text.ti_opt3007_setSensorConversionTime100mS)
                  00000c20    0000000c     opt3007_functions.o (.text.ti_opt3007_setSensorSingleShot)
                  00000c2c    0000000a     driverlib.a : dl_common.o (.text.DL_Common_delayCycles)
                  00000c36    00000002     --HOLE-- [fill = 0]
                  00000c38    00000008     libclang_rt.builtins.a : aeabi_memcpy.S.obj (.text.__aeabi_memcpy)
                  00000c40    00000004     startup_mspm0c110x_ticlang.o (.text.Reset_Handler)
                  00000c44    00000004     libc.a : pre_init.c.obj (.text._system_pre_init)
                  00000c48    00000004            : exit.c.obj (.text:abort)
                  00000c4c    00000004     --HOLE-- [fill = 0]

.cinit     0    00000c70    00000030     
                  00000c70    0000000c     (__TI_handler_table)
                  00000c7c    0000000a     (.cinit..data.load) [load image, compression = lzss]
                  00000c86    00000002     --HOLE-- [fill = 0]
                  00000c88    00000008     (.cinit..bss.load) [load image, compression = zero_init]
                  00000c90    00000010     (__TI_cinit_table)

.rodata    0    00000c50    00000020     
                  00000c50    00000014     ti_msp_dl_config.o (.rodata.gTIMER_0TimerConfig)
                  00000c64    00000003     ti_msp_dl_config.o (.rodata.gTIMER_0ClockConfig)
                  00000c67    00000002     ti_msp_dl_config.o (.rodata.gI2CClockConfig)
                  00000c69    00000007     --HOLE-- [fill = 0]

.init_array 
*          0    00000000    00000000     UNINITIALIZED

.binit     0    00000000    00000000     

.bss       0    20000000    00000033     UNINITIALIZED
                  20000000    00000010     (.common:gRxPacket)
                  20000010    00000008     (.common:optlux)
                  20000018    00000005     (.common:txBuffer)
                  2000001d    00000001     (.common:gI2cControllerStatus)
                  2000001e    00000002     (.common:opt300checkCnt)
                  20000020    00000004     (.common:gRxCount)
                  20000024    00000004     (.common:gRxLen)
                  20000028    00000004     (.common:gTxCount)
                  2000002c    00000004     (.common:gTxLen)
                  20000030    00000001     (.common:gToggleLed)
                  20000031    00000001     (.common:gTogglePolicy)
                  20000032    00000001     (.common:resAddr)

.data      0    20000034    00000014     UNINITIALIZED
                  20000034    00000010     main.o (.data.gTxPacket)
                  20000044    00000004     main.o (.data.TIMG14_IRQHandler.count)

.stack     0    200003c0    00000040     UNINITIALIZED
                  200003c0    00000004     libc.a : boot_cortex_m.c.obj (.stack)
                  200003c4    0000003c     --HOLE--

__llvm_prf_cnts 
*          0    20000000    00000000     UNINITIALIZED

__llvm_prf_bits 
*          0    20000000    00000000     UNINITIALIZED

MODULE SUMMARY

       Module                         code   ro data   rw data
       ------                         ----   -------   -------
    .\
       ti_msp_dl_config.o             340    25        0      
       startup_mspm0c110x_ticlang.o   6      192       0      
    +--+------------------------------+------+---------+---------+
       Total:                         346    217       0      
                                                              
    .\application\
       main.o                         524    0         65     
       opt3007_hostControl.o          384    0         6      
       opt3007_registers.o            320    0         0      
       opt3007_functions.o            116    0         0      
    +--+------------------------------+------+---------+---------+
       Total:                         1344   0         71     
                                                              
    C:/ti/mspm0_sdk_2_03_00_07/source/ti/driverlib/lib/ticlang/m0p/mspm0c110x/driverlib.a
       dl_timer.o                     260    0         0      
       dl_i2c.o                       132    0         0      
       dl_sysctl_mspm0c110x.o         56     0         0      
       dl_common.o                    10     0         0      
    +--+------------------------------+------+---------+---------+
       Total:                         458    0         0      
                                                              
    C:\ti\ccs2001\ccs\tools\compiler\ti-cgt-armllvm_4.0.1.LTS\lib\armv6m-ti-none-eabi/c/libc.a
       memcpy16.S.obj                 154    0         0      
       copy_decompress_lzss.c.obj     124    0         0      
       autoinit.c.obj                 60     0         0      
       boot_cortex_m.c.obj            40     0         0      
       copy_zero_init.c.obj           22     0         0      
       copy_decompress_none.c.obj     18     0         0      
       exit.c.obj                     4      0         0      
       pre_init.c.obj                 4      0         0      
    +--+------------------------------+------+---------+---------+
       Total:                         426    0         0      
                                                              
    C:\ti\ccs2001\ccs\tools\compiler\ti-cgt-armllvm_4.0.1.LTS\lib\armv6m-ti-none-eabi/libclang_rt.builtins.a
       muldf3.S.obj                   228    0         0      
       muldsi3.S.obj                  58     0         0      
       floatsidf.S.obj                44     0         0      
       floatunsidf.S.obj              36     0         0      
       aeabi_memcpy.S.obj             8      0         0      
    +--+------------------------------+------+---------+---------+
       Total:                         374    0         0      
                                                              
       Stack:                         0      0         64     
       Linker Generated:              0      46        0      
    +--+------------------------------+------+---------+---------+
       Grand Total:                   2948   263       135    


LINKER GENERATED COPY TABLES

__TI_cinit_table @ 00000c90 records: 2, size/record: 8, table size: 16
	.data: load addr=00000c7c, load size=0000000a bytes, run addr=20000034, run size=00000014 bytes, compression=lzss
	.bss: load addr=00000c88, load size=00000008 bytes, run addr=20000000, run size=00000033 bytes, compression=zero_init


LINKER GENERATED HANDLER TABLE

__TI_handler_table @ 00000c70 records: 3, size/record: 4, table size: 12
	index: 0, handler: __TI_decompress_lzss
	index: 1, handler: __TI_decompress_none
	index: 2, handler: __TI_zero_init


GLOBAL SYMBOLS: SORTED ALPHABETICALLY BY Name 

address   name                                   
-------   ----                                   
0000077f  ADC0_IRQHandler                        
00000c48  C$$EXIT                                
00000c2d  DL_Common_delayCycles                  
000007fd  DL_I2C_fillControllerTXFIFO            
00000b55  DL_I2C_setClockConfig                  
000009fd  DL_SYSCTL_switchMCLKfromLFCLKtoSYSOSC  
000002c5  DL_Timer_initTimerMode                 
00000ba1  DL_Timer_setClockConfig                
0000077f  DMA_IRQHandler                         
0000077f  Default_Handler                        
0000077f  GPIOA_IRQHandler                       
0000077f  GROUP0_IRQHandler                      
0000077f  HardFault_Handler                      
00000575  I2C0_IRQHandler                        
0000077f  NMI_Handler                            
0000077f  PendSV_Handler                         
00000c41  Reset_Handler                          
0000077f  SPI0_IRQHandler                        
0000077f  SVC_Handler                            
00000a35  SYSCFG_DL_GPIO_init                    
0000085d  SYSCFG_DL_I2C_init                     
00000945  SYSCFG_DL_SYSCTL_init                  
00000a6d  SYSCFG_DL_TIMER_0_init                 
00000bbd  SYSCFG_DL_init                         
00000aa5  SYSCFG_DL_initPower                    
0000077f  SysTick_Handler                        
0000077f  TIMA0_IRQHandler                       
00000b05  TIMG14_IRQHandler                      
0000077f  TIMG8_IRQHandler                       
0000077f  UART0_IRQHandler                       
20000400  __STACK_END                            
00000040  __STACK_SIZE                           
00000000  __TI_ATRegion0_region_sz               
00000000  __TI_ATRegion0_src_addr                
00000000  __TI_ATRegion0_trg_addr                
00000000  __TI_ATRegion1_region_sz               
00000000  __TI_ATRegion1_src_addr                
00000000  __TI_ATRegion1_trg_addr                
00000000  __TI_ATRegion2_region_sz               
00000000  __TI_ATRegion2_src_addr                
00000000  __TI_ATRegion2_trg_addr                
00000c90  __TI_CINIT_Base                        
00000ca0  __TI_CINIT_Limit                       
00000ca0  __TI_CINIT_Warm                        
00000c70  __TI_Handler_Table_Base                
00000c7c  __TI_Handler_Table_Limit               
00000985  __TI_auto_init_nobinit_nopinit         
00000781  __TI_decompress_lzss                   
00000beb  __TI_decompress_none                   
ffffffff  __TI_pprof_out_hndl                    
ffffffff  __TI_prof_data_size                    
ffffffff  __TI_prof_data_start                   
00000000  __TI_static_base__                     
00000bd5  __TI_zero_init_nomemset                
000003ad  __aeabi_dmul                           
00000ad9  __aeabi_i2d                            
00000c39  __aeabi_memcpy                         
00000c39  __aeabi_memcpy4                        
00000c39  __aeabi_memcpy8                        
00000b7d  __aeabi_ui2d                           
ffffffff  __binit__                              
00000ad9  __floatsidf                            
00000b7d  __floatunsidf                          
UNDEFED   __mpu_init                             
000003ad  __muldf3                               
000009c1  __muldsi3                              
200003c0  __stack                                
20000000  __start___llvm_prf_bits                
20000000  __start___llvm_prf_cnts                
20000000  __stop___llvm_prf_bits                 
20000000  __stop___llvm_prf_cnts                 
00000b2d  _c_int00_noargs                        
UNDEFED   _system_post_cinit                     
00000c45  _system_pre_init                       
00000c49  abort                                  
ffffffff  binit                                  
2000001d  gI2cControllerStatus                   
20000020  gRxCount                               
20000024  gRxLen                                 
20000000  gRxPacket                              
20000030  gToggleLed                             
20000031  gTogglePolicy                          
20000028  gTxCount                               
2000002c  gTxLen                                 
20000034  gTxPacket                              
00000000  interruptVectors                       
000000c1  main                                   
000006e5  memcpy                                 
2000001e  opt300checkCnt                         
20000010  optlux                                 
20000032  resAddr                                
00000491  ti_opt3007_I2C_read                    
00000649  ti_opt3007_I2C_write                   
000001d1  ti_opt3007_assignRegistermap           
000008b5  ti_opt3007_deviceRegister_write        
00000901  ti_opt3007_readLux                     
00000bfd  ti_opt3007_setRn                       
00000c09  ti_opt3007_setSensorContinuous         
00000c15  ti_opt3007_setSensorConversionTime100mS
00000c21  ti_opt3007_setSensorSingleShot         
20000018  txBuffer                               


GLOBAL SYMBOLS: SORTED BY Symbol Address 

address   name                                   
-------   ----                                   
00000000  __TI_ATRegion0_region_sz               
00000000  __TI_ATRegion0_src_addr                
00000000  __TI_ATRegion0_trg_addr                
00000000  __TI_ATRegion1_region_sz               
00000000  __TI_ATRegion1_src_addr                
00000000  __TI_ATRegion1_trg_addr                
00000000  __TI_ATRegion2_region_sz               
00000000  __TI_ATRegion2_src_addr                
00000000  __TI_ATRegion2_trg_addr                
00000000  __TI_static_base__                     
00000000  interruptVectors                       
00000040  __STACK_SIZE                           
000000c1  main                                   
000001d1  ti_opt3007_assignRegistermap           
000002c5  DL_Timer_initTimerMode                 
000003ad  __aeabi_dmul                           
000003ad  __muldf3                               
00000491  ti_opt3007_I2C_read                    
00000575  I2C0_IRQHandler                        
00000649  ti_opt3007_I2C_write                   
000006e5  memcpy                                 
0000077f  ADC0_IRQHandler                        
0000077f  DMA_IRQHandler                         
0000077f  Default_Handler                        
0000077f  GPIOA_IRQHandler                       
0000077f  GROUP0_IRQHandler                      
0000077f  HardFault_Handler                      
0000077f  NMI_Handler                            
0000077f  PendSV_Handler                         
0000077f  SPI0_IRQHandler                        
0000077f  SVC_Handler                            
0000077f  SysTick_Handler                        
0000077f  TIMA0_IRQHandler                       
0000077f  TIMG8_IRQHandler                       
0000077f  UART0_IRQHandler                       
00000781  __TI_decompress_lzss                   
000007fd  DL_I2C_fillControllerTXFIFO            
0000085d  SYSCFG_DL_I2C_init                     
000008b5  ti_opt3007_deviceRegister_write        
00000901  ti_opt3007_readLux                     
00000945  SYSCFG_DL_SYSCTL_init                  
00000985  __TI_auto_init_nobinit_nopinit         
000009c1  __muldsi3                              
000009fd  DL_SYSCTL_switchMCLKfromLFCLKtoSYSOSC  
00000a35  SYSCFG_DL_GPIO_init                    
00000a6d  SYSCFG_DL_TIMER_0_init                 
00000aa5  SYSCFG_DL_initPower                    
00000ad9  __aeabi_i2d                            
00000ad9  __floatsidf                            
00000b05  TIMG14_IRQHandler                      
00000b2d  _c_int00_noargs                        
00000b55  DL_I2C_setClockConfig                  
00000b7d  __aeabi_ui2d                           
00000b7d  __floatunsidf                          
00000ba1  DL_Timer_setClockConfig                
00000bbd  SYSCFG_DL_init                         
00000bd5  __TI_zero_init_nomemset                
00000beb  __TI_decompress_none                   
00000bfd  ti_opt3007_setRn                       
00000c09  ti_opt3007_setSensorContinuous         
00000c15  ti_opt3007_setSensorConversionTime100mS
00000c21  ti_opt3007_setSensorSingleShot         
00000c2d  DL_Common_delayCycles                  
00000c39  __aeabi_memcpy                         
00000c39  __aeabi_memcpy4                        
00000c39  __aeabi_memcpy8                        
00000c41  Reset_Handler                          
00000c45  _system_pre_init                       
00000c48  C$$EXIT                                
00000c49  abort                                  
00000c70  __TI_Handler_Table_Base                
00000c7c  __TI_Handler_Table_Limit               
00000c90  __TI_CINIT_Base                        
00000ca0  __TI_CINIT_Limit                       
00000ca0  __TI_CINIT_Warm                        
20000000  __start___llvm_prf_bits                
20000000  __start___llvm_prf_cnts                
20000000  __stop___llvm_prf_bits                 
20000000  __stop___llvm_prf_cnts                 
20000000  gRxPacket                              
20000010  optlux                                 
20000018  txBuffer                               
2000001d  gI2cControllerStatus                   
2000001e  opt300checkCnt                         
20000020  gRxCount                               
20000024  gRxLen                                 
20000028  gTxCount                               
2000002c  gTxLen                                 
20000030  gToggleLed                             
20000031  gTogglePolicy                          
20000032  resAddr                                
20000034  gTxPacket                              
200003c0  __stack                                
20000400  __STACK_END                            
ffffffff  __TI_pprof_out_hndl                    
ffffffff  __TI_prof_data_size                    
ffffffff  __TI_prof_data_start                   
ffffffff  __binit__                              
ffffffff  binit                                  
UNDEFED   __mpu_init                             
UNDEFED   _system_post_cinit                     

[101 symbols]
