******************************************************************************
            TI ARM Clang Linker PC v4.0.1                      
******************************************************************************
>> Linked Fri Feb 21 15:11:31 2025

OUTPUT FILE NAME:   <cami_MSPM0C1103.out>
ENTRY POINT SYMBOL: "_c_int00_noargs"  address: 00001cc9


MEMORY CONFIGURATION

         name            origin    length      used     unused   attr    fill
----------------------  --------  ---------  --------  --------  ----  --------
  FLASH                 00000000   00002000  00001e60  000001a0  R  X
  SRAM                  20000000   00000400  0000010a  000002f6  RW X
  BCR_CONFIG            41c00000   00000080  00000000  00000080  R   


SEGMENT ALLOCATION MAP

run origin  load origin   length   init length attrs members
----------  ----------- ---------- ----------- ----- -------
00000000    00000000    00001e60   00001e60    r-x
  00000000    00000000    000000c0   000000c0    r-- .intvecs
  000000c0    000000c0    00001d40   00001d40    r-x .text
  00001e00    00001e00    00000030   00000030    r-- .rodata
  00001e30    00001e30    00000030   00000030    r-- .cinit
20000000    20000000    000000cb   00000000    rw-
  20000000    20000000    000000a7   00000000    rw- .bss
  200000a8    200000a8    00000023   00000000    rw- .data
200003c0    200003c0    00000040   00000000    rw-
  200003c0    200003c0    00000040   00000000    rw- .stack


SECTION ALLOCATION MAP

 output                                  attributes/
section   page    origin      length       input sections
--------  ----  ----------  ----------   ----------------
.intvecs   0    00000000    000000c0     
                  00000000    000000c0     startup_mspm0c110x_ticlang.o (.intvecs)

.text      0    000000c0    00001d40     
                  000000c0    000003f8     common.o (.text.bma5_interface_init)
                  000004b8    0000012c     main.o (.text.main)
                  000005e4    000000f4     opt3007_registers.o (.text.ti_opt3007_assignRegistermap)
                  000006d8    000000f0     bma5.o (.text.bma5_get_regs)
                  000007c8    000000ec     accelerometer.o (.text.bma530_readAccel)
                  000008b4    000000e8     driverlib.a : dl_timer.o (.text.DL_Timer_initTimerMode)
                  0000099c    000000e8     common.o (.text.mspm0c1103_I2C_read)
                  00000a84    000000e4     bma5.o (.text.bma5_get_int_conf)
                  00000b68    000000e0     opt3007_hostControl.o (.text.ti_opt3007_I2C_read)
                  00000c48    000000d8     libclang_rt.builtins.a : addsf3.S.obj (.text)
                  00000d20    000000d4     main.o (.text.I2C0_IRQHandler)
                  00000df4    000000d0     accelerometer.o (.text.bma530Accel_init)
                  00000ec4    000000cc     bma530.o (.text.bma530_set_int_status)
                  00000f90    000000b4     opt3007_hostControl.o (.text.ti_opt3007_I2C_write)
                  00001044    000000aa     bma5.o (.text.bma5_set_int_conf)
                  000010ee    00000002     startup_mspm0c110x_ticlang.o (.text.Default_Handler)
                  000010f0    000000a8     common.o (.text.mspm0c1103_I2C_write)
                  00001198    000000a4     bma530.o (.text.bma530_get_int_status)
                  0000123c    0000009a     bma530.o (.text.bma530_set_int_map)
                  000012d6    0000009a     libc.a : memcpy16.S.obj (.text:memcpy)
                  00001370    0000008c     libclang_rt.builtins.a : mulsf3.S.obj (.text.__mulsf3)
                  000013fc    00000088     bma5.o (.text.bma5_get_acc_conf)
                  00001484    0000007c     bma530.o (.text.bma530_get_int_map)
                  00001500    0000007c     bma5.o (.text.bma5_get_acc)
                  0000157c    0000007c     libc.a : copy_decompress_lzss.c.obj (.text:decompress:lzss)
                  000015f8    00000076     bma5.o (.text.bma5_set_acc_conf)
                  0000166e    00000070     bma5.o (.text.bma5_get_sensor_status)
                  000016de    0000006c     bma530_features.o (.text.bma530_init)
                  0000174a    00000064     bma5.o (.text.bma5_get_acc_conf_0)
                  000017ae    00000062     libc.a : memset16.S.obj (.text:memset)
                  00001810    0000005e     driverlib.a : dl_i2c.o (.text.DL_I2C_fillControllerTXFIFO)
                  0000186e    0000005c     common.o (.text.bma5_delay_us)
                  000018ca    00000002     libclang_rt.builtins.a : aeabi_div0.c.obj (.text.__aeabi_idiv0)
                  000018cc    00000058     ti_msp_dl_config.o (.text.SYSCFG_DL_I2C_init)
                  00001924    00000050     bma5.o (.text.bma5_set_sensor_status)
                  00001974    0000004c     opt3007_registers.o (.text.ti_opt3007_deviceRegister_write)
                  000019c0    00000044     bma5.o (.text.bma5_set_regs)
                  00001a04    00000042     bma5.o (.text.bma5_set_acc_conf_0)
                  00001a46    00000002     --HOLE-- [fill = 0]
                  00001a48    00000040     ti_msp_dl_config.o (.text.SYSCFG_DL_SYSCTL_init)
                  00001a88    00000040     ti_msp_dl_config.o (.text.SYSCFG_DL_initPower)
                  00001ac8    00000040     libclang_rt.builtins.a : aeabi_uidivmod.S.obj (.text.__aeabi_uidivmod)
                  00001b08    0000003c                            : floatsisf.S.obj (.text.__floatsisf)
                  00001b44    0000003c     libc.a : autoinit.c.obj (.text:__TI_auto_init_nobinit_nopinit)
                  00001b80    0000003a     libclang_rt.builtins.a : muldsi3.S.obj (.text.__muldsi3)
                  00001bba    00000002     --HOLE-- [fill = 0]
                  00001bbc    00000038     driverlib.a : dl_sysctl_mspm0c110x.o (.text.DL_SYSCTL_switchMCLKfromLFCLKtoSYSOSC)
                  00001bf4    00000038     ti_msp_dl_config.o (.text.SYSCFG_DL_GPIO_init)
                  00001c2c    00000038     ti_msp_dl_config.o (.text.SYSCFG_DL_TIMER_0_init)
                  00001c64    00000038     ti_msp_dl_config.o (.text.SYSCFG_DL_TIMER_1_init)
                  00001c9c    0000002c     main.o (.text.TIMG14_IRQHandler)
                  00001cc8    00000028     libc.a : boot_cortex_m.c.obj (.text:_c_int00_noargs)
                  00001cf0    00000026     driverlib.a : dl_i2c.o (.text.DL_I2C_setClockConfig)
                  00001d16    00000002     --HOLE-- [fill = 0]
                  00001d18    0000001c                 : dl_timer.o (.text.DL_Timer_setClockConfig)
                  00001d34    0000001c     ti_msp_dl_config.o (.text.SYSCFG_DL_init)
                  00001d50    0000001c     main.o (.text.TIMG8_IRQHandler)
                  00001d6c    00000016     libc.a : copy_zero_init.c.obj (.text:decompress:ZI:__TI_zero_init_nomemset)
                  00001d82    00000014     common.o (.text.bma5_i2c_read)
                  00001d96    00000014     common.o (.text.bma5_i2c_write)
                  00001daa    00000012     libc.a : copy_decompress_none.c.obj (.text:decompress:none)
                  00001dbc    0000000c     libclang_rt.builtins.a : aeabi_memset.S.obj (.text.__aeabi_memclr)
                  00001dc8    0000000c     opt3007_functions.o (.text.ti_opt3007_setSensorConversionTime100mS)
                  00001dd4    0000000c     opt3007_functions.o (.text.ti_opt3007_setSensorShutDown)
                  00001de0    0000000a     driverlib.a : dl_common.o (.text.DL_Common_delayCycles)
                  00001dea    00000002     --HOLE-- [fill = 0]
                  00001dec    00000008     libclang_rt.builtins.a : aeabi_memcpy.S.obj (.text.__aeabi_memcpy)
                  00001df4    00000004     startup_mspm0c110x_ticlang.o (.text.Reset_Handler)
                  00001df8    00000004     libc.a : pre_init.c.obj (.text._system_pre_init)
                  00001dfc    00000004            : exit.c.obj (.text:abort)

.cinit     0    00001e30    00000030     
                  00001e30    0000000c     (.cinit..data.load) [load image, compression = lzss]
                  00001e3c    0000000c     (__TI_handler_table)
                  00001e48    00000008     (.cinit..bss.load) [load image, compression = zero_init]
                  00001e50    00000010     (__TI_cinit_table)

.rodata    0    00001e00    00000030     
                  00001e00    00000014     ti_msp_dl_config.o (.rodata.gTIMER_0TimerConfig)
                  00001e14    00000014     ti_msp_dl_config.o (.rodata.gTIMER_1TimerConfig)
                  00001e28    00000003     ti_msp_dl_config.o (.rodata.gTIMER_0ClockConfig)
                  00001e2b    00000003     ti_msp_dl_config.o (.rodata.gTIMER_1ClockConfig)
                  00001e2e    00000002     ti_msp_dl_config.o (.rodata.gI2CClockConfig)

.init_array 
*          0    00000000    00000000     UNINITIALIZED

.binit     0    00000000    00000000     

.bss       0    20000000    000000a7     UNINITIALIZED
                  20000000    00000039     (.common:devReg)
                  20000039    00000003     (.common:status)
                  2000003c    00000018     (.common:dev)
                  20000054    00000010     (.common:gRxPacket)
                  20000064    0000000e     (.common:int_status)
                  20000072    0000000d     (.common:int_map)
                  2000007f    00000007     (.common:acc_cfg)
                  20000086    00000006     (.common:sens_data)
                  2000008c    00000004     (.common:gRxCount)
                  20000090    00000004     (.common:gRxLen)
                  20000094    00000004     (.common:gTxCount)
                  20000098    00000004     (.common:gTxLen)
                  2000009c    00000004     (.common:int_config)
                  200000a0    00000002     (.common:opt300checkCnt)
                  200000a2    00000001     common.o (.bss.dev_addr)
                  200000a3    00000001     (.common:gI2cControllerStatus)
                  200000a4    00000001     (.common:gTogglePolicy)
                  200000a5    00000001     (.common:rslt)
                  200000a6    00000001     (.common:sensor_ctrl)

.data      0    200000a8    00000023     UNINITIALIZED
                  200000a8    00000010     main.o (.data.gTxPacket)
                  200000b8    00000004     main.o (.data.TIMG14_IRQHandler.count)
                  200000bc    00000004     accelerometer.o (.data.x)
                  200000c0    00000004     accelerometer.o (.data.y)
                  200000c4    00000004     accelerometer.o (.data.z)
                  200000c8    00000001     accelerometer.o (.data.loop)
                  200000c9    00000001     accelerometer.o (.data.n_conf)
                  200000ca    00000001     accelerometer.o (.data.n_status)

.stack     0    200003c0    00000040     UNINITIALIZED
                  200003c0    00000004     libc.a : boot_cortex_m.c.obj (.stack)
                  200003c4    0000003c     --HOLE--

__llvm_prf_cnts 
*          0    20000000    00000000     UNINITIALIZED

__llvm_prf_bits 
*          0    20000000    00000000     UNINITIALIZED

MODULE SUMMARY

       Module                         code   ro data   rw data
       ------                         ----   -------   -------
    .\
       ti_msp_dl_config.o             412    48        0      
       startup_mspm0c110x_ticlang.o   6      192       0      
    +--+------------------------------+------+---------+---------+
       Total:                         418    240       0      
                                                              
    .\application\
       common.o                       1548   0         1      
       bma5.o                         1442   0         0      
       main.o                         584    0         113    
       bma530.o                       646    0         0      
       accelerometer.o                444    0         88     
       opt3007_hostControl.o          404    0         0      
       opt3007_registers.o            320    0         0      
       bma530_features.o              108    0         0      
       opt3007_functions.o            24     0         0      
    +--+------------------------------+------+---------+---------+
       Total:                         5520   0         202    
                                                              
    C:/ti/mspm0_sdk_2_03_00_07/source/ti/driverlib/lib/ticlang/m0p/mspm0c110x/driverlib.a
       dl_timer.o                     260    0         0      
       dl_i2c.o                       132    0         0      
       dl_sysctl_mspm0c110x.o         56     0         0      
       dl_common.o                    10     0         0      
    +--+------------------------------+------+---------+---------+
       Total:                         458    0         0      
                                                              
    C:\ti\ccs2002\ccs\tools\compiler\ti-cgt-armllvm_4.0.1.LTS\lib\armv6m-ti-none-eabi/c/libc.a
       memcpy16.S.obj                 154    0         0      
       copy_decompress_lzss.c.obj     124    0         0      
       memset16.S.obj                 98     0         0      
       autoinit.c.obj                 60     0         0      
       boot_cortex_m.c.obj            40     0         0      
       copy_zero_init.c.obj           22     0         0      
       copy_decompress_none.c.obj     18     0         0      
       exit.c.obj                     4      0         0      
       pre_init.c.obj                 4      0         0      
    +--+------------------------------+------+---------+---------+
       Total:                         524    0         0      
                                                              
    C:\ti\ccs2002\ccs\tools\compiler\ti-cgt-armllvm_4.0.1.LTS\lib\armv6m-ti-none-eabi/libclang_rt.builtins.a
       addsf3.S.obj                   216    0         0      
       mulsf3.S.obj                   140    0         0      
       aeabi_uidivmod.S.obj           64     0         0      
       floatsisf.S.obj                60     0         0      
       muldsi3.S.obj                  58     0         0      
       aeabi_memset.S.obj             12     0         0      
       aeabi_memcpy.S.obj             8      0         0      
       aeabi_div0.c.obj               2      0         0      
    +--+------------------------------+------+---------+---------+
       Total:                         560    0         0      
                                                              
       Stack:                         0      0         64     
       Linker Generated:              0      48        0      
    +--+------------------------------+------+---------+---------+
       Grand Total:                   7480   288       266    


LINKER GENERATED COPY TABLES

__TI_cinit_table @ 00001e50 records: 2, size/record: 8, table size: 16
	.data: load addr=00001e30, load size=0000000c bytes, run addr=200000a8, run size=00000023 bytes, compression=lzss
	.bss: load addr=00001e48, load size=00000008 bytes, run addr=20000000, run size=000000a7 bytes, compression=zero_init


LINKER GENERATED HANDLER TABLE

__TI_handler_table @ 00001e3c records: 3, size/record: 4, table size: 12
	index: 0, handler: __TI_decompress_lzss
	index: 1, handler: __TI_decompress_none
	index: 2, handler: __TI_zero_init


GLOBAL SYMBOLS: SORTED ALPHABETICALLY BY Name 

address   name                                   
-------   ----                                   
000010ef  ADC0_IRQHandler                        
00001dfc  C$$EXIT                                
00001de1  DL_Common_delayCycles                  
00001811  DL_I2C_fillControllerTXFIFO            
00001cf1  DL_I2C_setClockConfig                  
00001bbd  DL_SYSCTL_switchMCLKfromLFCLKtoSYSOSC  
000008b5  DL_Timer_initTimerMode                 
00001d19  DL_Timer_setClockConfig                
000010ef  DMA_IRQHandler                         
000010ef  Default_Handler                        
000010ef  GPIOA_IRQHandler                       
000010ef  GROUP0_IRQHandler                      
000010ef  HardFault_Handler                      
00000d21  I2C0_IRQHandler                        
000010ef  NMI_Handler                            
000010ef  PendSV_Handler                         
00001df5  Reset_Handler                          
000010ef  SPI0_IRQHandler                        
000010ef  SVC_Handler                            
00001bf5  SYSCFG_DL_GPIO_init                    
000018cd  SYSCFG_DL_I2C_init                     
00001a49  SYSCFG_DL_SYSCTL_init                  
00001c2d  SYSCFG_DL_TIMER_0_init                 
00001c65  SYSCFG_DL_TIMER_1_init                 
00001d35  SYSCFG_DL_init                         
00001a89  SYSCFG_DL_initPower                    
000010ef  SysTick_Handler                        
000010ef  TIMA0_IRQHandler                       
00001c9d  TIMG14_IRQHandler                      
00001d51  TIMG8_IRQHandler                       
000010ef  UART0_IRQHandler                       
20000400  __STACK_END                            
00000040  __STACK_SIZE                           
00000000  __TI_ATRegion0_region_sz               
00000000  __TI_ATRegion0_src_addr                
00000000  __TI_ATRegion0_trg_addr                
00000000  __TI_ATRegion1_region_sz               
00000000  __TI_ATRegion1_src_addr                
00000000  __TI_ATRegion1_trg_addr                
00000000  __TI_ATRegion2_region_sz               
00000000  __TI_ATRegion2_src_addr                
00000000  __TI_ATRegion2_trg_addr                
00001e50  __TI_CINIT_Base                        
00001e60  __TI_CINIT_Limit                       
00001e60  __TI_CINIT_Warm                        
00001e3c  __TI_Handler_Table_Base                
00001e48  __TI_Handler_Table_Limit               
00001b45  __TI_auto_init_nobinit_nopinit         
0000157d  __TI_decompress_lzss                   
00001dab  __TI_decompress_none                   
ffffffff  __TI_pprof_out_hndl                    
ffffffff  __TI_prof_data_size                    
ffffffff  __TI_prof_data_start                   
00000000  __TI_static_base__                     
00001d6d  __TI_zero_init_nomemset                
00000c53  __addsf3                               
00000c53  __aeabi_fadd                           
00001371  __aeabi_fmul                           
00000c49  __aeabi_fsub                           
00001b09  __aeabi_i2f                            
000018cb  __aeabi_idiv0                          
00001dbd  __aeabi_memclr                         
00001dbd  __aeabi_memclr4                        
00001dbd  __aeabi_memclr8                        
00001ded  __aeabi_memcpy                         
00001ded  __aeabi_memcpy4                        
00001ded  __aeabi_memcpy8                        
00001ac9  __aeabi_uidiv                          
00001ac9  __aeabi_uidivmod                       
ffffffff  __binit__                              
00001b09  __floatsisf                            
UNDEFED   __mpu_init                             
00001b81  __muldsi3                              
00001371  __mulsf3                               
200003c0  __stack                                
20000000  __start___llvm_prf_bits                
20000000  __start___llvm_prf_cnts                
20000000  __stop___llvm_prf_bits                 
20000000  __stop___llvm_prf_cnts                 
00000c49  __subsf3                               
00001cc9  _c_int00_noargs                        
UNDEFED   _system_post_cinit                     
00001df9  _system_pre_init                       
00001dfd  abort                                  
2000007f  acc_cfg                                
ffffffff  binit                                  
00000df5  bma530Accel_init                       
00001485  bma530_get_int_map                     
00001199  bma530_get_int_status                  
000016df  bma530_init                            
000007c9  bma530_readAccel                       
0000123d  bma530_set_int_map                     
00000ec5  bma530_set_int_status                  
0000186f  bma5_delay_us                          
00001501  bma5_get_acc                           
000013fd  bma5_get_acc_conf                      
0000174b  bma5_get_acc_conf_0                    
00000a85  bma5_get_int_conf                      
000006d9  bma5_get_regs                          
0000166f  bma5_get_sensor_status                 
00001d83  bma5_i2c_read                          
00001d97  bma5_i2c_write                         
000000c1  bma5_interface_init                    
000015f9  bma5_set_acc_conf                      
00001a05  bma5_set_acc_conf_0                    
00001045  bma5_set_int_conf                      
000019c1  bma5_set_regs                          
00001925  bma5_set_sensor_status                 
2000003c  dev                                    
20000000  devReg                                 
200000a3  gI2cControllerStatus                   
2000008c  gRxCount                               
20000090  gRxLen                                 
20000054  gRxPacket                              
200000a4  gTogglePolicy                          
20000094  gTxCount                               
20000098  gTxLen                                 
200000a8  gTxPacket                              
2000009c  int_config                             
20000072  int_map                                
20000064  int_status                             
00000000  interruptVectors                       
200000c8  loop                                   
000004b9  main                                   
000012d7  memcpy                                 
000017af  memset                                 
0000099d  mspm0c1103_I2C_read                    
000010f1  mspm0c1103_I2C_write                   
200000c9  n_conf                                 
200000ca  n_status                               
200000a0  opt300checkCnt                         
200000a5  rslt                                   
20000086  sens_data                              
200000a6  sensor_ctrl                            
20000039  status                                 
00000b69  ti_opt3007_I2C_read                    
00000f91  ti_opt3007_I2C_write                   
000005e5  ti_opt3007_assignRegistermap           
00001975  ti_opt3007_deviceRegister_write        
00001dc9  ti_opt3007_setSensorConversionTime100mS
00001dd5  ti_opt3007_setSensorShutDown           
200000bc  x                                      
200000c0  y                                      
200000c4  z                                      


GLOBAL SYMBOLS: SORTED BY Symbol Address 

address   name                                   
-------   ----                                   
00000000  __TI_ATRegion0_region_sz               
00000000  __TI_ATRegion0_src_addr                
00000000  __TI_ATRegion0_trg_addr                
00000000  __TI_ATRegion1_region_sz               
00000000  __TI_ATRegion1_src_addr                
00000000  __TI_ATRegion1_trg_addr                
00000000  __TI_ATRegion2_region_sz               
00000000  __TI_ATRegion2_src_addr                
00000000  __TI_ATRegion2_trg_addr                
00000000  __TI_static_base__                     
00000000  interruptVectors                       
00000040  __STACK_SIZE                           
000000c1  bma5_interface_init                    
000004b9  main                                   
000005e5  ti_opt3007_assignRegistermap           
000006d9  bma5_get_regs                          
000007c9  bma530_readAccel                       
000008b5  DL_Timer_initTimerMode                 
0000099d  mspm0c1103_I2C_read                    
00000a85  bma5_get_int_conf                      
00000b69  ti_opt3007_I2C_read                    
00000c49  __aeabi_fsub                           
00000c49  __subsf3                               
00000c53  __addsf3                               
00000c53  __aeabi_fadd                           
00000d21  I2C0_IRQHandler                        
00000df5  bma530Accel_init                       
00000ec5  bma530_set_int_status                  
00000f91  ti_opt3007_I2C_write                   
00001045  bma5_set_int_conf                      
000010ef  ADC0_IRQHandler                        
000010ef  DMA_IRQHandler                         
000010ef  Default_Handler                        
000010ef  GPIOA_IRQHandler                       
000010ef  GROUP0_IRQHandler                      
000010ef  HardFault_Handler                      
000010ef  NMI_Handler                            
000010ef  PendSV_Handler                         
000010ef  SPI0_IRQHandler                        
000010ef  SVC_Handler                            
000010ef  SysTick_Handler                        
000010ef  TIMA0_IRQHandler                       
000010ef  UART0_IRQHandler                       
000010f1  mspm0c1103_I2C_write                   
00001199  bma530_get_int_status                  
0000123d  bma530_set_int_map                     
000012d7  memcpy                                 
00001371  __aeabi_fmul                           
00001371  __mulsf3                               
000013fd  bma5_get_acc_conf                      
00001485  bma530_get_int_map                     
00001501  bma5_get_acc                           
0000157d  __TI_decompress_lzss                   
000015f9  bma5_set_acc_conf                      
0000166f  bma5_get_sensor_status                 
000016df  bma530_init                            
0000174b  bma5_get_acc_conf_0                    
000017af  memset                                 
00001811  DL_I2C_fillControllerTXFIFO            
0000186f  bma5_delay_us                          
000018cb  __aeabi_idiv0                          
000018cd  SYSCFG_DL_I2C_init                     
00001925  bma5_set_sensor_status                 
00001975  ti_opt3007_deviceRegister_write        
000019c1  bma5_set_regs                          
00001a05  bma5_set_acc_conf_0                    
00001a49  SYSCFG_DL_SYSCTL_init                  
00001a89  SYSCFG_DL_initPower                    
00001ac9  __aeabi_uidiv                          
00001ac9  __aeabi_uidivmod                       
00001b09  __aeabi_i2f                            
00001b09  __floatsisf                            
00001b45  __TI_auto_init_nobinit_nopinit         
00001b81  __muldsi3                              
00001bbd  DL_SYSCTL_switchMCLKfromLFCLKtoSYSOSC  
00001bf5  SYSCFG_DL_GPIO_init                    
00001c2d  SYSCFG_DL_TIMER_0_init                 
00001c65  SYSCFG_DL_TIMER_1_init                 
00001c9d  TIMG14_IRQHandler                      
00001cc9  _c_int00_noargs                        
00001cf1  DL_I2C_setClockConfig                  
00001d19  DL_Timer_setClockConfig                
00001d35  SYSCFG_DL_init                         
00001d51  TIMG8_IRQHandler                       
00001d6d  __TI_zero_init_nomemset                
00001d83  bma5_i2c_read                          
00001d97  bma5_i2c_write                         
00001dab  __TI_decompress_none                   
00001dbd  __aeabi_memclr                         
00001dbd  __aeabi_memclr4                        
00001dbd  __aeabi_memclr8                        
00001dc9  ti_opt3007_setSensorConversionTime100mS
00001dd5  ti_opt3007_setSensorShutDown           
00001de1  DL_Common_delayCycles                  
00001ded  __aeabi_memcpy                         
00001ded  __aeabi_memcpy4                        
00001ded  __aeabi_memcpy8                        
00001df5  Reset_Handler                          
00001df9  _system_pre_init                       
00001dfc  C$$EXIT                                
00001dfd  abort                                  
00001e3c  __TI_Handler_Table_Base                
00001e48  __TI_Handler_Table_Limit               
00001e50  __TI_CINIT_Base                        
00001e60  __TI_CINIT_Limit                       
00001e60  __TI_CINIT_Warm                        
20000000  __start___llvm_prf_bits                
20000000  __start___llvm_prf_cnts                
20000000  __stop___llvm_prf_bits                 
20000000  __stop___llvm_prf_cnts                 
20000000  devReg                                 
20000039  status                                 
2000003c  dev                                    
20000054  gRxPacket                              
20000064  int_status                             
20000072  int_map                                
2000007f  acc_cfg                                
20000086  sens_data                              
2000008c  gRxCount                               
20000090  gRxLen                                 
20000094  gTxCount                               
20000098  gTxLen                                 
2000009c  int_config                             
200000a0  opt300checkCnt                         
200000a3  gI2cControllerStatus                   
200000a4  gTogglePolicy                          
200000a5  rslt                                   
200000a6  sensor_ctrl                            
200000a8  gTxPacket                              
200000bc  x                                      
200000c0  y                                      
200000c4  z                                      
200000c8  loop                                   
200000c9  n_conf                                 
200000ca  n_status                               
200003c0  __stack                                
20000400  __STACK_END                            
ffffffff  __TI_pprof_out_hndl                    
ffffffff  __TI_prof_data_size                    
ffffffff  __TI_prof_data_start                   
ffffffff  __binit__                              
ffffffff  binit                                  
UNDEFED   __mpu_init                             
UNDEFED   _system_post_cinit                     

[144 symbols]
