******************************************************************************
            TI ARM Clang Linker PC v4.0.1                      
******************************************************************************
>> Linked Sun Jan  5 17:35:31 2025

OUTPUT FILE NAME:   <i2c_controller_rw_multibyte_fifo_interrupts_LP_MSPM0C1104_nortos_ticlang.out>
ENTRY POINT SYMBOL: "_c_int00_noargs"  address: 000004b9


MEMORY CONFIGURATION

         name            origin    length      used     unused   attr    fill
----------------------  --------  ---------  --------  --------  ----  --------
  FLASH                 00000000   00002000  000005c0  00001a40  R  X
  SRAM                  20000000   00000400  00000072  0000038e  RW X
  BCR_CONFIG            41c00000   00000080  00000000  00000080  R   


SEGMENT ALLOCATION MAP

run origin  load origin   length   init length attrs members
----------  ----------- ---------- ----------- ----- -------
00000000    00000000    000005c0   000005c0    r-x
  00000000    00000000    000000c0   000000c0    r-- .intvecs
  000000c0    000000c0    000004c8   000004c8    r-x .text
  00000588    00000588    00000008   00000008    r-- .rodata
  00000590    00000590    00000030   00000030    r-- .cinit
20000000    20000000    00000032   00000000    rw-
  20000000    20000000    00000022   00000000    rw- .bss
  20000022    20000022    00000010   00000000    rw- .data
200003c0    200003c0    00000040   00000000    rw-
  200003c0    200003c0    00000040   00000000    rw- .stack


SECTION ALLOCATION MAP

 output                                  attributes/
section   page    origin      length       input sections
--------  ----  ----------  ----------   ----------------
.intvecs   0    00000000    000000c0     
                  00000000    000000c0     startup_mspm0c110x_ticlang.o (.intvecs)

.text      0    000000c0    000004c8     
                  000000c0    000000d4     main.o (.text.I2C0_IRQHandler)
                  00000194    000000a0     main.o (.text.main)
                  00000234    0000009a     libc.a : memcpy16.S.obj (.text:memcpy)
                  000002ce    00000002     startup_mspm0c110x_ticlang.o (.text.Default_Handler)
                  000002d0    0000007c     libc.a : copy_decompress_lzss.c.obj (.text:decompress:lzss)
                  0000034c    0000006c     ti_msp_dl_config.o (.text.SYSCFG_DL_I2C_init)
                  000003b8    0000005e     driverlib.a : dl_i2c.o (.text.DL_I2C_fillControllerTXFIFO)
                  00000416    00000002     --HOLE-- [fill = 0]
                  00000418    0000003c     libc.a : autoinit.c.obj (.text:__TI_auto_init_nobinit_nopinit)
                  00000454    00000038     ti_msp_dl_config.o (.text.SYSCFG_DL_GPIO_init)
                  0000048c    0000002c     ti_msp_dl_config.o (.text.SYSCFG_DL_initPower)
                  000004b8    00000028     libc.a : boot_cortex_m.c.obj (.text:_c_int00_noargs)
                  000004e0    00000026     driverlib.a : dl_i2c.o (.text.DL_I2C_setClockConfig)
                  00000506    00000002     --HOLE-- [fill = 0]
                  00000508    00000024     ti_msp_dl_config.o (.text.SYSCFG_DL_SYSCTL_init)
                  0000052c    00000016     libc.a : copy_zero_init.c.obj (.text:decompress:ZI:__TI_zero_init_nomemset)
                  00000542    00000014     ti_msp_dl_config.o (.text.SYSCFG_DL_init)
                  00000556    00000012     libc.a : copy_decompress_none.c.obj (.text:decompress:none)
                  00000568    0000000a     driverlib.a : dl_common.o (.text.DL_Common_delayCycles)
                  00000572    00000002     --HOLE-- [fill = 0]
                  00000574    00000008     libclang_rt.builtins.a : aeabi_memcpy.S.obj (.text.__aeabi_memcpy)
                  0000057c    00000004     startup_mspm0c110x_ticlang.o (.text.Reset_Handler)
                  00000580    00000004     libc.a : pre_init.c.obj (.text._system_pre_init)
                  00000584    00000004            : exit.c.obj (.text:abort)

.cinit     0    00000590    00000030     
                  00000590    0000000c     (__TI_handler_table)
                  0000059c    00000008     (.cinit..bss.load) [load image, compression = zero_init]
                  000005a4    00000007     (.cinit..data.load) [load image, compression = lzss]
                  000005ab    00000001     --HOLE-- [fill = 0]
                  000005ac    00000010     (__TI_cinit_table)
                  000005bc    00000004     --HOLE-- [fill = 0]

.rodata    0    00000588    00000008     
                  00000588    00000002     ti_msp_dl_config.o (.rodata.gI2CClockConfig)
                  0000058a    00000006     --HOLE-- [fill = 0]

.init_array 
*          0    00000000    00000000     UNINITIALIZED

.binit     0    00000000    00000000     

.bss       0    20000000    00000022     UNINITIALIZED
                  20000000    00000010     (.common:gRxPacket)
                  20000010    00000004     (.common:gRxCount)
                  20000014    00000004     (.common:gRxLen)
                  20000018    00000004     (.common:gTxCount)
                  2000001c    00000004     (.common:gTxLen)
                  20000020    00000001     (.common:bflag)
                  20000021    00000001     (.common:gI2cControllerStatus)

.data      0    20000022    00000010     UNINITIALIZED
                  20000022    00000010     main.o (.data.gTxPacket)

.stack     0    200003c0    00000040     UNINITIALIZED
                  200003c0    00000004     libc.a : boot_cortex_m.c.obj (.stack)
                  200003c4    0000003c     --HOLE--

__llvm_prf_cnts 
*          0    20000000    00000000     UNINITIALIZED

__llvm_prf_bits 
*          0    20000000    00000000     UNINITIALIZED

MODULE SUMMARY

       Module                         code   ro data   rw data
       ------                         ----   -------   -------
    .\
       ti_msp_dl_config.o             264    2         0      
       startup_mspm0c110x_ticlang.o   6      192       0      
    +--+------------------------------+------+---------+---------+
       Total:                         270    194       0      
                                                              
    .\application\
       main.o                         372    0         50     
    +--+------------------------------+------+---------+---------+
       Total:                         372    0         50     
                                                              
    C:/ti/mspm0_sdk_2_03_00_07/source/ti/driverlib/lib/ticlang/m0p/mspm0c110x/driverlib.a
       dl_i2c.o                       132    0         0      
       dl_common.o                    10     0         0      
    +--+------------------------------+------+---------+---------+
       Total:                         142    0         0      
                                                              
    C:\ti\ccs2001\ccs\tools\compiler\ti-cgt-armllvm_4.0.1.LTS\lib\armv6m-ti-none-eabi/c/libc.a
       memcpy16.S.obj                 154    0         0      
       copy_decompress_lzss.c.obj     124    0         0      
       autoinit.c.obj                 60     0         0      
       boot_cortex_m.c.obj            40     0         0      
       copy_zero_init.c.obj           22     0         0      
       copy_decompress_none.c.obj     18     0         0      
       exit.c.obj                     4      0         0      
       pre_init.c.obj                 4      0         0      
    +--+------------------------------+------+---------+---------+
       Total:                         426    0         0      
                                                              
    C:\ti\ccs2001\ccs\tools\compiler\ti-cgt-armllvm_4.0.1.LTS\lib\armv6m-ti-none-eabi/libclang_rt.builtins.a
       aeabi_memcpy.S.obj             8      0         0      
    +--+------------------------------+------+---------+---------+
       Total:                         8      0         0      
                                                              
       Stack:                         0      0         64     
       Linker Generated:              0      43        0      
    +--+------------------------------+------+---------+---------+
       Grand Total:                   1218   237       114    


LINKER GENERATED COPY TABLES

__TI_cinit_table @ 000005ac records: 2, size/record: 8, table size: 16
	.bss: load addr=0000059c, load size=00000008 bytes, run addr=20000000, run size=00000022 bytes, compression=zero_init
	.data: load addr=000005a4, load size=00000007 bytes, run addr=20000022, run size=00000010 bytes, compression=lzss


LINKER GENERATED HANDLER TABLE

__TI_handler_table @ 00000590 records: 3, size/record: 4, table size: 12
	index: 0, handler: __TI_decompress_lzss
	index: 1, handler: __TI_decompress_none
	index: 2, handler: __TI_zero_init


GLOBAL SYMBOLS: SORTED ALPHABETICALLY BY Name 

address   name                          
-------   ----                          
000002cf  ADC0_IRQHandler               
00000584  C$$EXIT                       
00000569  DL_Common_delayCycles         
000003b9  DL_I2C_fillControllerTXFIFO   
000004e1  DL_I2C_setClockConfig         
000002cf  DMA_IRQHandler                
000002cf  Default_Handler               
000002cf  GPIOA_IRQHandler              
000002cf  GROUP0_IRQHandler             
000002cf  HardFault_Handler             
000000c1  I2C0_IRQHandler               
000002cf  NMI_Handler                   
000002cf  PendSV_Handler                
0000057d  Reset_Handler                 
000002cf  SPI0_IRQHandler               
000002cf  SVC_Handler                   
00000455  SYSCFG_DL_GPIO_init           
0000034d  SYSCFG_DL_I2C_init            
00000509  SYSCFG_DL_SYSCTL_init         
00000543  SYSCFG_DL_init                
0000048d  SYSCFG_DL_initPower           
000002cf  SysTick_Handler               
000002cf  TIMA0_IRQHandler              
000002cf  TIMG14_IRQHandler             
000002cf  TIMG8_IRQHandler              
000002cf  UART0_IRQHandler              
20000400  __STACK_END                   
00000040  __STACK_SIZE                  
00000000  __TI_ATRegion0_region_sz      
00000000  __TI_ATRegion0_src_addr       
00000000  __TI_ATRegion0_trg_addr       
00000000  __TI_ATRegion1_region_sz      
00000000  __TI_ATRegion1_src_addr       
00000000  __TI_ATRegion1_trg_addr       
00000000  __TI_ATRegion2_region_sz      
00000000  __TI_ATRegion2_src_addr       
00000000  __TI_ATRegion2_trg_addr       
000005ac  __TI_CINIT_Base               
000005bc  __TI_CINIT_Limit              
000005bc  __TI_CINIT_Warm               
00000590  __TI_Handler_Table_Base       
0000059c  __TI_Handler_Table_Limit      
00000419  __TI_auto_init_nobinit_nopinit
000002d1  __TI_decompress_lzss          
00000557  __TI_decompress_none          
ffffffff  __TI_pprof_out_hndl           
ffffffff  __TI_prof_data_size           
ffffffff  __TI_prof_data_start          
00000000  __TI_static_base__            
0000052d  __TI_zero_init_nomemset       
00000575  __aeabi_memcpy                
00000575  __aeabi_memcpy4               
00000575  __aeabi_memcpy8               
ffffffff  __binit__                     
UNDEFED   __mpu_init                    
200003c0  __stack                       
20000000  __start___llvm_prf_bits       
20000000  __start___llvm_prf_cnts       
20000000  __stop___llvm_prf_bits        
20000000  __stop___llvm_prf_cnts        
000004b9  _c_int00_noargs               
UNDEFED   _system_post_cinit            
00000581  _system_pre_init              
00000585  abort                         
20000020  bflag                         
ffffffff  binit                         
20000021  gI2cControllerStatus          
20000010  gRxCount                      
20000014  gRxLen                        
20000000  gRxPacket                     
20000018  gTxCount                      
2000001c  gTxLen                        
20000022  gTxPacket                     
00000000  interruptVectors              
00000195  main                          
00000235  memcpy                        


GLOBAL SYMBOLS: SORTED BY Symbol Address 

address   name                          
-------   ----                          
00000000  __TI_ATRegion0_region_sz      
00000000  __TI_ATRegion0_src_addr       
00000000  __TI_ATRegion0_trg_addr       
00000000  __TI_ATRegion1_region_sz      
00000000  __TI_ATRegion1_src_addr       
00000000  __TI_ATRegion1_trg_addr       
00000000  __TI_ATRegion2_region_sz      
00000000  __TI_ATRegion2_src_addr       
00000000  __TI_ATRegion2_trg_addr       
00000000  __TI_static_base__            
00000000  interruptVectors              
00000040  __STACK_SIZE                  
000000c1  I2C0_IRQHandler               
00000195  main                          
00000235  memcpy                        
000002cf  ADC0_IRQHandler               
000002cf  DMA_IRQHandler                
000002cf  Default_Handler               
000002cf  GPIOA_IRQHandler              
000002cf  GROUP0_IRQHandler             
000002cf  HardFault_Handler             
000002cf  NMI_Handler                   
000002cf  PendSV_Handler                
000002cf  SPI0_IRQHandler               
000002cf  SVC_Handler                   
000002cf  SysTick_Handler               
000002cf  TIMA0_IRQHandler              
000002cf  TIMG14_IRQHandler             
000002cf  TIMG8_IRQHandler              
000002cf  UART0_IRQHandler              
000002d1  __TI_decompress_lzss          
0000034d  SYSCFG_DL_I2C_init            
000003b9  DL_I2C_fillControllerTXFIFO   
00000419  __TI_auto_init_nobinit_nopinit
00000455  SYSCFG_DL_GPIO_init           
0000048d  SYSCFG_DL_initPower           
000004b9  _c_int00_noargs               
000004e1  DL_I2C_setClockConfig         
00000509  SYSCFG_DL_SYSCTL_init         
0000052d  __TI_zero_init_nomemset       
00000543  SYSCFG_DL_init                
00000557  __TI_decompress_none          
00000569  DL_Common_delayCycles         
00000575  __aeabi_memcpy                
00000575  __aeabi_memcpy4               
00000575  __aeabi_memcpy8               
0000057d  Reset_Handler                 
00000581  _system_pre_init              
00000584  C$$EXIT                       
00000585  abort                         
00000590  __TI_Handler_Table_Base       
0000059c  __TI_Handler_Table_Limit      
000005ac  __TI_CINIT_Base               
000005bc  __TI_CINIT_Limit              
000005bc  __TI_CINIT_Warm               
20000000  __start___llvm_prf_bits       
20000000  __start___llvm_prf_cnts       
20000000  __stop___llvm_prf_bits        
20000000  __stop___llvm_prf_cnts        
20000000  gRxPacket                     
20000010  gRxCount                      
20000014  gRxLen                        
20000018  gTxCount                      
2000001c  gTxLen                        
20000020  bflag                         
20000021  gI2cControllerStatus          
20000022  gTxPacket                     
200003c0  __stack                       
20000400  __STACK_END                   
ffffffff  __TI_pprof_out_hndl           
ffffffff  __TI_prof_data_size           
ffffffff  __TI_prof_data_start          
ffffffff  __binit__                     
ffffffff  binit                         
UNDEFED   __mpu_init                    
UNDEFED   _system_post_cinit            

[76 symbols]
